******************************************************************************
             TMS320C2000 Linker PC v25.11.1                    
******************************************************************************
>> Linked Tue Sep  1 08:57:38 2026

OUTPUT FILE NAME:   <Hybrid30K_F28P65x_CPU2.out>
ENTRY POINT SYMBOL: "code_start"  address: 00000000


MEMORY CONFIGURATION

         name            origin    length      used     unused   attr    fill
----------------------  --------  ---------  --------  --------  ----  --------
  BEGIN                 00000000   00000002  00000002  00000000  RWIX
  BOOT_RSVD             00000002   000001af  00000000  000001af  RWIX
  RAMM0                 000001b1   0000024f  00000028  00000227  RWIX
  RAMM1_STACK           00000400   000003f8  000003f8  00000000  RWIX
  RAMM1_GUARD           000007f8   00000008  00000000  00000008  RWIX
  CLATOCPURAM           00001480   00000080  00000000  00000080  RWIX
  CPUTOCLARAM           00001500   00000080  00000000  00000080  RWIX
  CLATODMARAM           00001680   00000080  00000000  00000080  RWIX
  DMATOCLARAM           00001700   00000080  00000000  00000080  RWIX
  RAMD2_STACK           00008000   00001000  00000d30  000002d0  RWIX
  RAMD2_WORK            00009000   00001000  00001000  00000000  RWIX
  RAMD3_RAMFUNC         0000a000   00001000  00001000  00000000  RWIX
  RAMD3_DATA            0000b000   00001000  00000fff  00000001  RWIX
  RAMGS2_VALIDATION     00014000   00002000  0000153a  00000ac6  RWIX
  RAMGS3                00016000   00002000  00002000  00000000  RWIX
  RAMGS4                00018000   00002000  00002000  00000000  RWIX
  CPU1TOCPU2RAM         0003a000   00000400  0000014a  000002b6  RWIX
  CPU2TOCPU1RAM         0003b000   00000400  00000144  000002bc  RWIX
  CANA_MSG_RAM          00049000   00000800  00000000  00000800  RWIX
  CANB_MSG_RAM          0004b000   00000800  00000000  00000800  RWIX
  RESET                 003fffc0   00000002  00000000  00000002  RWIX


SECTION ALLOCATION MAP

 output                                  attributes/
section   page    origin      length       input sections
--------  ----  ----------  ----------   ----------------
codestart 
*          0    00000000    00000002     
                  00000000    00000002     f28p65x_codestartbranch.obj (codestart)

.cinit     0    000001b2    00000028     
                  000001b2    0000000d     (.cinit..data.load) [load image, compression = lzss]
                  000001bf    00000001     --HOLE-- [fill = 0]
                  000001c0    00000006     (__TI_handler_table)
                  000001c6    00000004     (.cinit..bss.load) [load image, compression = zero_init]
                  000001ca    00000004     (.cinit..freertosStaticStack.load) [load image, compression = zero_init]
                  000001ce    0000000c     (__TI_cinit_table)

.freertosStaticStack 
*          0    00008000    00000c00     UNINITIALIZED
                  00008000    00000c00     cpu2_rtos.obj (.freertosStaticStack)

.cpu2RtosConst 
*          0    00008c00    00000130     
                  00008c00    000000bc     cpu2_rtos.obj (.const)
                  00008cbc    0000003b     cpu2_rtos.obj (.const:.string)
                  00008cf7    00000001     --HOLE-- [fill = 0]
                  00008cf8    00000038     cpu2_rtos.obj (.const:s_astCpu2RtosTaskCfg)

.uartbDma 
*          0    00009000    00000140     UNINITIALIZED
                  00009000    00000140     board_uartb_dma.obj (.uartbDma)

.TI.ramfunc 
*          0    0000a000    00000004     
                  0000a000    00000004     driverlib.lib : sysctl.obj (.TI.ramfunc)

.reset     0    003fffc0    00000000     DSECT

.stack     0    00000400    000003f8     UNINITIALIZED
                  00000400    000003f8     --HOLE--

.bss       0    0000b000    00000ef2     UNINITIALIZED
                  0000b000    00000382     cpu2_calc.obj (.bss)
                  0000b382    00000032     tasks.obj (.bss:pxReadyTasksLists)
                  0000b3b4    0000000c     cpu2_safety.obj (.bss)
                  0000b3c0    000002de     cpu2_product_validation.obj (.bss)
                  0000b69e    00000020     cpu2_rtos.obj (.bss:s_astCpu2CommQueueStorage)
                  0000b6be    00000002     ipc_port.obj (.bss)
                  0000b6c0    0000022e     cpu2_core_comm.obj (.bss)
                  0000b8ee    0000000a     bsw_core_err.obj (.bss)
                  0000b8f8    00000007     cpu2_relay_control.obj (.bss)
                  0000b8ff    00000001     --HOLE--
                  0000b900    000001ee     cpu2_rtos.obj (.bss)
                  0000baee    00000004     board_uartb_dma.obj (.bss:s_ulBoardUartBRxReadWords)
                  0000baf2    00000002     rtm_cpu2_param.obj (.bss)
                  0000baf4    00000002     tasks.obj (.bss:xIdleTaskHandles)
                  0000baf6    0000000a     --HOLE--
                  0000bb00    000000e4     cpu2_param_table.obj (.bss)
                  0000bbe4    0000001c     cpu2_param.obj (.bss:retain)
                  0000bc00    000000de     cpu2_dk9_mil_validation.obj (.bss)
                  0000bcde    0000001e     board_uartb_dma.obj (.bss)
                  0000bcfc    00000004     --HOLE--
                  0000bd00    00000066     cpu2_param.obj (.bss)
                  0000bd66    0000001a     --HOLE--
                  0000bd80    0000005e     cpu2_validation.obj (.bss)
                  0000bdde    00000022     --HOLE--
                  0000be00    00000058     cpu2_monitor_backend.obj (.bss)
                  0000be58    00000028     --HOLE--
                  0000be80    00000046     core_msg_cpu2.obj (.bss)
                  0000bec6    0000002c     tasks.obj (.bss)

.init_array 
*          0    000001b1    00000000     UNINITIALIZED

.data      0    0000bef2    0000001d     UNINITIALIZED
                  0000bef2    0000000e     tasks.obj (.data)
                  0000bf00    00000006     rts2800_fpu64_eabi.lib : exit.c.obj (.data)
                  0000bf06    00000004     port.obj (.data)
                  0000bf0a    00000002     rts2800_fpu64_eabi.lib : _lock.c.obj (.data:_lock)
                  0000bf0c    00000002                            : _lock.c.obj (.data:_unlock)
                  0000bf0e    00000001     tasks.obj (.data:xYieldPendings)

.const.1   0    0000bf10    000000f0     
                  0000bf10    000000c0     logic_state_machine.obj (.const:s_stLogicTransitionTable)
                  0000bfd0    00000030     logic_state_machine.obj (.const:s_stLogicStateTable)

.const.2   0    00014000    00000d6c     
                  00014000    00000720     cpu2_param_table.obj (.const:g_stRtmCpu2ParamLocalTable)
                  00014720    0000001a     logic_state_machine.obj (.const)
                  0001473a    00000005     cpu2_monitor_backend.obj (.const:$P$T0$1)
                  0001473f    00000001     cpu2_monitor_backend_map.obj (.const)
                  00014740    00000256     logic_frt.obj (.const)
                  00014996    00000026     cpu2_safety.obj (.const)
                  000149bc    00000004     rtm_cpu2_param.obj (.const)
                  000149c0    0000022a     cpu2_core_comm.obj (.const)
                  00014bea    00000014     tasks.obj (.const:ucExpectedStackBytes$1)
                  00014bfe    00000002     cpu2_monitor_backend.obj (.const:$P$T6$5)
                  00014c00    00000150     cpu2_product_validation.obj (.const)
                  00014d50    0000000a     bsw_state_machine.obj (.const)
                  00014d5a    00000008     cpu2_param_table.obj (.const:retain)
                  00014d62    00000007     cpu2_relay_control.obj (.const)
                  00014d69    00000002     cpu2_param_table.obj (.const)
                  00014d6b    00000001     tasks.obj (.const)

.const.3   0    00014d80    00000520     
                  00014d80    0000010c     cpu2_param.obj (.const)
                  00014e8c    00000108     cpu2_monitor_backend_map.obj (.const:g_astCpu2MonitorVariableMap)
                  00014f94    000000a5     tasks.obj (.const:.string)
                  00015039    00000001     --HOLE-- [fill = 0]
                  0001503a    0000009f     queue.obj (.const:.string)
                  000150d9    00000001     --HOLE-- [fill = 0]
                  000150da    00000098     driverlib.lib : uart.obj (.const:.string)
                  00015172    00000097                   : dma.obj (.const:.string)
                  00015209    00000001     --HOLE-- [fill = 0]
                  0001520a    00000096     cpu2_monitor_transport.obj (.const:.string)

.const.4   0    000152c0    0000008c     
                  000152c0    0000008c     cpu2_monitor_backend.obj (.const)

.const.5   0    00015380    0000006c     
                  00015380    0000006c     core_msg_cpu2.obj (.const)

.const.6   0    00015400    000000b0     
                  00015400    00000060     ctrl_voltage_rms.obj (.const)
                  00015460    00000050     driverlib.lib : cputimer.obj (.const:.string)

.const.7   0    000154c0    0000008e     
                  000154c0    00000049     cpu2_frt.obj (.const)
                  00015509    00000001     --HOLE-- [fill = 0]
                  0001550a    00000044     driverlib.lib : ipc.obj (.const:IPC_Instance)

.const.8   0    00015580    00000078     
                  00015580    00000040     cpu2_calc.obj (.const)
                  000155c0    00000038     cpu2_validation.obj (.const)

MSGRAM_CPU1_TO_CPU2 
*          0    0003a000    00000148     UNINITIALIZED
                  0003a000    00000094     core_msg_storage.obj (MSGRAM_CPU1_TO_CPU2)
                  0003a094    00000016     core_state.obj (MSGRAM_CPU1_TO_CPU2)
                  0003a0aa    00000016     --HOLE--
                  0003a0c0    00000088     driverlib.lib : ipc.obj (MSGRAM_CPU1_TO_CPU2)

MSGRAM_CPU1_TO_CPU2_BOOT_INJECT 
*          0    0003a148    00000002     UNINITIALIZED
                  0003a148    00000002     core_state.obj (MSGRAM_CPU1_TO_CPU2_BOOT_INJECT)

MSGRAM_CPU2_TO_CPU1 
*          0    0003b000    00000144     UNINITIALIZED
                  0003b000    00000088     driverlib.lib : ipc.obj (MSGRAM_CPU2_TO_CPU1)
                  0003b088    00000016     core_state.obj (MSGRAM_CPU2_TO_CPU1)
                  0003b09e    00000022     --HOLE--
                  0003b0c0    00000084     core_msg_storage.obj (MSGRAM_CPU2_TO_CPU1)

.text.1    0    00009140    00000ec0     
                  00009140    0000009e     logic_frt.obj (.text:prvLOGIC_Frt_DelayAvgRun)
                  000091de    0000009d     cpu2_logic.obj (.text:CPU2_Logic_Run1ms)
                  0000927b    0000009d     driverlib.lib : dma.obj (.text:DMA_configMode)
                  00009318    0000009b     tasks.obj (.text:xTaskIncrementTick)
                  000093b3    00000099     cpu2_core_comm.obj (.text:CPU2_CoreComm_RxStatus_Run)
                  0000944c    0000008f     cpu2_rtos.obj (.text:prvCPU2_Rtos_LogicTask)
                  000094db    0000008d     board_uartb_dma.obj (.text:BOARD_UartB_Backend_Init)
                  00009568    00000087     cpu2_core_comm.obj (.text:CPU2_CoreComm_FastExchange_Isr)
                  000095ef    00000087     cpu2_core_comm.obj (.text:CPU2_CoreComm_FastRawBlock_Capture)
                  00009676    00000086     legacy_osc_protocol.obj (.text:CPU2_LegacyOsc_Parser_Push)
                  000096fc    00000086     cpu2_param.obj (.text:CPU2_Param_Init)
                  00009782    00000086     cpu2_safety.obj (.text:CPU2_Safety_Run1ms)
                  00009808    0000007f     cpu2_core_comm.obj (.text:CPU2_CoreComm_Init)
                  00009887    0000007e     tasks.obj (.text:xTaskRemoveFromEventList)
                  00009905    0000007c     cpu2_product_validation.obj (.text:CPU2_Product_FaultTask_Run)
                  00009981    00000079     cpu2_core_comm.obj (.text:CPU2_CoreComm_MeasurementDiag_Update)
                  000099fa    00000077     rtm_cpu2_param.obj (.text:prvRTM_Cpu2Param_ConfigRangeIsValid)
                  00009a71    00000076     core_msg_cpu2.obj (.text:COREMSG_SlowStatusCpu2_Receive)
                  00009ae7    00000073     cpu2_monitor_backend.obj (.text:prvCPU2_Monitor_DiagnosticRead)
                  00009b5a    00000072     cpu2_product_validation.obj (.text:CPU2_Product_EmsTask_Run)
                  00009bcc    00000071     cpu2_core_comm.obj (.text:CPU2_CoreComm_Update)
                  00009c3d    00000070     logic_frt.obj (.text:LOGIC_Frt_ConfigValidate)
                  00009cad    0000006f     board_uartb_dma.obj (.text:prvBOARD_UartB_Isr)
                  00009d1c    0000006d     board_uartb_dma.obj (.text:BOARD_UartB_RxTake)
                  00009d89    0000006d     queue.obj (.text:xQueueGenericReset)
                  00009df6    00000069     core_msg_cpu2.obj (.text:COREMSG_FastInstantCpu2_Receive)
                  00009e5f    00000069     cpu2_monitor_backend.obj (.text:prvCPU2_Monitor_C1Respond)
                  00009ec8    00000066     cpu2_param.obj (.text:CPU2_Param_Boot_Init)
                  00009f2e    00000066     cpu2_rtos.obj (.text:prvCPU2_Rtos_CommTask)
                  00009f94    00000065     cpu2_param.obj (.text:CPU2_Param_Run1ms)
                  00009ff9    00000007     boot_sync.obj (.text:BOOTSYNC_Cpu2_MarkAppInitOk)

.text.2    0    0000a004    00000ffc     
                  0000a004    00000065     cpu2_rtos.obj (.text:CPU2_Rtos_Init)
                  0000a069    00000065     queue.obj (.text:xQueueGenericSendFromISR)
                  0000a0ce    00000064     cpu2_param.obj (.text:prvCPU2_Param_RatedCandidate_Check)
                  0000a132    00000062     board_uartb_dma.obj (.text:prvBOARD_UartB_DmaRxConfigure)
                  0000a194    00000062     tasks.obj (.text:prvInitialiseNewTask)
                  0000a1f6    00000061     logic_frt.obj (.text:prvLOGIC_Frt_RecoveryStep)
                  0000a257    0000005f     cpu2_frt.obj (.text:prvCPU2_Frt_Config_Sync)
                  0000a2b6    0000005e     ctrl_voltage_rms.obj (.text:CTRL_VoltRms_Run)
                  0000a314    0000005e     cpu2_product_validation.obj (.text:prvCPU2_Product_VoltageRmsConfig_Build)
                  0000a372    0000005d     driverlib.lib : uart.obj (.text:UART_setConfig)
                  0000a3cf    0000005d     cpu2_frt.obj (.text:prvCPU2_Frt_GridSeq_Q12ToLogicPeak)
                  0000a42c    0000005d     port.obj (.text:pxPortInitialiseStack)
                  0000a489    0000005c     tasks.obj (.text:prvAddCurrentTaskToDelayedList)
                  0000a4e5    0000005c     board_uartb_dma.obj (.text:prvBOARD_UartB_DmaTxConfigure)
                  0000a541    0000005c     cpu2_product_validation.obj (.text:prvCPU2_Product_MeasurementInput_Update)
                  0000a59d    0000005b     tasks.obj (.text:prvAddNewTaskToReadyList)
                  0000a5f8    0000005b     logic_frt.obj (.text:prvLOGIC_Frt_CaptureEvent)
                  0000a653    00000057     core_msg_access.obj (.text:COREMSG_Access_FastInstant_Copy)
                  0000a6aa    00000057     core_msg_access.obj (.text:COREMSG_Access_FastInstant_ReadShared)
                  0000a701    00000057     cpu2_validation.obj (.text:CPU2_Validation_Watch_Publish)
                  0000a758    00000057     board_uartb_dma.obj (.text:prvBOARD_UartB_TxDmaIsr)
                  0000a7af    00000056     legacy_osc_protocol.obj (.text:CPU2_LegacyOsc_FrameEncode)
                  0000a805    00000055     tasks.obj (.text:vTaskSwitchContext)
                  0000a85a    00000053     cpu2_calc.obj (.text:prvCPU2_Calc_RmsState_Reset)
                  0000a8ad    00000051     tasks.obj (.text:xTaskDelayUntil)
                  0000a8fe    00000050     board_uartb_dma.obj (.text:BOARD_UartB_TxSubmit)
                  0000a94e    00000050     boot_sync.obj (.text:BOOTSYNC_Cpu2_WaitCpu1Release)
                  0000a99e    00000050     cpu2_param.obj (.text:prvCPU2_Param_RatedView_Store)
                  0000a9ee    0000004f     cpu2_param.obj (.text:CPU2_Param_MeasView_Get)
                  0000aa3d    0000004f     cpu2_param.obj (.text:prvCPU2_Param_ControlCandidate_Check)
                  0000aa8c    0000004d     bsw_state_machine.obj (.text:BSW_StateMachine_Run)
                  0000aad9    0000004c     cpu2_product_validation.obj (.text:prvCPU2_Product_ValidationWatch_Update)
                  0000ab25    0000004c     rtm_cpu2_param.obj (.text:prvRTM_Cpu2Param_TypeRangeIsValid)
                  0000ab71    0000004b     rtm_cpu2_param.obj (.text:RTM_Cpu2Param_Init)
                  0000abbc    0000004a     cpu2_monitor_backend.obj (.text:prvCPU2_Monitor_SnapshotValue)
                  0000ac06    00000049     board_cpu2.obj (.text:BOARD_DelayUs)
                  0000ac4f    00000049     cpu2_validation.obj (.text:CPU2_Validation_ControlCommand_Take)
                  0000ac98    00000049     cpu2_rtos.obj (.text:prvCPU2_Rtos_EmsTask)
                  0000ace1    00000049     cpu2_rtos.obj (.text:prvCPU2_Rtos_FaultTask)
                  0000ad2a    00000048     cpu2_calc.obj (.text:CPU2_Calc_DiagGet)
                  0000ad72    00000048     cpu2_rtos.obj (.text:prvCPU2_Rtos_TaskCreateAll)
                  0000adba    00000048     tasks.obj (.text:prvCreateStaticTask)
                  0000ae02    00000047     cpu2_rtos.obj (.text:prvCPU2_Rtos_StackWatch_Update)
                  0000ae49    00000046     driverlib.lib : dma.obj (.text:DMA_configWrap)
                  0000ae8f    00000044     cpu2_core_comm.obj (.text:CPU2_CoreComm_FastRawBlock_Take)
                  0000aed3    00000044     utils_pi.obj (.text:UTILS_Pi_RunError)
                  0000af17    00000044     ctrl_voltage_rms.obj (.text:prvCTRL_VoltRms_Phase_Run)
                  0000af5b    00000043     cpu2_logic.obj (.text:prvCPU2_Logic_ProductFacts_Build)
                  0000af9e    00000043     logic_frt.obj (.text:prvLOGIC_Frt_ThresholdsValid)
                  0000afe1    0000001f     cpu2_rtos.obj (.text:CPU2_Rtos_Critical_Exit)

.text.3    0    00016000    00002000     
                  00016000    00000247     cpu2_product_validation.obj (.text:CPU2_Product_Run1ms)
                  00016247    0000022a     cpu2_product_validation.obj (.text:prvCPU2_Product_VoltageRms_Run1ms)
                  00016471    0000021a     cpu2_param.obj (.text:prvCPU2_Param_ActiveImage_Load)
                  0001668b    000001c3     cpu2_calc.obj (.text:CPU2_Calc_Run1ms)
                  0001684e    000001ac     logic_frt.obj (.text:LOGIC_Frt_Run1ms)
                  000169fa    00000192     device.obj (.text:Device_enableAllPeripherals)
                  00016b8c    00000168     logic_frt.obj (.text:prvLOGIC_Frt_ApplyLimit)
                  00016cf4    00000156     cpu2_param.obj (.text:CPU2_Param_FrtView_Get)
                  00016e4a    0000014c     cpu2_param.obj (.text:CPU2_Param_OffgridCtrlView_Get)
                  00016f96    0000014c     cpu2_product_validation.obj (.text:prvCPU2_Product_CommandCompose)
                  000170e2    00000130     cpu2_param.obj (.text:prvCPU2_Param_CalcRatedValue)
                  00017212    00000112     logic_frt.obj (.text:prvLOGIC_Frt_AverageRun)
                  00017324    00000107     rts2800_fpu64_eabi.lib : ll_div28.asm.obj (.text)
                  0001742b    00000100     core_msg_access.obj (.text:COREMSG_Access_Parameter_WriteShared)
                  0001752b    000000e9     cpu2_calc.obj (.text:CPU2_Calc_InvRmsRun1ms)
                  00017614    000000dc     logic_frt.obj (.text:prvLOGIC_Frt_ApplyFaultOutput)
                  000176f0    000000db     cpu2_frt.obj (.text:CPU2_Frt_Run1ms)
                  000177cb    000000d8     cpu2_product_validation.obj (.text:CPU2_Product_Init)
                  000178a3    000000cf     cpu2_param.obj (.text:prvCPU2_Param_RatedSource_Load)
                  00017972    000000b3     cpu2_core_comm.obj (.text:prvCPU2_CoreComm_PeerEpoch_Rebaseline)
                  00017a25    000000b3     queue.obj (.text:xQueueGenericSend)
                  00017ad8    000000b0     cpu2_frt.obj (.text:prvCPU2_Frt_Config_Build)
                  00017b88    000000af     freertos_portasm_cgt25.obj (.text)
                  00017c37    000000a6     board_uartb_dma.obj (.text:prvBOARD_UartB_RxDmaIsr)
                  00017cdd    000000a6     queue.obj (.text:xQueueReceive)
                  00017d83    000000a6     tasks.obj (.text:xTaskResumeAll)
                  00017e29    000000a3     logic_frt.obj (.text:prvLOGIC_Frt_RecoveryRun)
                  00017ecc    0000009f     core_msg_access.obj (.text:COREMSG_Access_Command_WriteShared)
                  00017f6b    00000093     cpu2_product_validation.obj (.text:prvCPU2_Product_ValidationControl_Update)
                  00017ffe    00000002     cpu2_calc.obj (.text:prvCPU2_Calc_SamplesToBlocks)

.text.4    0    00018000    00001efc     
                  00018000    00000042     cpu2_calc.obj (.text:prvCPU2_Calc_RmsRing_Clear)
                  00018042    00000041     queue.obj (.text:xQueueGenericCreateStatic)
                  00018083    00000040     cpu2_product_validation.obj (.text:prvCPU2_Product_MeasurementConsumer_Take)
                  000180c3    0000003e     cpu2_rtos.obj (.text:CPU2_Rtos_CommEvent_PostRxReadyFromIsr)
                  00018101    0000003e     port.obj (.text:vPortSetupTimerInterrupt)
                  0001813f    0000003d     driverlib.lib : interrupt.obj (.text:Interrupt_initModule)
                  0001817c    0000003c                   : dma.obj (.text:DMA_configTransfer)
                  000181b8    0000003c     cpu2_monitor_backend.obj (.text:prvCPU2_Monitor_C2StartValidate)
                  000181f4    0000003c     tasks.obj (.text:prvCreateIdleTasks)
                  00018230    0000003b     cpu2_safety.obj (.text:CPU2_Safety_FaultClear_AppliedTake)
                  0001826b    0000003b     bsw_state_machine.obj (.text:prvBSW_StateMachine_Config_IsValid)
                  000182a6    0000003b     tasks.obj (.text:xTaskCheckForTimeOut)
                  000182e1    0000003a     queue.obj (.text:prvCopyDataToQueue)
                  0001831b    00000039     ipc_port.obj (.text:IPC_Port_SyncWithTimeout)
                  00018354    00000039     cpu2_calc.obj (.text:prvCPU2_Calc_InvRmsRing_Clear)
                  0001838d    00000039     cpu2_monitor_backend.obj (.text:prvCPU2_Monitor_ValueRead)
                  000183c6    00000038     cpu2_safety.obj (.text:CPU2_Safety_Command_Apply)
                  000183fe    00000038     queue.obj (.text:prvUnlockQueue)
                  00018436    00000037     driverlib.lib : dma.obj (.text:DMA_configBurst)
                  0001846d    00000037                   : interrupt.obj (.text:Interrupt_enable)
                  000184a4    00000037     logic_state_machine.obj (.text:prvLOGIC_StateMachine_OutputForStateSet)
                  000184db    00000036     core_msg_cpu2.obj (.text:COREMSG_ParameterCpu2_Init)
                  00018511    00000035     cpu2_calc.obj (.text:CPU2_Calc_ResultGet)
                  00018546    00000035     logic_state_machine.obj (.text:LOGIC_StateMachine_Run)
                  0001857b    00000035     cpu2_rtos.obj (.text:prvCPU2_Rtos_LoadWatch_Update)
                  000185b0    00000034     bsw_state_machine.obj (.text:prvBSW_StateMachine_Target_Find)
                  000185e4    00000034     logic_frt.obj (.text:prvLOGIC_Frt_ZeroHysteresis)
                  00018618    00000033     cpu2_dk9_mil_validation.obj (.text:CPU2_Dk9Mil_LogicShadow_Update)
                  0001864b    00000033     cpu2_rtos.obj (.text:CPU2_Rtos_CommEvent_PostRxReadyFromTask)
                  0001867e    00000033     cpu2_validation.obj (.text:CPU2_Validation_Init)
                  000186b1    00000033     ctrl_voltage_rms.obj (.text:prvCTRL_VoltRms_Reset)
                  000186e4    00000033     logic_frt.obj (.text:prvLOGIC_Frt_SupportCurr)
                  00018717    00000032     logic_frt.obj (.text:LOGIC_Frt_ConfigApply)
                  00018749    00000031     cpu2_monitor_transport.obj (.text:CPU2_MonitorTransport_RxDrain)
                  0001877a    00000031     cpu2_product_validation.obj (.text:prvCPU2_Product_SnapshotsConsume)
                  000187ab    00000030     bsw_state_machine.obj (.text:BSW_StateMachine_Init)
                  000187db    00000030     cpu2_rtos.obj (.text:CPU2_Rtos_CommEvent_PostFromIsr)
                  0001880b    0000002e     core_msg_cpu2.obj (.text:COREMSG_ParameterCpu2_Publish)
                  00018839    0000002e     rts2800_fpu64_eabi.lib : copy_decompress_lzss.c.obj (.text:decompress:lzss)
                  00018867    0000002e     logic_frt.obj (.text:prvLOGIC_Frt_EnterFault)
                  00018895    0000002d     cpu2_rtos.obj (.text:prvCPU2_Rtos_IsrWindowComplete)
                  000188c2    0000002c     cpu2_safety.obj (.text:CPU2_Safety_StartupFail_Stop)
                  000188ee    0000002c     ctrl_voltage_rms.obj (.text:CTRL_VoltRms_Init)
                  0001891a    0000002c     logic_frt.obj (.text:prvLOGIC_Frt_MutationTimer)
                  00018946    0000002c     logic_state_machine.obj (.text:prvLOGIC_StateMachine_Reason_Update)
                  00018972    0000002b     cpu2_core_comm.obj (.text:CPU2_CoreComm_Publish)
                  0001899d    0000002b     rtm_cpu2_param.obj (.text:RTM_Cpu2Param_Read)
                  000189c8    0000002b     utils_math.obj (.text:UTILS_Math_SqrtU32)
                  000189f3    0000002b     rts2800_fpu64_eabi.lib : autoinit.c.obj (.text:__TI_auto_init_nobinit_nopinit)
                  00018a1e    0000002b     cpu2_param.obj (.text:prvCPU2_Param_GcdU64)
                  00018a49    0000002b     ctrl_voltage_rms.obj (.text:prvCTRL_VoltRms_Config_IsValid)
                  00018a74    0000002a     rts2800_fpu64_eabi.lib : l_div28.asm.obj (.text)
                  00018a9e    00000029     cpu2_core_comm.obj (.text:CPU2_CoreComm_MonitorSnapshot_Copy)
                  00018ac7    00000029     rts2800_fpu64_eabi.lib : exit.c.obj (.text)
                  00018af0    00000028     cpu2_calc.obj (.text:CPU2_Calc_InvRmsResultGet)
                  00018b18    00000028     driverlib.lib : uart.obj (.text:UART_disableModule)
                  00018b40    00000028     ipc_port.obj (.text:prvIPC_Port_WaitFlagClearUntil)
                  00018b68    00000027     core_state.obj (.text:prvCORESTATE_State_Init)
                  00018b8f    00000026     board_cpu2.obj (.text:BOARD_BootTimebase_Start)
                  00018bb5    00000026     cpu2_monitor_backend.obj (.text:prvCPU2_Monitor_C2StopValidate)
                  00018bdb    00000026     ipc_port.obj (.text:prvIPC_Port_WaitRemoteStsSetUntil)
                  00018c01    00000026     logic_frt.obj (.text:prvLOGIC_Frt_TriggerState)
                  00018c27    00000025     rtm_cpu2_param.obj (.text:CPU2_MonitorParam_Read)
                  00018c4c    00000025     driverlib.lib : dma.obj (.text:DMA_configAddresses)
                  00018c71    00000025     board_uartb_dma.obj (.text:prvBOARD_UartB_RxWriteIndex)
                  00018c96    00000024     cpu2_dk9_mil_validation.obj (.text:CPU2_Dk9Mil_Init)
                  00018cba    00000024     cpu2_rtos.obj (.text:prvCPU2_Rtos_ValidationCommEvent_Poll)
                  00018cde    00000024     tasks.obj (.text:prvInitialiseTaskLists)
                  00018d02    00000023     cpu2_calc.obj (.text:CPU2_Calc_RmsWindowSet)
                  00018d25    00000023     cpu2_rtos.obj (.text:CPU2_Rtos_IpcIsrLoad_Update)
                  00018d48    00000023     driverlib.lib : dma.obj (.text:DMA_isBaseValid)
                  00018d6b    00000023     logic_frt.obj (.text:LOGIC_Frt_Reset)
                  00018d8e    00000023     rtm_cpu2_param.obj (.text:prvRTM_Cpu2Param_EntryValidate)
                  00018db1    00000022     board_profile.obj (.text:BOARD_TimebaseInfo_Get)
                  00018dd3    00000022     cpu2_logic.obj (.text:CPU2_Logic_InputBuildWithPermissions)
                  00018df5    00000022     logic_frt.obj (.text:prvLOGIC_Frt_RmsMax)
                  00018e17    00000022     logic_frt.obj (.text:prvLOGIC_Frt_RmsMin)
                  00018e39    00000021     cpu2_product_validation.obj (.text:CPU2_Product_MonitorLocal_Read)
                  00018e5a    00000021     utils_math.obj (.text:UTILS_Math_ClampI64ToI32)
                  00018e7b    00000021     cpu2_main.obj (.text:main)
                  00018e9c    00000021     core_msg_cpu2.obj (.text:prvCOREMSG_CommandTx_Reset)
                  00018ebd    00000021     logic_frt.obj (.text:prvLOGIC_Frt_OutputNormal)
                  00018ede    00000020     logic_state_machine.obj (.text:LOGIC_StateMachine_Init)
                  00018efe    00000020     rts2800_fpu64_eabi.lib : memcpy.c.obj (.text)
                  00018f1e    0000001f     ctrl_voltage_rms.obj (.text:CTRL_VoltRms_SetConfig)
                  00018f3d    0000001f     cpu2_monitor_transport.obj (.text:prvCPU2_MonitorTransport_EventCallback)
                  00018f5c    0000001f     logic_frt.obj (.text:prvLOGIC_Frt_RampI16)
                  00018f7b    0000001f     tasks.obj (.text:vTaskStartScheduler)
                  00018f9a    0000001e     core_msg_cpu2.obj (.text:COREMSG_SlowStatusCpu2_CheckTimeout)
                  00018fb8    0000001e     cpu2_relay_control.obj (.text:CPU2_RelayControl_Run1ms)
                  00018fd6    0000001e     ipc_port.obj (.text:IPC_Port_Timeout_IsExpired)
                  00018ff4    0000001e     driverlib.lib : interrupt.obj (.text:Interrupt_initVectorTable)
                  00019012    0000001e     logic_frt.obj (.text:LOGIC_Frt_Init)
                  00019030    0000001e     logic_frt.obj (.text:prvLOGIC_Frt_VoltRefPeak)
                  0001904e    0000001e     rts2800_fpu64_eabi.lib : ll_cmp28.asm.obj (.text)
                  0001906c    0000001d     logic_frt.obj (.text:prvLOGIC_Frt_MutationHv)
                  00019089    0000001d     logic_frt.obj (.text:prvLOGIC_Frt_MutationLv)
                  000190a6    0000001c     board_uartb_dma.obj (.text:BOARD_UartB_RxPending_Get)
                  000190c2    0000001c     bsw_core_err.obj (.text:BSW_CoreErr_Init)
                  000190de    0000001c     cpu2_calc.obj (.text:prvCPU2_Calc_InvRmsResult_Store)
                  000190fa    0000001c     cpu2_calc.obj (.text:prvCPU2_Calc_Result_Store)
                  00019116    0000001c     rtm_cpu2_param.obj (.text:prvRTM_Cpu2Param_ValueLoad)
                  00019132    0000001b     core_msg_cpu2.obj (.text:COREMSG_CommandCpu2_Publish)
                  0001914d    0000001b     cpu2_calc.obj (.text:CPU2_Calc_Init)
                  00019168    0000001b     driverlib.lib : uart.obj (.text:UART_enableModule)
                  00019183    0000001b     board_uartb_dma.obj (.text:prvBOARD_UartB_RxProducerWordCount)
                  0001919e    0000001b     cpu2_monitor_backend.obj (.text:prvCPU2_Monitor_Dispatch)
                  000191b9    0000001b     param_msg_bind.obj (.text:prvPARAMBIND_LocalIdentity)
                  000191d4    0000001b     list.obj (.text:vListInsert)
                  000191ef    0000001b     tasks.obj (.text:vTaskPlaceOnEventList)
                  0001920a    0000001a     cpu2_product_validation.obj (.text:prvCPU2_Product_Rtos_Init)
                  00019224    00000019     cpu2_relay_control.obj (.text:CPU2_RelayControl_Request)
                  0001923d    00000019     device.obj (.text:SysCtl_enablePeripheral)
                  00019256    00000019     cpu2_frt.obj (.text:prvCPU2_Frt_GridSeqInput_IsValid)
                  0001926f    00000019     cpu2_param.obj (.text:prvCPU2_Param_S16_Read)
                  00019288    00000019     cpu2_param.obj (.text:prvCPU2_Param_U16_Read)
                  000192a1    00000019     logic_frt.obj (.text:prvLOGIC_Frt_ApplyPendingIfSafe)
                  000192ba    00000019     rts2800_fpu64_eabi.lib : boot28.asm.obj (.text)
                  000192d3    00000018     core_msg_access.obj (.text:COREMSG_Access_SlowStatus_Copy)
                  000192eb    00000018     core_msg_access.obj (.text:COREMSG_Access_SlowStatus_ReadShared)
                  00019303    00000018     cpu2_safety.obj (.text:CPU2_Safety_ParamFail_Apply)
                  0001931b    00000018     cpu2_validation.obj (.text:CPU2_Validation_LogicAlive_CanPublish)
                  00019333    00000018     cpu2_monitor_backend.obj (.text:prvCPU2_Monitor_C2Parse)
                  0001934b    00000018     cpu2_param.obj (.text:prvCPU2_Param_RatedCandidate_Evaluate)
                  00019363    00000018     logic_frt.obj (.text:prvLOGIC_Frt_StatusSet)
                  0001937b    00000018     logic_state_machine.obj (.text:prvLOGIC_StateMachine_Guard_OffToBypass)
                  00019393    00000018     logic_state_machine.obj (.text:prvLOGIC_StateMachine_Guard_OffToGen)
                  000193ab    00000018     logic_state_machine.obj (.text:prvLOGIC_StateMachine_Guard_OffToOffGrid)
                  000193c3    00000017     cpu2_param.obj (.text:CPU2_Param_RatedView_Get)
                  000193da    00000017     driverlib.lib : cputimer.obj (.text:CPUTimer_isBaseValid)
                  000193f1    00000017     cpu2_monitor_backend.obj (.text:prvCPU2_Monitor_C0Respond)
                  00019408    00000017     cpu2_param.obj (.text:prvCPU2_Param_U32_Read)
                  0001941f    00000017     cpu2_rtos.obj (.text:prvCPU2_Rtos_FatalStop)
                  00019436    00000017     logic_state_machine.obj (.text:prvLOGIC_StateMachine_Guard_BypassToSoftStart)
                  0001944d    00000016     core_msg_cpu2.obj (.text:COREMSG_FastInstantCpu2_CheckTimeout)
                  00019463    00000016     cpu2_relay_control.obj (.text:CPU2_RelayControl_Init)
                  00019479    00000016     cpu2_rtos.obj (.text:CPU2_Rtos_Critical_Enter)
                  0001948f    00000016     driverlib.lib : interrupt.obj (.text:Interrupt_defaultHandler)
                  000194a5    00000016     logic_frt.obj (.text:prvLOGIC_Frt_HvTrigger)
                  000194bb    00000016     logic_frt.obj (.text:prvLOGIC_Frt_LvTrigger)
                  000194d1    00000016     rtm_cpu2_param.obj (.text:prvRTM_Cpu2Param_ValueStore)
                  000194e7    00000016     tasks.obj (.text:uxTaskGetStackHighWaterMark)
                  000194fd    00000016     tasks.obj (.text:xTaskCreateStatic)
                  00019513    00000015     cpu2_monitor_backend.obj (.text:CPU2_MonitorBackend_Init)
                  00019528    00000015     driverlib.lib : uart.obj (.text:UART_isBaseValid)
                  0001953d    00000015     cpu2_monitor_backend.obj (.text:prvCPU2_Monitor_FrameSubmit)
                  00019552    00000015     cpu2_product_validation.obj (.text:prvCPU2_Product_VoltagePiCfg)
                  00019567    00000015     cpu2_rtos.obj (.text:prvCPU2_Rtos_LoadPct_Get)
                  0001957c    00000015     logic_frt.obj (.text:prvLOGIC_Frt_ExitThreshold)
                  00019591    00000015     logic_state_machine.obj (.text:prvLOGIC_StateMachine_Guard_GenToBypass)
                  000195a6    00000015     logic_state_machine.obj (.text:prvLOGIC_StateMachine_Guard_HardOrStop)
                  000195bb    00000015     logic_state_machine.obj (.text:prvLOGIC_StateMachine_Guard_OffGridToOff)
                  000195d0    00000015     logic_state_machine.obj (.text:prvLOGIC_StateMachine_Guard_SyncToOff)
                  000195e5    00000015     logic_state_machine.obj (.text:prvLOGIC_StateMachine_SafetyReason_Get)
                  000195fa    00000014     core_msg_cpu2.obj (.text:prvCOREMSG_FastInstant_SequenceIsNext)
                  0001960e    00000014     legacy_osc_protocol.obj (.text:prvCPU2_LegacyOsc_CommandSupported)
                  00019622    00000014     cpu2_monitor_backend.obj (.text:prvCPU2_Monitor_C2Respond)
                  00019636    00000014     cpu2_monitor_backend.obj (.text:prvCPU2_Monitor_ScopeChannelValid)
                  0001964a    00000014     queue.obj (.text:prvCopyDataFromQueue)
                  0001965e    00000014     queue.obj (.text:prvIsQueueFull)
                  00019672    00000014     logic_frt.obj (.text:prvLOGIC_Frt_OutputZero)
                  00019686    00000014     logic_state_machine.obj (.text:prvLOGIC_StateMachine_Guard_OffToSoftStart)
                  0001969a    00000014     rts2800_fpu64_eabi.lib : ll_mpy28.asm.obj (.text)
                  000196ae    00000013     cpu2_core_comm.obj (.text:CPU2_CoreComm_SlowStatusTimeout_Get)
                  000196c1    00000013     driverlib.lib : cputimer.obj (.text:CPUTimer_setEmulationMode)
                  000196d4    00000013     param_msg_bind.obj (.text:PARAMBIND_Cpu2_Publish)
                  000196e7    00000013     rtm_cpu2_param.obj (.text:RTM_Cpu2Param_Metadata_Get)
                  000196fa    00000013     core_state.obj (.text:prvCORESTATE_CoreErrSink_Register)
                  0001970d    00000013     cpu2_monitor_backend.obj (.text:prvCPU2_Monitor_C2CandidateBuild)
                  00019720    00000013     cpu2_monitor_backend.obj (.text:prvCPU2_Monitor_MapFind)
                  00019733    00000013     logic_state_machine.obj (.text:prvLOGIC_StateMachine_Guard_SoftStartToGen)
                  00019746    00000013     logic_state_machine.obj (.text:prvLOGIC_StateMachine_Guard_SoftStartToOffGrid)
                  00019759    00000013     logic_state_machine.obj (.text:prvLOGIC_StateMachine_OutputSafeSet)
                  0001976c    00000013     rts2800_fpu64_eabi.lib : memcmp.c.obj (.text)
                  0001977f    00000012     cpu2_core_comm.obj (.text:CPU2_CoreComm_WaitCpu1Release)
                  00019791    00000012     cpu2_dk9_mil_validation.obj (.text:CPU2_Dk9Mil_Run1ms)
                  000197a3    00000012     cpu2_param.obj (.text:CPU2_Param_IsApplied)
                  000197b5    00000012     param_msg_bind.obj (.text:PARAMBIND_Cpu2_Init)
                  000197c7    00000012     board_uartb_dma.obj (.text:prvBOARD_UartB_RxDmaBoundaryLost)
                  000197d9    00000012     logic_state_machine.obj (.text:prvLOGIC_StateMachine_Guard_GenToOff)
                  000197eb    00000012     logic_state_machine.obj (.text:prvLOGIC_StateMachine_Guard_OnGridToOff)
                  000197fd    00000012     logic_state_machine.obj (.text:prvLOGIC_StateMachine_Guard_SoftStartToOff)
                  0001980f    00000012     logic_state_machine.obj (.text:prvLOGIC_StateMachine_Guard_SoftStartToOnGrid)
                  00019821    00000012     logic_state_machine.obj (.text:prvLOGIC_StateMachine_Guard_SyncToOnGrid)
                  00019833    00000012     rts2800_fpu64_eabi.lib : args_main.c.obj (.text)
                  00019845    00000011     legacy_osc_protocol.obj (.text:CPU2_LegacyOsc_Checksum)
                  00019856    00000011     cpu2_logic.obj (.text:CPU2_Logic_Init)
                  00019867    00000011     cpu2_monitor_backend.obj (.text:CPU2_MonitorBackend_RxByte)
                  00019878    00000011     cpu2_monitor_transport.obj (.text:CPU2_MonitorTransport_TxSubmit)
                  00019889    00000011     cpu2_param.obj (.text:CPU2_Param_ActiveImage_Get)
                  0001989a    00000011     utils_rms.obj (.text:UTILS_Rms_Calc)
                  000198ab    00000011     cpu2_monitor_backend.obj (.text:prvCPU2_Monitor_C3Reject)
                  000198bc    00000011     ctrl_voltage_rms.obj (.text:prvCTRL_VoltRms_PICfg_IsValid)
                  000198cd    00000011     queue.obj (.text:prvInitialiseNewQueue)
                  000198de    00000011     logic_frt.obj (.text:prvLOGIC_Frt_ControlVoltagePeak)
                  000198ef    00000011     logic_state_machine.obj (.text:prvLOGIC_StateMachine_Guard_GenToOffGrid)
                  00019900    00000011     logic_state_machine.obj (.text:prvLOGIC_StateMachine_Guard_OffGridToBypass)
                  00019911    00000011     logic_state_machine.obj (.text:prvLOGIC_StateMachine_Guard_OnGridToOffGrid)
                  00019922    00000011     logic_state_machine.obj (.text:prvLOGIC_StateMachine_Guard_SyncToBypass)
                  00019933    00000011     logic_state_machine.obj (.text:prvLOGIC_StateMachine_Guard_SyncToOffGrid)
                  00019944    00000011     rtm_cpu2_param.obj (.text:prvRTM_Cpu2Param_EntryFind)
                  00019955    00000011     list.obj (.text:uxListRemove)
                  00019966    00000010     cpu2_monitor_transport.obj (.text:CPU2_MonitorTransport_Init)
                  00019976    00000010     board_uartb_dma.obj (.text:prvBOARD_UartB_RxReadWords_Publish)
                  00019986    00000010     legacy_osc_protocol.obj (.text:prvCPU2_LegacyOsc_Reset)
                  00019996    00000010     logic_state_machine.obj (.text:prvLOGIC_StateMachine_Guard_OffToOpen)
                  000199a6    00000010     port.obj (.text:xPortStartScheduler)
                  000199b6    0000000f     cpu2_product_validation.obj (.text:CPU2_Product_ControlInput_Set)
                  000199c5    0000000f     cpu2_safety.obj (.text:CPU2_Safety_FaultClear_Published)
                  000199d4    0000000f     driverlib.lib : ipc.obj (.text:Interrupt_unregister)
                  000199e3    0000000f     cpu2_monitor_backend.obj (.text:prvCPU2_Monitor_C2AtomicCommit)
                  000199f2    0000000f     queue.obj (.text:prvIsQueueEmpty)
                  00019a01    0000000f     logic_frt.obj (.text:prvLOGIC_Frt_HypotI16)
                  00019a10    0000000f     logic_frt.obj (.text:prvLOGIC_Frt_RmsToPeak)
                  00019a1f    0000000f     logic_state_machine.obj (.text:prvLOGIC_StateMachine_Guard_OffGridToSync)
                  00019a2e    0000000f     tasks.obj (.text:prvResetNextTaskUnblockTime)
                  00019a3d    0000000e     core_msg_access.obj (.text:COREMSG_Access_Identity_Copy)
                  00019a4b    0000000e     core_msg_access.obj (.text:COREMSG_Access_Identity_WriteShared)
                  00019a59    0000000e     core_msg_access.obj (.text:COREMSG_Access_Sequence_PublishBegin)
                  00019a67    0000000e     core_msg_cpu2.obj (.text:COREMSG_SlowStatusCpu2_Init)
                  00019a75    0000000e     cpu2_param.obj (.text:CPU2_Param_IsValid)
                  00019a83    0000000e     ipc_port.obj (.text:IPC_Port_AbortTx)
                  00019a91    0000000e     ipc_port.obj (.text:IPC_Port_Ack)
                  00019a9f    0000000e     bsw_state_machine.obj (.text:prvBSW_StateMachine_Time_Add)
                  00019aad    0000000e     logic_frt.obj (.text:prvLOGIC_Frt_AddSaturate)
                  00019abb    0000000e     tasks.obj (.text:xTaskGetIdleTaskHandle)
                  00019ac9    0000000d     core_state.obj (.text:CORESTATE_Cpu2_Init)
                  00019ad6    0000000d     device.obj (.text:Device_init)
                  00019ae3    0000000d     driverlib.lib : interrupt.obj (.text:Interrupt_disableGlobal)
                  00019af0    0000000d                   : interrupt.obj (.text:Interrupt_enableGlobal)
                  00019afd    0000000d     board_uartb_dma.obj (.text:prvBOARD_UartB_RxReadWords_Get)
                  00019b0a    0000000d     core_msg_cpu2.obj (.text:prvCOREMSG_ChannelRx_Rebaseline)
                  00019b17    0000000d     logic_state_machine.obj (.text:prvLOGIC_StateMachine_Guard_OnGridToBypass)
                  00019b24    0000000d     logic_state_machine.obj (.text:prvLOGIC_StateMachine_Guard_SoftStartToBypass)
                  00019b31    0000000c     core_msg_access.obj (.text:COREMSG_Access_Sequence_IsNewer)
                  00019b3d    0000000c     core_msg_cpu2.obj (.text:COREMSG_FastInstantCpu2_GetDiag)
                  00019b49    0000000c     core_msg_cpu2.obj (.text:COREMSG_FastInstantCpu2_Init)
                  00019b55    0000000c     core_msg_cpu2.obj (.text:COREMSG_SlowStatusCpu2_GetDiag)
                  00019b61    0000000c     core_state.obj (.text:CORESTATE_Cpu2_ValidateCpu1Abi)
                  00019b6d    0000000c     cpu2_frt.obj (.text:CPU2_Frt_Init)
                  00019b79    0000000c     cpu2_relay_control.obj (.text:CPU2_RelayControl_Command_IsAllowed)
                  00019b85    0000000c     cpu2_safety.obj (.text:CPU2_Safety_CtrlFault_Latch)
                  00019b91    0000000c     cpu2_safety.obj (.text:CPU2_Safety_Init)
                  00019b9d    0000000c     board.obj (.text:INTERRUPT_init)
                  00019ba9    0000000c     cpu2_calc.obj (.text:prvCPU2_Calc_ContinuityFault_Set)
                  00019bb5    0000000c     cpu2_safety.obj (.text:prvCPU2_Safety_SequenceIsNewer)
                  00019bc1    0000000c     logic_frt.obj (.text:prvLOGIC_Frt_ClampToCurr)
                  00019bcd    0000000c     logic_state_machine.obj (.text:prvLOGIC_StateMachine_FallbackAvailable)
                  00019bd9    0000000c     logic_state_machine.obj (.text:prvLOGIC_StateMachine_OffGrid_IsAvailable)
                  00019be5    0000000c     logic_state_machine.obj (.text:prvLOGIC_StateMachine_StopRequested)
                  00019bf1    0000000c     port.obj (.text:vPortSetupSWInterrupt)
                  00019bfd    0000000b     bsw_core_err.obj (.text:BSW_CoreErr_SetLastError)
                  00019c08    0000000b     cpu2_calc.obj (.text:CPU2_Calc_Reset)
                  00019c13    0000000b     cpu2_core_comm.obj (.text:CPU2_CoreComm_AppInitOk_Set)
                  00019c1e    0000000b     legacy_osc_protocol.obj (.text:CPU2_LegacyOsc_Parser_Init)
                  00019c29    0000000b     utils_pi.obj (.text:UTILS_Pi_Run)
                  00019c34    0000000b     bsw_state_machine.obj (.text:prvBSW_StateMachine_Action_Entry)
                  00019c3f    0000000b     bsw_state_machine.obj (.text:prvBSW_StateMachine_Action_Exit)
                  00019c4a    0000000b     bsw_state_machine.obj (.text:prvBSW_StateMachine_Action_Run)
                  00019c55    0000000b     cpu2_calc.obj (.text:prvCPU2_Calc_Window_Valid)
                  00019c60    0000000b     cpu2_validation.obj (.text:prvCPU2_Validation_SnapshotBegin)
                  00019c6b    0000000b     list.obj (.text:vListInitialise)
                  00019c76    0000000b     tasks.obj (.text:xTaskGetTickCount)
                  00019c81    0000000a     bsw_core_err.obj (.text:BSW_CoreErr_GetLastError)
                  00019c8b    0000000a     core_state.obj (.text:CORESTATE_Cpu2_SetAppInitOk)
                  00019c95    0000000a     cpu2_core_comm.obj (.text:CPU2_CoreComm_PeerBlocked_Get)
                  00019c9f    0000000a     cpu2_rtos.obj (.text:CPU2_Rtos_AssertFailure_Stop)
                  00019ca9    0000000a     board_cpu2.obj (.text:DMA_initController)
                  00019cb3    0000000a     driverlib.lib : interrupt.obj (.text:Interrupt_illegalOperationHandler)
                  00019cbd    0000000a                   : interrupt.obj (.text:Interrupt_nmiHandler)
                  00019cc7    0000000a     bsw_state_machine.obj (.text:prvBSW_StateMachine_Transition_Inc)
                  00019cd1    0000000a     core_state.obj (.text:prvCORESTATE_CoreErr_SetLastError)
                  00019cdb    0000000a     legacy_osc_protocol.obj (.text:prvCPU2_LegacyOsc_PushWord)
                  00019ce5    0000000a     cpu2_relay_control.obj (.text:prvCPU2_RelayControl_BlockedApply)
                  00019cef    0000000a     cpu2_relay_control.obj (.text:prvCPU2_RelayControl_SafeOffApply)
                  00019cf9    0000000a     logic_state_machine.obj (.text:prvLOGIC_StateMachine_Bypass_IsAvailable)
                  00019d03    0000000a     logic_state_machine.obj (.text:prvLOGIC_StateMachine_Guard_BypassToOff)
                  00019d0d    0000000a     rtm_cpu2_param.obj (.text:prvRTM_Cpu2Param_ValueIsUnsigned)
                  00019d17    0000000a     cpu2_rtos.obj (.text:vApplicationGetIdleTaskMemory)
                  00019d21    0000000a     port.obj (.text:vPortExitCritical)
                  00019d2b    00000009     core_state.obj (.text:CORESTATE_Cpu2_SetReady)
                  00019d34    00000009     cpu2_rtos.obj (.text:CPU2_Rtos_StartScheduler)
                  00019d3d    00000009     ipc_port.obj (.text:IPC_Port_TimeUs_Get)
                  00019d46    00000009     board_uartb_dma.obj (.text:prvBOARD_UartB_Callback)
                  00019d4f    00000009     tasks.obj (.text:prvTaskCheckFreeStackSpace)
                  00019d58    00000009     rts2800_fpu64_eabi.lib : _lock.c.obj (.text)
                  00019d61    00000008     core_state.obj (.text:CORESTATE_Cpu2_IsCpu1StatePresent)
                  00019d69    00000008     cpu2_rtos.obj (.text:CPU2_Rtos_CommEvent_RxReadyConsumed)
                  00019d71    00000008     rts2800_fpu64_eabi.lib : copy_decompress_none.c.obj (.text:decompress:none)
                  00019d79    00000008     f28p65x_codestartbranch.obj (.text)
                  00019d81    00000008     cpu2_relay_control.obj (.text:prvCPU2_RelayControl_WireMode_IsValid)
                  00019d89    00000008     cpu2_rtos.obj (.text:prvCPU2_Rtos_CommEvent_Drop)
                  00019d91    00000008     cpu2_rtos.obj (.text:prvCPU2_Rtos_IsrWindowAccumulate)
                  00019d99    00000008     cpu2_safety.obj (.text:prvCPU2_Safety_FaultClear_Reset)
                  00019da1    00000008     logic_frt.obj (.text:prvLOGIC_Frt_ModeUsesZeroThreshold)
                  00019da9    00000008     logic_state_machine.obj (.text:prvLOGIC_StateMachine_Gen_IsAvailable)
                  00019db1    00000008     logic_state_machine.obj (.text:prvLOGIC_StateMachine_Grid_IsAvailable)
                  00019db9    00000008     port.obj (.text:vPortEnterCritical)
                  00019dc1    00000008     tasks.obj (.text:vTaskInternalSetTimeOutState)
                  00019dc9    00000007     core_state.obj (.text:CORESTATE_Cpu2_ClearReady)
                  00019dd0    00000007     core_state.obj (.text:CORESTATE_Cpu2_GetCpu1FaultFlags)
                  00019dd7    00000007     cpu2_monitor_transport.obj (.text:CPU2_MonitorTransport_RxPoll1ms)
                  00019dde    00000007     cpu2_product_validation.obj (.text:prvCPU2_Product_MeasurementConsumer_Rebaseline)
                  00019de5    00000007     rts2800_fpu64_eabi.lib : memset.c.obj (.text)
                  00019dec    00000007     cpu2_rtos.obj (.text:vApplicationStackOverflowHook)
                  00019df3    00000006     board_cpu2.obj (.text:BOARD_BootTimeUs_Get)
                  00019df9    00000006     core_state.obj (.text:CORESTATE_Cpu2_ClearFault)
                  00019dff    00000006     core_state.obj (.text:CORESTATE_Cpu2_LogicAliveIncrement)
                  00019e05    00000006     cpu2_core_comm.obj (.text:CPU2_CoreComm_CommandEndpoint_Reset)
                  00019e0b    00000006     cpu2_safety.obj (.text:CPU2_Safety_LogicFault_Get)
                  00019e11    00000006     rts2800_fpu64_eabi.lib : copy_zero_init.c.obj (.text:decompress:ZI)
                  00019e17    00000006     cpu2_logic.obj (.text:prvCPU2_Logic_Channel_IsValid)
                  00019e1d    00000006     cpu2_logic.obj (.text:prvCPU2_Logic_RunMode_IsValid)
                  00019e23    00000006     ipc_port.obj (.text:prvIPC_Port_MapPeer)
                  00019e29    00000005     board_cpu2.obj (.text:BOARD_Interrupt_Init)
                  00019e2e    00000005     board.obj (.text:Board_init)
                  00019e33    00000005     core_msg_cpu2.obj (.text:COREMSG_FastInstantCpu2_Rebaseline)
                  00019e38    00000005     core_msg_cpu2.obj (.text:COREMSG_SlowStatusCpu2_Rebaseline)
                  00019e3d    00000005     core_state.obj (.text:CORESTATE_Cpu2_SetBootState)
                  00019e42    00000005     core_state.obj (.text:CORESTATE_Cpu2_SetFault)
                  00019e47    00000005     cpu2_core_comm.obj (.text:CPU2_CoreComm_RuntimeDiag_MarkRunning)
                  00019e4c    00000005     ctrl_voltage_rms.obj (.text:CTRL_VoltRms_Reset)
                  00019e51    00000005     core_state.obj (.text:prvCORESTATE_CoreErr_GetLastError)
                  00019e56    00000005     core_state.obj (.text:prvCORESTATE_CoreErr_SetLastWarn)
                  00019e5b    00000005     cpu2_validation.obj (.text:prvCPU2_Validation_SnapshotEnd)
                  00019e60    00000005     tasks.obj (.text:vTaskMissedYield)
                  00019e65    00000004     board_cpu2.obj (.text:BOARD_GlobalInt_Enable)
                  00019e69    00000004     board_cpu2.obj (.text:BOARD_PieGroup1_Ack)
                  00019e6d    00000004     board_uartb_dma.obj (.text:BOARD_UartB_RxConsumedWords_Get)
                  00019e71    00000004     board_uartb_dma.obj (.text:BOARD_UartB_RxDmaEventCount_Get)
                  00019e75    00000004     board_uartb_dma.obj (.text:BOARD_UartB_RxDmaOverrunCount_Get)
                  00019e79    00000004     board_uartb_dma.obj (.text:BOARD_UartB_RxPollKickCount_Get)
                  00019e7d    00000004     board_uartb_dma.obj (.text:BOARD_UartB_RxRingOverflowCount_Get)
                  00019e81    00000004     board_uartb_dma.obj (.text:BOARD_UartB_RxUartErrorCount_Get)
                  00019e85    00000004     board_uartb_dma.obj (.text:BOARD_UartB_TxBusyCount_Get)
                  00019e89    00000004     board_uartb_dma.obj (.text:BOARD_UartB_TxCompleteCount_Get)
                  00019e8d    00000004     board_uartb_dma.obj (.text:BOARD_UartB_TxDropCount_Get)
                  00019e91    00000004     board_uartb_dma.obj (.text:BOARD_UartB_TxSubmitCount_Get)
                  00019e95    00000004     core_msg_cpu2.obj (.text:COREMSG_SlowStatusCpu2_GetPublishedSeq)
                  00019e99    00000004     core_state.obj (.text:CORESTATE_Cpu2_GetBootInjectMask)
                  00019e9d    00000004     core_state.obj (.text:CORESTATE_Cpu2_GetBootStep)
                  00019ea1    00000004     core_state.obj (.text:CORESTATE_Cpu2_GetCpu1BootEpoch)
                  00019ea5    00000004     cpu2_core_comm.obj (.text:CPU2_CoreComm_TickMs_Get)
                  00019ea9    00000004     cpu2_param.obj (.text:CPU2_Param_FaultFlags_Get)
                  00019ead    00000004     cpu2_relay_control.obj (.text:CPU2_RelayControl_CurrentPath_Get)
                  00019eb1    00000004     cpu2_relay_control.obj (.text:CPU2_RelayControl_Fault_Get)
                  00019eb5    00000004     cpu2_relay_control.obj (.text:CPU2_RelayControl_State_Get)
                  00019eb9    00000004     cpu2_safety.obj (.text:CPU2_Safety_CtrlBlocked_Get)
                  00019ebd    00000004     cpu2_safety.obj (.text:CPU2_Safety_FaultClear_Prepare)
                  00019ec1    00000004     ipc_port.obj (.text:IPC_Port_Timebase_Set)
                  00019ec5    00000004     rtm_cpu2_param.obj (.text:RTM_Cpu2Param_Version_Get)
                  00019ec9    00000004     core_state.obj (.text:prvCORESTATE_BootEpoch_Next)
                  00019ecd    00000004     cpu2_rtos.obj (.text:prvCPU2_Rtos_TimeElapsed_Get)
                  00019ed1    00000004     ctrl_voltage_rms.obj (.text:prvCTRL_VoltRms_PICfg_Get)
                  00019ed5    00000004     tasks.obj (.text:uxTaskGetNumberOfTasks)
                  00019ed9    00000004     list.obj (.text:vListInitialiseItem)
                  00019edd    00000004     tasks.obj (.text:vTaskSuspendAll)
                  00019ee1    00000003     board_cpu2.obj (.text:BOARD_GlobalInt_Disable)
                  00019ee4    00000003     cpu2_core_comm.obj (.text:CPU2_CoreComm_RxStatus_Get)
                  00019ee7    00000003     cpu2_frt.obj (.text:CPU2_Frt_Reset)
                  00019eea    00000003     utils_math.obj (.text:UTILS_Math_SquareI16)
                  00019eed    00000003     utils_pi.obj (.text:UTILS_Pi_Reset)
                  00019ef0    00000003     device.obj (.text:__error__)
                  00019ef3    00000003     core_state.obj (.text:prvCORESTATE_LocalState_Get)
                  00019ef6    00000002     rts2800_fpu64_eabi.lib : pre_init.c.obj (.text)
                  00019ef8    00000001     board_relay.obj (.text:BOARD_RelayDomain_Disable)
                  00019ef9    00000001     cpu2_monitor_backend.obj (.text:CPU2_MonitorBackend_TxDone)
                  00019efa    00000001     tasks.obj (.text:prvIdleTask)
                  00019efb    00000001     rts2800_fpu64_eabi.lib : startup.c.obj (.text)

.const.9   0    00019efc    00000104     
                  00019efc    00000004     cpu2_monitor_transport.obj (.const)
                  00019f00    000000de     cpu2_dk9_mil_validation.obj (.const)
                  00019fde    0000001a     cpu2_logic.obj (.const)
                  00019ff8    00000008     bsw_core_err.obj (.const)

MODULE SUMMARY

       Module                         code    ro data   rw data
       ------                         ----    -------   -------
    .\app\ctrl\08_voltage_rms\src\
       ctrl_voltage_rms.obj           357     96        0      
    +--+------------------------------+-------+---------+---------+
       Total:                         357     96        0      
                                                               
    .\app\logic\02_frt\src\
       logic_frt.obj                  2751    598       0      
    +--+------------------------------+-------+---------+---------+
       Total:                         2751    598       0      
                                                               
    .\app\logic\04_state_machine\src\
       logic_state_machine.obj        765     266       0      
    +--+------------------------------+-------+---------+---------+
       Total:                         765     266       0      
                                                               
    .\freertos\kernel\
       tasks.obj                      1294    186       111    
       queue.obj                      806     159       0      
       list.obj                       59      0         0      
    +--+------------------------------+-------+---------+---------+
       Total:                         2159    345       111    
                                                               
    .\freertos\port\
       port.obj                       201     0         4      
    +--+------------------------------+-------+---------+---------+
       Total:                         201     0         4      
                                                               
    .\platform\bsw\multi_core\src\
       ipc_port.obj                   212     0         2      
    +--+------------------------------+-------+---------+---------+
       Total:                         212     0         2      
                                                               
    .\platform\bsw\services\src\
       bsw_core_err.obj               49      8         10     
    +--+------------------------------+-------+---------+---------+
       Total:                         49      8         10     
                                                               
    .\platform\bsw\services\state_machine\src\
       bsw_state_machine.obj          293     10        0      
    +--+------------------------------+-------+---------+---------+
       Total:                         293     10        0      
                                                               
    .\platform\os\freertos\port\
       freertos_portasm_cgt25.obj     175     0         0      
    +--+------------------------------+-------+---------+---------+
       Total:                         175     0         0      
                                                               
    .\platform\utils\03_math\src\
       utils_math.obj                 79      0         0      
    +--+------------------------------+-------+---------+---------+
       Total:                         79      0         0      
                                                               
    .\platform\utils\04_pi\src\
       utils_pi.obj                   82      0         0      
    +--+------------------------------+-------+---------+---------+
       Total:                         82      0         0      
                                                               
    .\platform\utils\07_rms\src\
       utils_rms.obj                  17      0         0      
    +--+------------------------------+-------+---------+---------+
       Total:                         17      0         0      
                                                               
    .\project\hybrid30k\board\generated\dk9_launchxl\cpu2\
       board.obj                      17      0         0      
    +--+------------------------------+-------+---------+---------+
       Total:                         17      0         0      
                                                               
    .\project\hybrid30k\board\src\
       board_uartb_dma.obj            1072    0         354    
       board_cpu2.obj                 143     0         0      
       board_profile.obj              34      0         0      
       board_relay.obj                1       0         0      
    +--+------------------------------+-------+---------+---------+
       Total:                         1250    0         354    
                                                               
    .\project\hybrid30k\dsp\core_comm\src\
       core_msg_cpu2.obj              532     108       70     
       core_msg_access.obj            691     0         0      
       core_msg_storage.obj           0       0         280    
       core_state.obj                 185     0         46     
       boot_sync.obj                  87      0         0      
       param_msg_bind.obj             64      0         0      
    +--+------------------------------+-------+---------+---------+
       Total:                         1559    108       396    
                                                               
    .\project\hybrid30k\dsp\cpu2\generated\
       cpu2_monitor_backend_map.obj   0       265       0      
    +--+------------------------------+-------+---------+---------+
       Total:                         0       265       0      
                                                               
    .\project\hybrid30k\dsp\cpu2\src\
       cpu2_rtos.obj                  1126    303       3598   
       cpu2_product_validation.obj    2547    336       734    
       cpu2_param.obj                 2614    268       130    
       cpu2_core_comm.obj             1191    554       558    
       cpu2_calc.obj                  1209    64        898    
       cpu2_monitor_backend.obj       693     147       88     
       cpu2_frt.obj                   623     73        0      
       rtm_cpu2_param.obj             485     4         2      
       cpu2_safety.obj                390     38        12     
       cpu2_logic.obj                 287     26        0      
       legacy_osc_protocol.obj        294     0         0      
       cpu2_monitor_transport.obj     120     154       0      
       cpu2_relay_control.obj         129     7         7      
       cpu2_main.obj                  33      0         0      
    +--+------------------------------+-------+---------+---------+
       Total:                         11741   1974      6027   
                                                               
    .\project\hybrid30k\rtm\generated\cpu2\
       cpu2_param_table.obj           0       1834      228    
    +--+------------------------------+-------+---------+---------+
       Total:                         0       1834      228    
                                                               
    .\project\hybrid30k\validation\dk9\cpu2\
       cpu2_dk9_mil_validation.obj    105     222       222    
       cpu2_validation.obj            251     56        94     
    +--+------------------------------+-------+---------+---------+
       Total:                         356     278       316    
                                                               
    .\ti\device\source\
       device.obj                     443     0         0      
       f28p65x_codestartbranch.obj    10      0         0      
    +--+------------------------------+-------+---------+---------+
       Total:                         453     0         0      
                                                               
    C:/Users/11981/Documents/Hybrid_Platform/.worktrees/dk9-mil-validation-cumulative-r2-20260901/third_party/ti/c2000ware-core-sdk/f28p65x/runtime/driverlib/f28p65x/driverlib/ccs/Debug/driverlib.lib
       dma.obj                        414     151       0      
       ipc.obj                        15      68        272    
       uart.obj                       181     152       0      
       interrupt.obj                  214     0         0      
       cputimer.obj                   42      80        0      
       sysctl.obj                     4       0         0      
    +--+------------------------------+-------+---------+---------+
       Total:                         870     451       272    
                                                               
    D:\ccs21.0\ccs\tools\compiler\ti-cgt-c2000_25.11.1.LTS\lib\rts2800_fpu64_eabi.lib
       ll_div28.asm.obj               263     0         0      
       exit.c.obj                     41      0         6      
       copy_decompress_lzss.c.obj     46      0         0      
       autoinit.c.obj                 43      0         0      
       l_div28.asm.obj                42      0         0      
       memcpy.c.obj                   32      0         0      
       ll_cmp28.asm.obj               30      0         0      
       boot28.asm.obj                 25      0         0      
       ll_mpy28.asm.obj               20      0         0      
       memcmp.c.obj                   19      0         0      
       args_main.c.obj                18      0         0      
       _lock.c.obj                    9       0         4      
       copy_decompress_none.c.obj     8       0         0      
       memset.c.obj                   7       0         0      
       copy_zero_init.c.obj           6       0         0      
       pre_init.c.obj                 2       0         0      
       startup.c.obj                  1       0         0      
    +--+------------------------------+-------+---------+---------+
       Total:                         612     0         10     
                                                               
       Stack:                         0       0         1016   
       Linker Generated:              0       39        0      
    +--+------------------------------+-------+---------+---------+
       Grand Total:                   23998   6272      8746   


LINKER GENERATED COPY TABLES

__TI_cinit_table @ 000001ce records: 3, size/record: 4, table size: 12
	.data: load addr=000001b2, load size=0000000d bytes, run addr=0000bef2, run size=0000001d bytes, compression=lzss
	.bss: load addr=000001c6, load size=00000004 bytes, run addr=0000b000, run size=00000ef2 bytes, compression=zero_init
	.freertosStaticStack: load addr=000001ca, load size=00000004 bytes, run addr=00008000, run size=00000c00 bytes, compression=zero_init


LINKER GENERATED HANDLER TABLE

__TI_handler_table @ 000001c0 records: 3, size/record: 2, table size: 6
	index: 0, handler: __TI_zero_init
	index: 1, handler: __TI_decompress_lzss
	index: 2, handler: __TI_decompress_none


GLOBAL DATA SYMBOLS: SORTED BY DATA PAGE

address     data page           name
--------    ----------------    ----
00000400      10 (00000400)     __stack

0000b6c0     2db (0000b6c0)     g_stCoreCommCpu2Watch

0000b914     2e4 (0000b900)     g_stCpu2RtosValidationCommMailbox

0000ba40     2e9 (0000ba40)     g_stCpu2RtosWatch

0000bbe4     2ef (0000bbc0)     g_stCpu2ParamRuntimeIdentityWatch

0000bc00     2f0 (0000bc00)     g_stCpu2Dk9MilWatch

0000bd8a     2f6 (0000bd80)     g_stCpu2ValidationCmd

0000bdc0     2f7 (0000bdc0)     g_stCpu2ValidationWatch

0000bef8     2fb (0000bec0)     pxCurrentTCB

0000bf00     2fc (0000bf00)     __TI_enable_exit_profile_output
0000bf02     2fc (0000bf00)     __TI_cleanup_ptr
0000bf04     2fc (0000bf00)     __TI_dtors_ptr
0000bf06     2fc (0000bf00)     bYield
0000bf07     2fc (0000bf00)     bPreemptive
0000bf08     2fc (0000bf00)     ulCriticalNesting
0000bf0a     2fc (0000bf00)     _lock
0000bf0c     2fc (0000bf00)     _unlock

00014000     500 (00014000)     g_stRtmCpu2ParamLocalTable

0001473f     51c (00014700)     g_uiCpu2MonitorVariableMapCount

00014d5a     535 (00014d40)     g_stRtmParamInfo
00014d69     535 (00014d40)     g_uiRtmCpu2ParamLocalCount
00014d6a     535 (00014d40)     g_uiRtmCpu2ParamOrderConstraintCount

00014e8c     53a (00014e80)     g_astCpu2MonitorVariableMap

0001550a     554 (00015500)     IPC_Instance

0003a000     e80 (0003a000)     g_stCoreCommC1FastInstMsg

0003a040     e81 (0003a040)     g_stCoreCommC1SlowStsMsg

0003a094     e82 (0003a080)     g_stCoreCommC1State

0003a0c0     e83 (0003a0c0)     IPC_CPU1_To_CPU2_PutBuffer

0003a148     e85 (0003a140)     g_ulCoreCommBootInjectMask

0003b000     ec0 (0003b000)     IPC_CPU1_To_CPU2_GetBuffer

0003b088     ec2 (0003b080)     g_stCoreCommC2State

0003b0c0     ec3 (0003b0c0)     g_stCoreCommC2CmdMsg

0003b100     ec4 (0003b100)     g_stCoreCommC2ParamMsg


GLOBAL SYMBOLS: SORTED ALPHABETICALLY BY Name 

page  address   name                                   
----  -------   ----                                   
0     00019df3  BOARD_BootTimeUs_Get                   
0     00018b8f  BOARD_BootTimebase_Start               
0     0000ac06  BOARD_DelayUs                          
0     00019ad6  BOARD_Device_Init                      
0     00019ca9  BOARD_Dma_Init                         
0     00019ee1  BOARD_GlobalInt_Disable                
0     00019e65  BOARD_GlobalInt_Enable                 
0     00019e29  BOARD_Interrupt_Init                   
0     00019e69  BOARD_PieGroup1_Ack                    
0     00019ef8  BOARD_RelayDomain_Disable              
0     00019e2e  BOARD_Runtime_Init                     
0     00018db1  BOARD_TimebaseInfo_Get                 
0     000094db  BOARD_UartB_Backend_Init               
0     00019e6d  BOARD_UartB_RxConsumedWords_Get        
0     00019e71  BOARD_UartB_RxDmaEventCount_Get        
0     00019e75  BOARD_UartB_RxDmaOverrunCount_Get      
0     000190a6  BOARD_UartB_RxPending_Get              
0     00019e79  BOARD_UartB_RxPollKickCount_Get        
0     00019e7d  BOARD_UartB_RxRingOverflowCount_Get    
0     00009d1c  BOARD_UartB_RxTake                     
0     00019e81  BOARD_UartB_RxUartErrorCount_Get       
0     00019e85  BOARD_UartB_TxBusyCount_Get            
0     00019e89  BOARD_UartB_TxCompleteCount_Get        
0     00019e8d  BOARD_UartB_TxDropCount_Get            
0     0000a8fe  BOARD_UartB_TxSubmit                   
0     00019e91  BOARD_UartB_TxSubmitCount_Get          
0     00009ff9  BOOTSYNC_Cpu2_MarkAppInitOk            
0     00019d2b  BOOTSYNC_Cpu2_MarkReady                
0     0000a94e  BOOTSYNC_Cpu2_WaitCpu1Release          
0     00019c81  BSW_CoreErr_GetLastError               
0     000190c2  BSW_CoreErr_Init                       
0     00019bfd  BSW_CoreErr_SetLastError               
0     000187ab  BSW_StateMachine_Init                  
0     0000aa8c  BSW_StateMachine_Run                   
0     00019e2e  Board_init                             
0     00018ac7  C$$EXIT                                
0     00017ecc  COREMSG_Access_Command_WriteShared     
0     0000a653  COREMSG_Access_FastInstant_Copy        
0     0000a6aa  COREMSG_Access_FastInstant_ReadShared  
0     00019a3d  COREMSG_Access_Identity_Copy           
0     00019a4b  COREMSG_Access_Identity_WriteShared    
0     0001742b  COREMSG_Access_Parameter_WriteShared   
0     00019b31  COREMSG_Access_Sequence_IsNewer        
0     00019a59  COREMSG_Access_Sequence_PublishBegin   
0     000192d3  COREMSG_Access_SlowStatus_Copy         
0     000192eb  COREMSG_Access_SlowStatus_ReadShared   
0     00018e9c  COREMSG_CommandCpu2_InitBaseline       
0     00019132  COREMSG_CommandCpu2_Publish            
0     00018e9c  COREMSG_CommandCpu2_ResetEndpoint      
0     0001944d  COREMSG_FastInstantCpu2_CheckTimeout   
0     00019b3d  COREMSG_FastInstantCpu2_GetDiag        
0     00019b49  COREMSG_FastInstantCpu2_Init           
0     00019e33  COREMSG_FastInstantCpu2_Rebaseline     
0     00009df6  COREMSG_FastInstantCpu2_Receive        
0     000184db  COREMSG_ParameterCpu2_Init             
0     0001880b  COREMSG_ParameterCpu2_Publish          
0     00018f9a  COREMSG_SlowStatusCpu2_CheckTimeout    
0     00019b55  COREMSG_SlowStatusCpu2_GetDiag         
0     00019e95  COREMSG_SlowStatusCpu2_GetPublishedSeq 
0     00019a67  COREMSG_SlowStatusCpu2_Init            
0     00019e38  COREMSG_SlowStatusCpu2_Rebaseline      
0     00009a71  COREMSG_SlowStatusCpu2_Receive         
0     00019df9  CORESTATE_Cpu2_ClearFault              
0     00019dc9  CORESTATE_Cpu2_ClearReady              
0     00019e99  CORESTATE_Cpu2_GetBootInjectMask       
0     00019e9d  CORESTATE_Cpu2_GetBootStep             
0     00019ea1  CORESTATE_Cpu2_GetCpu1BootEpoch        
0     00019dd0  CORESTATE_Cpu2_GetCpu1FaultFlags       
0     00019ac9  CORESTATE_Cpu2_Init                    
0     00019d61  CORESTATE_Cpu2_IsCpu1StatePresent      
0     00019dff  CORESTATE_Cpu2_LogicAliveIncrement     
0     00019c8b  CORESTATE_Cpu2_SetAppInitOk            
0     00019e3d  CORESTATE_Cpu2_SetBootState            
0     00019e42  CORESTATE_Cpu2_SetFault                
0     00019d2b  CORESTATE_Cpu2_SetReady                
0     00019b61  CORESTATE_Cpu2_ValidateCpu1Abi         
0     0000ad2a  CPU2_Calc_DiagGet                      
0     0001914d  CPU2_Calc_Init                         
0     00018af0  CPU2_Calc_InvRmsResultGet              
0     0001752b  CPU2_Calc_InvRmsRun1ms                 
0     00019c08  CPU2_Calc_Reset                        
0     00018511  CPU2_Calc_ResultGet                    
0     00018d02  CPU2_Calc_RmsWindowSet                 
0     0001668b  CPU2_Calc_Run1ms                       
0     00019c13  CPU2_CoreComm_AppInitOk_Set            
0     00019d2b  CPU2_CoreComm_BootReady_Set            
0     00019e3d  CPU2_CoreComm_BootState_Set            
0     00019e05  CPU2_CoreComm_CommandEndpoint_Reset    
0     00009568  CPU2_CoreComm_FastExchange_Isr         
0     000095ef  CPU2_CoreComm_FastRawBlock_Capture     
0     0000ae8f  CPU2_CoreComm_FastRawBlock_Take        
0     00019e42  CPU2_CoreComm_Fault_Set                
0     00009808  CPU2_CoreComm_Init                     
0     00019dff  CPU2_CoreComm_LogicAlive_Increment     
0     00009981  CPU2_CoreComm_MeasurementDiag_Update   
0     00018a9e  CPU2_CoreComm_MonitorSnapshot_Copy     
0     000197b5  CPU2_CoreComm_ParamEndpoint_Init       
0     000196d4  CPU2_CoreComm_Param_Publish            
0     00019c95  CPU2_CoreComm_PeerBlocked_Get          
0     00019dd0  CPU2_CoreComm_PeerFaultFlags_Get       
0     00018972  CPU2_CoreComm_Publish                  
0     00019e47  CPU2_CoreComm_RuntimeDiag_MarkRunning  
0     00019ee4  CPU2_CoreComm_RxStatus_Get             
0     000093b3  CPU2_CoreComm_RxStatus_Run             
0     000196ae  CPU2_CoreComm_SlowStatusTimeout_Get    
0     00019e95  CPU2_CoreComm_SlowStsSeq_Get           
0     00019ea5  CPU2_CoreComm_TickMs_Get               
0     00009bcc  CPU2_CoreComm_Update                   
0     0001977f  CPU2_CoreComm_WaitCpu1Release          
0     00018c96  CPU2_Dk9Mil_Init                       
0     00018618  CPU2_Dk9Mil_LogicShadow_Update         
0     00019791  CPU2_Dk9Mil_Run1ms                     
0     00019b6d  CPU2_Frt_Init                          
0     00019ee7  CPU2_Frt_Reset                         
0     000176f0  CPU2_Frt_Run1ms                        
0     00019845  CPU2_LegacyOsc_Checksum                
0     0000a7af  CPU2_LegacyOsc_FrameEncode             
0     00019c1e  CPU2_LegacyOsc_Parser_Init             
0     00009676  CPU2_LegacyOsc_Parser_Push             
0     00019856  CPU2_Logic_Init                        
0     00018dd3  CPU2_Logic_InputBuildWithPermissions   
0     000091de  CPU2_Logic_Run1ms                      
0     00019513  CPU2_MonitorBackend_Init               
0     00019867  CPU2_MonitorBackend_RxByte             
0     00019ef9  CPU2_MonitorBackend_TxDone             
0     00018c27  CPU2_MonitorParam_Read                 
0     00019966  CPU2_MonitorTransport_Init             
0     00018749  CPU2_MonitorTransport_RxDrain          
0     00019dd7  CPU2_MonitorTransport_RxPoll1ms        
0     00019878  CPU2_MonitorTransport_TxSubmit         
0     00019889  CPU2_Param_ActiveImage_Get             
0     00009ec8  CPU2_Param_Boot_Init                   
0     00019ea9  CPU2_Param_FaultFlags_Get              
0     00016cf4  CPU2_Param_FrtView_Get                 
0     000096fc  CPU2_Param_Init                        
0     000197a3  CPU2_Param_IsApplied                   
0     00019a75  CPU2_Param_IsValid                     
0     0000a9ee  CPU2_Param_MeasView_Get                
0     00016e4a  CPU2_Param_OffgridCtrlView_Get         
0     000193c3  CPU2_Param_RatedView_Get               
0     00009f94  CPU2_Param_Run1ms                      
0     000199b6  CPU2_Product_ControlInput_Set          
0     00009b5a  CPU2_Product_EmsTask_Run               
0     00009905  CPU2_Product_FaultTask_Run             
0     000177cb  CPU2_Product_Init                      
0     00018e39  CPU2_Product_MonitorLocal_Read         
0     00016000  CPU2_Product_Run1ms                    
0     00019b79  CPU2_RelayControl_Command_IsAllowed    
0     00019ead  CPU2_RelayControl_CurrentPath_Get      
0     00019eb1  CPU2_RelayControl_Fault_Get            
0     00019463  CPU2_RelayControl_Init                 
0     00019224  CPU2_RelayControl_Request              
0     00018fb8  CPU2_RelayControl_Run1ms               
0     00019eb5  CPU2_RelayControl_State_Get            
0     00019c9f  CPU2_Rtos_AssertFailure_Stop           
0     000187db  CPU2_Rtos_CommEvent_PostFromIsr        
0     000180c3  CPU2_Rtos_CommEvent_PostRxReadyFromIsr 
0     0001864b  CPU2_Rtos_CommEvent_PostRxReadyFromTask
0     00019d69  CPU2_Rtos_CommEvent_RxReadyConsumed    
0     00019479  CPU2_Rtos_Critical_Enter               
0     0000afe1  CPU2_Rtos_Critical_Exit                
0     0000a004  CPU2_Rtos_Init                         
0     00018d25  CPU2_Rtos_IpcIsrLoad_Update            
0     00018895  CPU2_Rtos_IpcWindow_Commit             
0     00019d34  CPU2_Rtos_StartScheduler               
0     000183c6  CPU2_Safety_Command_Apply              
0     00019eb9  CPU2_Safety_CtrlBlocked_Get            
0     00019b85  CPU2_Safety_CtrlFault_Latch            
0     00018230  CPU2_Safety_FaultClear_AppliedTake     
0     00019ebd  CPU2_Safety_FaultClear_Prepare         
0     000199c5  CPU2_Safety_FaultClear_Published       
0     00019b91  CPU2_Safety_Init                       
0     00019e0b  CPU2_Safety_LogicFault_Get             
0     00019303  CPU2_Safety_ParamFail_Apply            
0     00009782  CPU2_Safety_Run1ms                     
0     000188c2  CPU2_Safety_StartupFail_Stop           
[...]
0     000199a6  xPortStartScheduler                    
0     00018042  xQueueGenericCreateStatic              
0     00009d89  xQueueGenericReset                     
0     00017a25  xQueueGenericSend                      
0     0000a069  xQueueGenericSendFromISR               
0     00017cdd  xQueueReceive                          
0     000182a6  xTaskCheckForTimeOut                   
0     000194fd  xTaskCreateStatic                      
0     0000a8ad  xTaskDelayUntil                        
0     00019abb  xTaskGetIdleTaskHandle                 
0     00019c76  xTaskGetTickCount                      
0     00009318  xTaskIncrementTick                     
0     00009887  xTaskRemoveFromEventList               
0     00017d83  xTaskResumeAll                         


GLOBAL SYMBOLS: SORTED BY Symbol Address 

page  address   name                                   
----  -------   ----                                   
0     00000000  code_start                             
0     000001c0  __TI_Handler_Table_Base                
0     000001c6  __TI_Handler_Table_Limit               
0     000001ce  __TI_CINIT_Base                        
0     000001da  __TI_CINIT_Limit                       
0     000001da  __TI_CINIT_Warm                        
0     00000400  __stack                                
0     000007f8  __TI_STACK_END                         
0     000091de  CPU2_Logic_Run1ms                      
0     0000927b  DMA_configMode                         
0     00009318  xTaskIncrementTick                     
0     000093b3  CPU2_CoreComm_RxStatus_Run             
0     000094db  BOARD_UartB_Backend_Init               
0     00009568  CPU2_CoreComm_FastExchange_Isr         
0     000095ef  CPU2_CoreComm_FastRawBlock_Capture     
0     00009676  CPU2_LegacyOsc_Parser_Push             
0     000096fc  CPU2_Param_Init                        
0     00009782  CPU2_Safety_Run1ms                     
0     00009808  CPU2_CoreComm_Init                     
0     00009887  xTaskRemoveFromEventList               
0     00009905  CPU2_Product_FaultTask_Run             
0     00009981  CPU2_CoreComm_MeasurementDiag_Update   
0     00009a71  COREMSG_SlowStatusCpu2_Receive         
0     00009b5a  CPU2_Product_EmsTask_Run               
0     00009bcc  CPU2_CoreComm_Update                   
0     00009c3d  LOGIC_Frt_ConfigValidate               
0     00009cad  prvBOARD_UartB_Isr                     
0     00009d1c  BOARD_UartB_RxTake                     
0     00009d89  xQueueGenericReset                     
0     00009df6  COREMSG_FastInstantCpu2_Receive        
0     00009ec8  CPU2_Param_Boot_Init                   
0     00009f94  CPU2_Param_Run1ms                      
0     00009ff9  BOOTSYNC_Cpu2_MarkAppInitOk            
0     0000a000  SysCtl_delay                           
0     0000a004  CPU2_Rtos_Init                         
0     0000a069  xQueueGenericSendFromISR               
0     0000a2b6  CTRL_VoltRms_Run                       
0     0000a372  UART_setConfig                         
0     0000a42c  pxPortInitialiseStack                  
0     0000a653  COREMSG_Access_FastInstant_Copy        
0     0000a6aa  COREMSG_Access_FastInstant_ReadShared  
0     0000a701  CPU2_Validation_Watch_Publish          
0     0000a758  prvBOARD_UartB_TxDmaIsr                
0     0000a7af  CPU2_LegacyOsc_FrameEncode             
0     0000a805  vTaskSwitchContext                     
0     0000a8ad  xTaskDelayUntil                        
0     0000a8fe  BOARD_UartB_TxSubmit                   
0     0000a94e  BOOTSYNC_Cpu2_WaitCpu1Release          
0     0000a9ee  CPU2_Param_MeasView_Get                
0     0000aa8c  BSW_StateMachine_Run                   
0     0000ab71  RTM_Cpu2Param_Init                     
0     0000ac06  BOARD_DelayUs                          
0     0000ac4f  CPU2_Validation_ControlCommand_Take    
0     0000ad2a  CPU2_Calc_DiagGet                      
0     0000ae49  DMA_configWrap                         
0     0000ae8f  CPU2_CoreComm_FastRawBlock_Take        
0     0000aed3  UTILS_Pi_RunError                      
0     0000afe1  CPU2_Rtos_Critical_Exit                
0     0000b6c0  g_stCoreCommCpu2Watch                  
0     0000b914  g_stCpu2RtosValidationCommMailbox      
0     0000ba40  g_stCpu2RtosWatch                      
0     0000bbe4  g_stCpu2ParamRuntimeIdentityWatch      
0     0000bc00  g_stCpu2Dk9MilWatch                    
0     0000bd8a  g_stCpu2ValidationCmd                  
0     0000bdc0  g_stCpu2ValidationWatch                
0     0000bef8  pxCurrentTCB                           
0     0000bf00  __TI_enable_exit_profile_output        
0     0000bf02  __TI_cleanup_ptr                       
0     0000bf04  __TI_dtors_ptr                         
0     0000bf06  bYield                                 
0     0000bf07  bPreemptive                            
0     0000bf08  ulCriticalNesting                      
0     0000bf0a  _lock                                  
0     0000bf0c  _unlock                                
0     00014000  g_stRtmCpu2ParamLocalTable             
0     0001473f  g_uiCpu2MonitorVariableMapCount        
0     00014d5a  g_stRtmParamInfo                       
0     00014d69  g_uiRtmCpu2ParamLocalCount             
0     00014d6a  g_uiRtmCpu2ParamOrderConstraintCount   
0     00014e8c  g_astCpu2MonitorVariableMap            
0     0001550a  IPC_Instance                           
0     00016000  CPU2_Product_Run1ms                    
0     0001668b  CPU2_Calc_Run1ms                       
0     0001684e  LOGIC_Frt_Run1ms                       
0     000169fa  Device_enableAllPeripherals            
0     00016cf4  CPU2_Param_FrtView_Get                 
0     00016e4a  CPU2_Param_OffgridCtrlView_Get         
0     00017324  __c28xabi_divll                        
0     00017360  __c28xabi_modll                        
0     0001739a  __c28xabi_divull                       
0     000173c9  __c28xabi_modull                       
0     0001742b  COREMSG_Access_Parameter_WriteShared   
0     0001752b  CPU2_Calc_InvRmsRun1ms                 
0     000176f0  CPU2_Frt_Run1ms                        
0     000177cb  CPU2_Product_Init                      
0     00017a25  xQueueGenericSend                      
0     00017b88  getSTF                                 
0     00017b8c  portRESTORE_FIRST_CONTEXT              
0     00017b97  portTICK_ISR                           
0     00017c37  prvBOARD_UartB_RxDmaIsr                
0     00017cdd  xQueueReceive                          
0     00017d83  xTaskResumeAll                         
0     00017ecc  COREMSG_Access_Command_WriteShared     
0     00018042  xQueueGenericCreateStatic              
0     000180c3  CPU2_Rtos_CommEvent_PostRxReadyFromIsr 
0     00018101  vPortSetupTimerInterrupt               
0     0001813f  Interrupt_initModule                   
0     0001817c  DMA_configTransfer                     
0     00018230  CPU2_Safety_FaultClear_AppliedTake     
0     000182a6  xTaskCheckForTimeOut                   
0     0001831b  IPC_Port_SyncWithTimeout               
0     000183c6  CPU2_Safety_Command_Apply              
0     00018436  DMA_configBurst                        
0     0001846d  Interrupt_enable                       
0     000184db  COREMSG_ParameterCpu2_Init             
0     00018511  CPU2_Calc_ResultGet                    
0     00018546  LOGIC_StateMachine_Run                 
0     00018618  CPU2_Dk9Mil_LogicShadow_Update         
0     0001864b  CPU2_Rtos_CommEvent_PostRxReadyFromTask
0     0001867e  CPU2_Validation_Init                   
0     00018717  LOGIC_Frt_ConfigApply                  
0     00018749  CPU2_MonitorTransport_RxDrain          
0     000187ab  BSW_StateMachine_Init                  
0     000187db  CPU2_Rtos_CommEvent_PostFromIsr        
0     0001880b  COREMSG_ParameterCpu2_Publish          
0     00018839  __TI_decompress_lzss                   
0     00018895  CPU2_Rtos_IpcWindow_Commit             
0     000188c2  CPU2_Safety_StartupFail_Stop           
0     000188ee  CTRL_VoltRms_Init                      
0     00018972  CPU2_CoreComm_Publish                  
0     0001899d  RTM_Cpu2Param_Read                     
0     000189c8  UTILS_Math_SqrtU32                     
0     000189f3  __TI_auto_init_nobinit_nopinit         
0     00018a74  __c28xabi_divl                         
0     00018a83  __c28xabi_modl                         
0     00018a91  __c28xabi_divul                        
0     00018a98  __c28xabi_modul                        
0     00018a9e  CPU2_CoreComm_MonitorSnapshot_Copy     
0     00018ac7  C$$EXIT                                
0     00018ac7  abort                                  
0     00018ac9  exit                                   
0     00018af0  CPU2_Calc_InvRmsResultGet              
0     00018b8f  BOARD_BootTimebase_Start               
0     00018c27  CPU2_MonitorParam_Read                 
0     00018c4c  DMA_configAddresses                    
0     00018c96  CPU2_Dk9Mil_Init                       
0     00018d02  CPU2_Calc_RmsWindowSet                 
0     00018d25  CPU2_Rtos_IpcIsrLoad_Update            
0     00018d6b  LOGIC_Frt_Reset                        
0     00018db1  BOARD_TimebaseInfo_Get                 
0     00018dd3  CPU2_Logic_InputBuildWithPermissions   
0     00018e39  CPU2_Product_MonitorLocal_Read         
0     00018e5a  UTILS_Math_ClampI64ToI32               
0     00018e7b  main                                   
0     00018e9c  COREMSG_CommandCpu2_InitBaseline       
0     00018e9c  COREMSG_CommandCpu2_ResetEndpoint      
0     00018ede  LOGIC_StateMachine_Init                
0     00018efe  memcpy                                 
0     00018f1e  CTRL_VoltRms_SetConfig                 
0     00018f7b  vTaskStartScheduler                    
0     00018f9a  COREMSG_SlowStatusCpu2_CheckTimeout    
0     00018fb8  CPU2_RelayControl_Run1ms               
0     00018fd6  IPC_Port_Timeout_IsExpired             
0     00018ff4  Interrupt_initVectorTable              
0     00019012  LOGIC_Frt_Init                         
0     0001904e  __c28xabi_cmpll                        
0     00019060  __c28xabi_cmpull                       
0     000190a6  BOARD_UartB_RxPending_Get              
0     000190c2  BSW_CoreErr_Init                       
0     00019132  COREMSG_CommandCpu2_Publish            
0     0001914d  CPU2_Calc_Init                         
0     000191d4  vListInsert                            
0     000191ef  vTaskPlaceOnEventList                  
0     00019224  CPU2_RelayControl_Request              
0     000192ba  _c_int00                               
0     000192d3  COREMSG_Access_SlowStatus_Copy         
0     000192eb  COREMSG_Access_SlowStatus_ReadShared   
0     00019303  CPU2_Safety_ParamFail_Apply            
0     0001931b  CPU2_Validation_LogicAlive_CanPublish  
0     000193c3  CPU2_Param_RatedView_Get               
0     0001944d  COREMSG_FastInstantCpu2_CheckTimeout   
0     00019463  CPU2_RelayControl_Init                 
0     00019479  CPU2_Rtos_Critical_Enter               
0     0001948f  Interrupt_defaultHandler               
0     000194e7  uxTaskGetStackHighWaterMark            
0     000194fd  xTaskCreateStatic                      
0     00019513  CPU2_MonitorBackend_Init               
0     0001969a  __c28xabi_mpyll                        
0     000196ae  CPU2_CoreComm_SlowStatusTimeout_Get    
0     000196c1  CPUTimer_setEmulationMode              
0     000196d4  CPU2_CoreComm_Param_Publish            
0     000196d4  PARAMBIND_Cpu2_Publish                 
0     000196e7  RTM_Cpu2Param_Metadata_Get             
0     0001976c  memcmp                                 
0     0001977f  CPU2_CoreComm_WaitCpu1Release          
0     00019791  CPU2_Dk9Mil_Run1ms                     
0     000197a3  CPU2_Param_IsApplied                   
0     000197b5  CPU2_CoreComm_ParamEndpoint_Init       
0     000197b5  PARAMBIND_Cpu2_Init                    
0     00019833  _args_main                             
0     00019845  CPU2_LegacyOsc_Checksum                
0     00019856  CPU2_Logic_Init                        
0     00019867  CPU2_MonitorBackend_RxByte             
0     00019878  CPU2_MonitorTransport_TxSubmit         
0     00019889  CPU2_Param_ActiveImage_Get             
0     0001989a  UTILS_Rms_Calc                         
0     00019955  uxListRemove                           
0     00019966  CPU2_MonitorTransport_Init             
0     000199a6  xPortStartScheduler                    
0     000199b6  CPU2_Product_ControlInput_Set          
0     000199c5  CPU2_Safety_FaultClear_Published       
0     00019a3d  COREMSG_Access_Identity_Copy           
0     00019a4b  COREMSG_Access_Identity_WriteShared    
0     00019a59  COREMSG_Access_Sequence_PublishBegin   
0     00019a67  COREMSG_SlowStatusCpu2_Init            
0     00019a75  CPU2_Param_IsValid                     
0     00019a83  IPC_Port_AbortTx                       
0     00019a91  IPC_Port_Ack                           
0     00019abb  xTaskGetIdleTaskHandle                 
0     00019ac9  CORESTATE_Cpu2_Init                    
0     00019ad6  BOARD_Device_Init                      
0     00019ad6  Device_init                            
0     00019b31  COREMSG_Access_Sequence_IsNewer        
0     00019b3d  COREMSG_FastInstantCpu2_GetDiag        
0     00019b49  COREMSG_FastInstantCpu2_Init           
0     00019b55  COREMSG_SlowStatusCpu2_GetDiag         
0     00019b61  CORESTATE_Cpu2_ValidateCpu1Abi         
0     00019b6d  CPU2_Frt_Init                          
0     00019b79  CPU2_RelayControl_Command_IsAllowed    
0     00019b85  CPU2_Safety_CtrlFault_Latch            
0     00019b91  CPU2_Safety_Init                       
0     00019b9d  INTERRUPT_init                         
0     00019bf1  vPortSetupSWInterrupt                  
0     00019bfd  BSW_CoreErr_SetLastError               
0     00019c08  CPU2_Calc_Reset                        
0     00019c13  CPU2_CoreComm_AppInitOk_Set            
0     00019c1e  CPU2_LegacyOsc_Parser_Init             
0     00019c29  UTILS_Pi_Run                           
0     00019c6b  vListInitialise                        
0     00019c76  xTaskGetTickCount                      
0     00019c81  BSW_CoreErr_GetLastError               
0     00019c8b  CORESTATE_Cpu2_SetAppInitOk            
0     00019c95  CPU2_CoreComm_PeerBlocked_Get          
0     00019c9f  CPU2_Rtos_AssertFailure_Stop           
0     00019ca9  BOARD_Dma_Init                         
0     00019cb3  Interrupt_illegalOperationHandler      
0     00019cbd  Interrupt_nmiHandler                   
0     00019d17  vApplicationGetIdleTaskMemory          
0     00019d21  vPortExitCritical                      
0     00019d2b  BOOTSYNC_Cpu2_MarkReady                
0     00019d2b  CORESTATE_Cpu2_SetReady                
0     00019d2b  CPU2_CoreComm_BootReady_Set            
0     00019d34  CPU2_Rtos_StartScheduler               
0     00019d3d  IPC_Port_TimeUs_Get                    
0     00019d58  _register_unlock                       
0     00019d5c  _register_lock                         
0     00019d60  _nop                                   
0     00019d61  CORESTATE_Cpu2_IsCpu1StatePresent      
0     00019d69  CPU2_Rtos_CommEvent_RxReadyConsumed    
0     00019d71  __TI_decompress_none                   
0     00019db9  vPortEnterCritical                     
0     00019dc1  vTaskInternalSetTimeOutState           
0     00019dc9  CORESTATE_Cpu2_ClearReady              
0     00019dd0  CORESTATE_Cpu2_GetCpu1FaultFlags       
0     00019dd0  CPU2_CoreComm_PeerFaultFlags_Get       
0     00019dd7  CPU2_MonitorTransport_RxPoll1ms        
0     00019de5  memset                                 
0     00019dec  vApplicationStackOverflowHook          
0     00019df3  BOARD_BootTimeUs_Get                   
0     00019df9  CORESTATE_Cpu2_ClearFault              
0     00019dff  CORESTATE_Cpu2_LogicAliveIncrement     
0     00019dff  CPU2_CoreComm_LogicAlive_Increment     
0     00019e05  CPU2_CoreComm_CommandEndpoint_Reset    
0     00019e0b  CPU2_Safety_LogicFault_Get             
0     00019e11  __TI_zero_init                         
0     00019e29  BOARD_Interrupt_Init                   
0     00019e2e  BOARD_Runtime_Init                     
0     00019e2e  Board_init                             
0     00019e33  COREMSG_FastInstantCpu2_Rebaseline     
0     00019e38  COREMSG_SlowStatusCpu2_Rebaseline      
0     00019e3d  CORESTATE_Cpu2_SetBootState            
0     00019e3d  CPU2_CoreComm_BootState_Set            
0     00019e42  CORESTATE_Cpu2_SetFault                
0     00019e42  CPU2_CoreComm_Fault_Set                
0     00019e47  CPU2_CoreComm_RuntimeDiag_MarkRunning  
0     00019e4c  CTRL_VoltRms_Reset                     
0     00019e60  vTaskMissedYield                       
0     00019e65  BOARD_GlobalInt_Enable                 
0     00019e69  BOARD_PieGroup1_Ack                    
0     00019e6d  BOARD_UartB_RxConsumedWords_Get        
0     00019e71  BOARD_UartB_RxDmaEventCount_Get        
0     00019e75  BOARD_UartB_RxDmaOverrunCount_Get      
0     00019e79  BOARD_UartB_RxPollKickCount_Get        
0     00019e7d  BOARD_UartB_RxRingOverflowCount_Get    
0     00019e81  BOARD_UartB_RxUartErrorCount_Get       
0     00019e85  BOARD_UartB_TxBusyCount_Get            
0     00019e89  BOARD_UartB_TxCompleteCount_Get        
0     00019e8d  BOARD_UartB_TxDropCount_Get            
0     00019e91  BOARD_UartB_TxSubmitCount_Get          
0     00019e95  COREMSG_SlowStatusCpu2_GetPublishedSeq 
0     00019e95  CPU2_CoreComm_SlowStsSeq_Get           
0     00019e99  CORESTATE_Cpu2_GetBootInjectMask       
0     00019e9d  CORESTATE_Cpu2_GetBootStep             
0     00019ea1  CORESTATE_Cpu2_GetCpu1BootEpoch        
0     00019ea5  CPU2_CoreComm_TickMs_Get               
0     00019ea9  CPU2_Param_FaultFlags_Get              
0     00019ead  CPU2_RelayControl_CurrentPath_Get      
0     00019eb1  CPU2_RelayControl_Fault_Get            
0     00019eb5  CPU2_RelayControl_State_Get            
0     00019eb9  CPU2_Safety_CtrlBlocked_Get            
0     00019ebd  CPU2_Safety_FaultClear_Prepare         
0     00019ec1  IPC_Port_Timebase_Set                  
0     00019ec5  RTM_Cpu2Param_Version_Get              
0     00019ed5  uxTaskGetNumberOfTasks                 
0     00019ed9  vListInitialiseItem                    
0     00019edd  vTaskSuspendAll                        
0     00019ee1  BOARD_GlobalInt_Disable                
0     00019ee4  CPU2_CoreComm_RxStatus_Get             
0     00019ee7  CPU2_Frt_Reset                         
0     00019eea  UTILS_Math_SquareI16                   
0     00019eed  UTILS_Pi_Reset                         
0     00019ef0  __error__                              
0     00019ef6  _system_pre_init                       
0     00019ef8  BOARD_RelayDomain_Disable              
0     00019ef9  CPU2_MonitorBackend_TxDone             
0     00019efb  _system_post_cinit                     
0     0003a000  g_stCoreCommC1FastInstMsg              
0     0003a040  g_stCoreCommC1SlowStsMsg               
0     0003a094  g_stCoreCommC1State                    
0     0003a0c0  IPC_CPU1_To_CPU2_PutBuffer             
0     0003a148  g_ulCoreCommBootInjectMask             
0     0003b000  IPC_CPU1_To_CPU2_GetBuffer             
0     0003b088  g_stCoreCommC2State                    
0     0003b0c0  g_stCoreCommC2CmdMsg                   
0     0003b100  g_stCoreCommC2ParamMsg                 
abs   000003f8  __TI_STACK_SIZE                        
abs   ffffffff  __TI_pprof_out_hndl                    
abs   ffffffff  __TI_prof_data_size                    
abs   ffffffff  __TI_prof_data_start                   
abs   ffffffff  __c_args__                             

[340 symbols]
