******************************************************************************
             TMS320C2000 Linker PC v25.11.1                    
******************************************************************************
>> Linked Wed Sep  2 10:50:28 2026

OUTPUT FILE NAME:   <Hybrid30K_CPU1_DK9_LAUNCHXL.out>
ENTRY POINT SYMBOL: "code_start"  address: 00080000


MEMORY CONFIGURATION

         name            origin    length      used     unused   attr    fill
----------------------  --------  ---------  --------  --------  ----  --------
  BOOT_RSVD             00000002   000001af  00000000  000001af  RWIX
  RAMM0                 000001b1   0000024f  00000000  0000024f  RWIX
  RAMM1                 00000400   00000400  00000000  00000400  RWIX
  CLATOCPURAM           00001480   00000080  00000036  0000004a  RWIX
  CPUTOCLARAM           00001500   00000080  0000003c  00000044  RWIX
  CLATODMARAM           00001680   00000080  00000000  00000080  RWIX
  DMATOCLARAM           00001700   00000080  00000000  00000080  RWIX
  RAMLS0_6              00008000   00003800  00002e6e  00000992  RWIX
  RAMLS7                0000b800   00000800  00000225  000005db  RWIX
  RAMD0                 0000c000   00002000  000004bf  00001b41  RWIX
  RAMD1_STACK           0000e000   00000700  00000700  00000000  RWIX
  RAMD1_GUARD           0000e700   00000020  00000000  00000020  RWIX
  RAMD1_WORK            0000e720   000018e0  00000000  000018e0  RWIX
  RAMGS0                00010000   00002000  00000000  00002000  RWIX
  RAMGS1                00012000   00002000  00000000  00002000  RWIX
  RAMGS2                00014000   00002000  00000000  00002000  RWIX
  RAMD4                 0001e000   00002000  00000000  00002000  RWIX
  RAMD5                 00020000   00002000  00000000  00002000  RWIX
  RAMLS8                00022000   00002000  000007ab  00001855  RWIX
  RAMLS9                00024000   00002000  00000000  00002000  RWIX
  CPU1TOCPU2RAM         0003a000   00000400  00000148  000002b8  RWIX
  CPU2TOCPU1RAM         0003b000   00000400  00000144  000002bc  RWIX
  BEGIN                 00080000   00000002  00000002  00000000  RWIX
  FLASH_BANK0           00080002   0001fffe  0000ce21  000131dd  RWIX
  FLASH_BANK1           000a0000   00020000  00000000  00020000  RWIX
  FLASH_BANK2           000c0000   00020000  00000000  00020000  RWIX
  RESET                 003fffc0   00000002  00000000  00000002  RWIX


SECTION ALLOCATION MAP

 output                                  attributes/
section   page    origin      length       input sections
--------  ----  ----------  ----------   ----------------
codestart 
*          0    00080000    00000002     
                  00080000    00000002     f28p65x_codestartbranch.obj (codestart)

.text      0    00083338    000076f8     
                  00083338    00001464     board.obj (.text:EPWM_init)
                  0008479c    000005fc     cpu1_param.obj (.text:CPU1_Param_MeasurementCfg_Build)
                  00084d98    000002fc     board.obj (.text:PinMux_init)
                  00085094    00000240     cpu1_ctrl.obj (.text:CPU1_Ctrl_Sample_Run)
                  000852d4    0000022a     cpu1_ctrl.obj (.text:CPU1_Ctrl_StartupConfig_Get)
                  000854fe    000001f7     cpu1_measurement.obj (.text:prvCPU1_Measurement_DirectRun)
                  000856f5    000001cd     cpu1_measurement.obj (.text:prvCPU1_Measurement_MuxSlowRun)
                  000858c2    000001c7     cpu1_ctrl.obj (.text:CPU1_Ctrl_Fast_Run)
                  00085a89    000001a3     cpu1_ctrl.obj (.text:CPU1_Ctrl_ConfigApply)
                  00085c2c    000001a0     device.obj (.text:Device_enableAllPeripherals)
                  00085dcc    0000018a     board.obj (.text:MEMCFG_init)
                  00085f56    00000188     cpu1_measurement.obj (.text:prvCPU1_Measurement_SnapshotPack)
                  000860de    00000158     board_cpu1_safety.obj (.text:prvBOARD_PwmSafeDisabled_Init)
                  00086236    00000151     cpu1_ctrl.obj (.text:CPU1_Ctrl_Init)
                  00086387    00000126     driverlib.lib : sysctl.obj (.text:SysCtl_setClock)
                  000864ad    00000120                   : sysctl.obj (.text:SysCtl_isPLLValid)
                  000865cd    00000117     board_cpu1_safety.obj (.text:prvBOARD_TripLatch_InitAndAssert)
                  000866e4    00000111     cpu1_core_comm.obj (.text:CPU1_CoreComm_Run1ms)
                  000867f5    00000107     rts2800_fpu64_eabi.lib : ll_div28.asm.obj (.text)
                  000868fc    00000101     ctrl_voltage_loop.obj (.text:CTRL_VoltLoop_Run)
                  000869fd    00000100     core_msg_access.obj (.text:COREMSG_Access_Parameter_Copy)
                  00086afd    00000100     core_msg_access.obj (.text:COREMSG_Access_Parameter_ReadShared)
                  00086bfd    000000fd     cpu1_ctrl.obj (.text:CPU1_Ctrl_InputsCommit)
                  00086cfa    000000f0     cpu1_measurement.obj (.text:prvCPU1_Measurement_MuxFastRun)
                  00086dea    000000d0     cpu1_ctrl.obj (.text:prvCPU1_Ctrl_ClaRuntime_Build)
                  00086eba    000000c5     board.obj (.text:DK9_SMOKE_ADCA_init)
                  00086f7f    000000c3     board.obj (.text:DK9_VALIDATION_ADCB_init)
                  00087042    000000c3     board.obj (.text:DK9_VALIDATION_ADCC_init)
                  00087105    000000ac     board_cpu1.obj (.text:BOARD_Runtime_Init)
                  000871b1    000000a9     driverlib.lib : memcfg.obj (.text:MemCfg_setProtection)
                  0008725a    0000009f     core_msg_access.obj (.text:COREMSG_Access_Command_Copy)
                  000872f9    0000009f     core_msg_access.obj (.text:COREMSG_Access_Command_ReadShared)
                  00087398    0000009f     core_msg_cpu1.obj (.text:COREMSG_ParameterCpu1_Receive)
                  00087437    0000009e     board_cpu1.obj (.text:BOARD_InvPwmDeadBand_Init)
                  000874d5    0000009c     ctrl_open_loop.obj (.text:prvCTRL_OpenLoop_InvRun)
                  00087571    00000097     cpu1_core_comm.obj (.text:CPU1_CoreComm_Cpu2Boot_Run)
                  00087608    00000096     cpu1_measurement.obj (.text:CPU1_Measurement_Init)
                  0008769e    0000008c     cpu1_core_comm.obj (.text:prvCPU1_CoreComm_LogicAlive_Update)
                  0008772a    0000008b     driverlib.lib : memcfg.obj (.text:MemCfg_getInitStatus)
                  000877b5    0000008b     utils_pos_neg_seq.obj (.text:UTILS_Pos_Neg_Seq_Run)
                  00087840    00000089     board.obj (.text:BOARD_CARRIER_SYNC_ECAP1_init)
                  000878c9    00000088     rts2800_fpu64_eabi.lib : fs_div28.asm.obj (.text)
                  00087951    00000085     ctrl_carrier_sync.obj (.text:CTRL_CarrierSync_Run)
                  000879d6    00000083     boot_sync.obj (.text:BOOTSYNC_Cpu1_StartCpu2Attempt)
                  00087a59    0000007d     cpu1_core_comm.obj (.text:CPU1_CoreComm_StartupParameters_Receive)
                  00087ad6    0000007c     driverlib.lib : memcfg.obj (.text:MemCfg_initSections)
                  00087b52    0000007b     cpu1_ctrl.obj (.text:prvCPU1_Ctrl_Offgrid_Run)
                  00087bcd    00000077     rtm_cpu1_param.obj (.text:prvRTM_Cpu1Param_ConfigRangeIsValid)
                  00087c44    00000073     boot_sync.obj (.text:BOOTSYNC_Cpu1_WaitCpu2Ready)
                  00087cb7    00000073     driverlib.lib : sysctl.obj (.text:DCC_setCounterSeeds)
                  00087d2a    00000073     cpu1_measurement.obj (.text:prvCPU1_Measurement_PhysicalSet)
                  00087d9d    00000071     board_cpu1.obj (.text:BOARD_CtrlTimebase_Start)
                  00087e0e    00000071     driverlib.lib : gpio.obj (.text:GPIO_setAnalogMode)
                  00087e7f    0000006f     cpu1_measurement.obj (.text:prvCPU1_Measurement_EffectiveCfg_Update)
                  00087eee    0000006e     core_msg_cpu1.obj (.text:COREMSG_CommandCpu1_Receive)
                  00087f5c    0000006b     main_cpu1.obj (.text:main)
                  00087fc7    00000066     cpu1_cla.obj (.text:CPU1_Cla_StartupConfig_Apply)
                  0008802d    00000066     board_cpu1_safety.obj (.text:prvBOARD_TripLatch_IsAsserted)
                  00088093    00000065     driverlib.lib : sysctl.obj (.text:SysCtl_getClock)
                  000880f8    00000065     board_cpu1_safety.obj (.text:prvBOARD_TripLatch_Assert)
                  0008815d    00000064     driverlib.lib : adc.obj (.text:ADC_setINLTrim)
                  000881c1    00000064                   : can.obj (.text:CAN_setBitTiming)
                  00088225    00000063     cpu1_ctrl.obj (.text:prvCPU1_Ctrl_Angle_Run)
                  00088288    00000062     cpu1_ctrl.obj (.text:prvCPU1_Ctrl_CarrierSync_Run8k)
                  000882ea    0000005e     cpu1_safety.obj (.text:CPU1_Nmi_Isr)
                  00088348    0000005d     driverlib.lib : uart.obj (.text:UART_setConfig)
                  000883a5    0000005c                   : spi.obj (.text:SPI_setConfig)
                  00088401    0000005b     cpu1_param.obj (.text:CPU1_Param_PllSnapshot_Get)
                  0008845c    0000005b     cpu1_ctrl.obj (.text:prvCPU1_Ctrl_AdcPuGain_Calc)
                  000884b7    0000005a     cpu1_measurement.obj (.text:prvCPU1_Measurement_ZeroRun)
                  00088511    00000059     ctrl_soft_pll.obj (.text:CTRL_SoftPLL_Run)
                  0008856a    00000057     core_msg_access.obj (.text:COREMSG_Access_FastInstant_WriteShared)
                  000885c1    00000057     cpu1_ctrl.obj (.text:prvCPU1_Ctrl_VoltCfg_Build)
                  00088618    00000056     core_msg_cpu1.obj (.text:COREMSG_ParameterCpu1_ApplyPending)
                  0008866e    00000055     core_msg_cpu1.obj (.text:COREMSG_CommandCpu1_ApplyPending)
                  000886c3    00000052     driverlib.lib : gpio.obj (.text:GPIO_setPadConfig)
                  00088715    00000052     cpu1_ctrl.obj (.text:prvCPU1_Ctrl_AdcPuCfg_Calc)
                  00088767    0000004f     cpu1_measurement.obj (.text:CPU1_Measurement_Run8k)
                  000887b6    0000004f     device.obj (.text:Device_init)
                  00088805    0000004f     cpu1_ctrl.obj (.text:prvCPU1_Ctrl_PccVoltage_ToQ12)
                  00088854    0000004e     cpu1_measurement.obj (.text:prvCPU1_Measurement_MuxAbcPublish)
                  000888a2    0000004d     board.obj (.text:EPWM_isBaseValid)
                  000888ef    0000004d     driverlib.lib : xbar.obj (.text:XBAR_setEPWMMuxConfig)
                  0008893c    0000004c     board_cpu1.obj (.text:BOARD_CtrlTimebase_StopForConfig)
                  00088988    0000004c     core_msg_cpu1.obj (.text:prvCOREMSG_CommandRx_CanApplyPending)
                  000889d4    0000004c     rtm_cpu1_param.obj (.text:prvRTM_Cpu1Param_TypeRangeIsValid)
                  00088a20    0000004b     rtm_cpu1_param.obj (.text:RTM_Cpu1Param_Init)
                  00088a6b    00000049     driverlib.lib : adc.obj (.text:ADC_setVREF)
                  00088ab4    00000049     board_cpu1.obj (.text:BOARD_DelayUs)
                  00088afd    00000049     cpu1_param.obj (.text:CPU1_Param_CurrCtrlSnapshot_Get)
                  00088b46    00000047     driverlib.lib : sysctl.obj (.text:SysCtl_selectOscSource)
                  00088b8d    00000046                   : sysctl.obj (.text:SysCtl_selectXTAL)
                  00088bd3    00000044     utils_pi.obj (.text:UTILS_Pi_RunError)
                  00088c17    00000043     board_cpu1.obj (.text:prvBOARD_CarrierSyncRaw_Read)
                  00088c5a    00000042     core_msg_cpu1.obj (.text:COREMSG_ParameterCpu1_GetPending)
                  00088c9c    00000041     ctrl_phase_gen.obj (.text:CTRL_PhaseGen_FreqSet)
                  00088cdd    00000040     board_cpu1_safety.obj (.text:BOARD_Watchdog_Activate)
                  00088d1d    00000040     cpu1_param.obj (.text:CPU1_Param_OpenLoopSnapshot_Get)
                  00088d5d    00000040     board.obj (.text:EPWM_setCounterCompareShadowLoadMode)
                  00088d9d    00000040     driverlib.lib : sysctl.obj (.text:SysCtl_pollX1Counter)
                  00088ddd    0000003e     cpu1_ctrl.obj (.text:prvCPU1_Ctrl_PllCfg_Build)
                  00088e1b    0000003d     driverlib.lib : interrupt.obj (.text:Interrupt_initModule)
                  00088e58    0000003d     utils_ramp.obj (.text:UTILS_Ramp_Run)
                  00088e95    0000003c     board.obj (.text:BOARD_NVM_SPI_init)
                  00088ed1    0000003c     cpu1_ctrl.obj (.text:prvCPU1_Ctrl_StartupRuntimeCfg_Apply)
                  00088f0d    0000003b     board.obj (.text:EPWM_setActionQualifierAction)
                  00088f48    0000003a     cpu1_ctrl.obj (.text:prvCPU1_Ctrl_OpenLoopVolt_ToQ12)
                  00088f82    00000039     ipc_port.obj (.text:IPC_Port_SyncWithTimeout)
                  00088fbb    00000039     driverlib.lib : memcfg.obj (.text:MemCfg_setLSRAMControllerSel)
                  00088ff4    00000039     cpu1_cla.obj (.text:prvCPU1_Cla_Task8_ForceAndWait)
                  0008902d    00000039     ctrl_open_loop.obj (.text:prvCTRL_OpenLoop_BuckBoostRun)
                  00089066    00000038     boot_sync.obj (.text:BOOTSYNC_Cpu1_WaitCpu2AppInit)
                  0008909e    00000038     cpu1_core_comm.obj (.text:prvCPU1_CoreComm_Command_Service)
                  000890d6    00000037     ctrl_open_loop.obj (.text:CTRL_OpenLoop_Reset)
                  0008910d    00000037     ctrl_soft_pll.obj (.text:CTRL_SoftPLL_SetConfig)
                  00089144    00000037     driverlib.lib : gpio.obj (.text:GPIO_setControllerCore)
                  0008917b    00000037                   : gpio.obj (.text:GPIO_setPinConfig)
                  000891b2    00000037                   : gpio.obj (.text:GPIO_setQualificationMode)
                  000891e9    00000037                   : interrupt.obj (.text:Interrupt_enable)
                  00089220    00000036     boot_sync.obj (.text:BOOTSYNC_Cpu1_WaitCpu2LogicAliveChange)
                  00089256    00000033     board_cpu1_safety.obj (.text:BOARD_SafetyEarly_Init)
                  00089289    00000032     cpu1_cla.obj (.text:CPU1_Cla_Init)
                  000892bb    00000031     core_msg_cpu1.obj (.text:COREMSG_CommandCpu1_CheckTimeout)
                  000892ec    00000031     cpu1_core_comm.obj (.text:CPU1_CoreComm_Init)
                  0008931d    00000031     cpu1_core_comm.obj (.text:CPU1_CoreComm_NmiFault_Latch)
                  0008934e    00000031     driverlib.lib : gpio.obj (.text:GPIO_setDirectionMode)
                  0008937f    00000031     cpu1_ctrl.obj (.text:prvCPU1_Ctrl_Offgrid4wRef_Run)
                  000893b0    00000030     cpu1_ctrl.obj (.text:prvCPU1_Ctrl_StartupRuntimeCfg_Prepare)
                  000893e0    00000030     cpu1_measurement.obj (.text:prvCPU1_Measurement_ZeroMask_Rebuild)
                  00089410    0000002f     ctrl_open_loop.obj (.text:prvCTRL_OpenLoop_BoostRun)
                  0008943f    0000002e     cpu1_param.obj (.text:CPU1_Param_PwmSnapshot_Get)
                  0008946d    0000002e     rts2800_fpu64_eabi.lib : copy_decompress_lzss.c.obj (.text:decompress:lzss)
                  0008949b    0000002d     cpu1_ctrl.obj (.text:prvCPU1_Ctrl_MuxFrame_Get)
                  000894c8    0000002b     utils_math.obj (.text:UTILS_Math_SqrtU32)
                  000894f3    0000002b     rts2800_fpu64_eabi.lib : autoinit.c.obj (.text:__TI_auto_init_nobinit_nopinit)
                  0008951e    0000002b     cpu1_ctrl.obj (.text:prvCPU1_Ctrl_PhaseTrig_Update)
                  00089549    0000002a     bsw_cpu1_scheduler.obj (.text:SCHED_Cpu1_Run1msTask)
                  00089573    00000029     board.obj (.text:CPU1_CLA1_init)
                  0008959c    00000029     utils_pi.obj (.text:UTILS_Pi_TrackOutputError)
                  000895c5    00000029     core_msg_cpu1.obj (.text:prvCOREMSG_CommandRx_CommitSafeOff)
                  000895ee    00000029     rts2800_fpu64_eabi.lib : exit.c.obj (.text)
                  00089617    00000028     driverlib.lib : uart.obj (.text:UART_disableModule)
                  0008963f    00000028     cpu1_core_comm.obj (.text:prvCPU1_CoreComm_DebugWatch_Update)
                  00089667    00000028     ipc_port.obj (.text:prvIPC_Port_WaitFlagClearUntil)
                  0008968f    00000027     board.obj (.text:COMM_DEBUG_UART_init)
                  000896b6    00000027     cpu1_core_comm.obj (.text:CPU1_CoreComm_FastExchange_Run)
                  000896dd    00000027     driverlib.lib : ecap.obj (.text:ECAP_isBaseValid)
                  00089704    00000027     core_state.obj (.text:prvCORESTATE_State_Init)
                  0008972b    00000027     cpu1_core_comm.obj (.text:prvCPU1_CoreComm_Led_Update)
                  00089752    00000027     cpu1_measurement.obj (.text:prvCPU1_Measurement_Filter)
                  00089779    00000027     cpu1_measurement.obj (.text:prvCPU1_Measurement_Scale)
                  000897a0    00000026     board_cpu1.obj (.text:BOARD_BootTimebase_Start)
                  000897c6    00000026     driverlib.lib : cla.obj (.text:CLA_setTriggerSource)
                  000897ec    00000026                   : memcfg.obj (.text:MemCfg_setGSRAMControllerSel)
                  00089812    00000026     ipc_port.obj (.text:prvIPC_Port_WaitRemoteStsSetUntil)
                  00089838    00000025     board_cpu1.obj (.text:BOARD_Cpu2_Boot_Release)
                  0008985d    00000025     board.obj (.text:COMM_ARM_UART_init)
                  00089882    00000025     cpu1_cla.obj (.text:CPU1_Cla_Task8Init_Run)
                  000898a7    00000025     ctrl_voltage_loop.obj (.text:CTRL_VoltLoop_Init)
                  000898cc    00000025     driverlib.lib : sysctl.obj (.text:SysCtl_selectXTALSingleEnded)
                  000898f1    00000024     board_cpu1_safety.obj (.text:BOARD_NmiDiag_Read)
                  00089915    00000024     driverlib.lib : sysctl.obj (.text:DCC_enableSingleShotMode)
                  00089939    00000022     board.obj (.text:EPWM_setCounterCompareValue)
                  0008995b    00000021     board.obj (.text:Board_init)
                  0008997c    00000021     board.obj (.text:EPWM_setTripZoneAction)
                  0008999d    00000021     driverlib.lib : sysctl.obj (.text:SysCtl_controlCPU2Reset)
                  000899be    00000021     utils_math.obj (.text:UTILS_Math_ClampI64ToI32)
                  000899df    00000021     rtm_cpu1_param.obj (.text:prvRTM_Cpu1Param_EntryValidate)
                  00089a00    00000020     cpu1_core_comm.obj (.text:CPU1_CoreComm_StartupParameters_Apply)
                  00089a20    00000020     utils_transform.obj (.text:UTILS_Transform_Clarke)
                  00089a40    00000020     ctrl_soft_pll.obj (.text:prvCTRL_SoftPLL_ThetaStep_CalcFromFreq)
                  00089a60    00000020     rts2800_fpu64_eabi.lib : memcpy.c.obj (.text)
                  00089a80    0000001f     driverlib.lib : flash.obj (.text:Flash_writeTrims)
                  00089a9f    0000001e     cpu1_core_comm.obj (.text:CPU1_CoreComm_RunInputs)
                  00089abd    0000001e     ctrl_soft_pll.obj (.text:CTRL_SoftPLL_Reset)
                  00089adb    0000001e     driverlib.lib : sysctl.obj (.text:DCC_setCounter0ClkSource)
                  00089af9    0000001e                   : sysctl.obj (.text:DCC_setCounter1ClkSource)
                  00089b17    0000001e                   : ecap.obj (.text:ECAP_setEmulationMode)
                  00089b35    0000001e     ipc_port.obj (.text:IPC_Port_Timeout_IsExpired)
                  00089b53    0000001e     driverlib.lib : interrupt.obj (.text:Interrupt_initVectorTable)
                  00089b71    0000001e     rts2800_fpu64_eabi.lib : ll_cmp28.asm.obj (.text)
                  00089b8f    0000001d     driverlib.lib : adc.obj (.text:ADC_setMode)
                  00089bac    0000001d     board_cpu1_safety.obj (.text:BOARD_SafetyPostInit_Reassert)
                  00089bc9    0000001d     core_msg_cpu1.obj (.text:COREMSG_CommandCpu1_Init)
                  00089be6    0000001d     ctrl_open_loop.obj (.text:CTRL_OpenLoop_Run)
                  00089c03    0000001d     ctrl_phase_gen.obj (.text:CTRL_PhaseGen_Run)
                  00089c20    0000001d     ctrl_soft_pll.obj (.text:prvCTRL_SoftPLL_Freq_CalcFromThetaStep)
                  00089c3d    0000001d     ctrl_voltage_loop.obj (.text:prvCTRL_VoltLoop_Cfg_IsValid)
                  00089c5a    0000001c     bsw_core_err.obj (.text:BSW_CoreErr_Init)
                  00089c76    0000001c     driverlib.lib : can.obj (.text:CAN_initModule)
                  00089c92    0000001c     cpu1_ctrl_runtime_boundary.obj (.text:CPU1_Ctrl_RuntimeBoundary_Policy_Get)
                  00089cae    0000001c     cpu1_measurement.obj (.text:CPU1_Measurement_SlowSnapshot_Take)
                  00089cca    0000001c     ctrl_phase_gen.obj (.text:CTRL_PhaseGen_Init)
                  00089ce6    0000001c     utils_pos_neg_seq.obj (.text:UTILS_Pos_Neg_Seq_Init)
                  00089d02    0000001c     cpu1_ctrl.obj (.text:prvCPU1_Ctrl_SignalDq_Update)
                  00089d1e    0000001c     cpu1_measurement.obj (.text:prvCPU1_Measurement_MuxZeroRun)
                  00089d3a    0000001c     rtm_cpu1_param.obj (.text:prvRTM_Cpu1Param_ValueLoad)
                  00089d56    0000001b     core_msg_cpu1.obj (.text:COREMSG_FastInstantCpu1_Publish)
                  00089d71    0000001b     core_msg_cpu1.obj (.text:COREMSG_SlowStatusCpu1_Publish)
                  00089d8c    0000001b     bsw_cpu1_scheduler.obj (.text:SCHED_Cpu1_Init)
                  00089da7    0000001b     driverlib.lib : spi.obj (.text:SPI_isBaseValid)
                  00089dc2    0000001b                   : uart.obj (.text:UART_enableModule)
                  00089ddd    0000001b     param_msg_bind.obj (.text:prvPARAMBIND_LocalIdentity)
                  00089df8    0000001a     driverlib.lib : can.obj (.text:CAN_initRAM)
                  00089e12    0000001a     core_msg_access.obj (.text:COREMSG_Access_Identity_Matches)
                  00089e2c    0000001a     ctrl_voltage_loop.obj (.text:CTRL_VoltLoop_SetConfig)
                  00089e46    0000001a     driverlib.lib : sysctl.obj (.text:DCC_isBaseValid)
                  00089e60    0000001a     board.obj (.text:EPWM_disableActionQualifierShadowLoadMode)
                  00089e7a    0000001a     driverlib.lib : sysctl.obj (.text:SysCtl_getLowSpeedClock)
                  00089e94    0000001a     cpu1_core_comm.obj (.text:prvCPU1_CoreComm_ContractDiag_Update)
                  00089eae    0000001a     cpu1_core_comm.obj (.text:prvCPU1_CoreComm_Freshness_Update)
                  00089ec8    0000001a     cpu1_ctrl.obj (.text:prvCPU1_Ctrl_ClaRef_Commit)
                  00089ee2    00000019     board_cpu1_isr.obj (.text:BOARD_Cpu1_IsrHooks_Register)
                  00089efb    00000019     board_cpu1.obj (.text:BOARD_Cpu2_Reset_Hold)
                  00089f14    00000019     ctrl_soft_pll.obj (.text:CTRL_SoftPLL_Advance)
                  00089f2d    00000019     device.obj (.text:SysCtl_enablePeripheral)
                  00089f46    00000019     driverlib.lib : sysctl.obj (.text:SysCtl_setPLLSysClk)
                  00089f5f    00000019     cpu1_ctrl.obj (.text:prvCPU1_Ctrl_CurrentCfg_Load)
                  00089f78    00000019     cpu1_ctrl_runtime_boundary.obj (.text:prvCPU1_Ctrl_RuntimeBoundary_DcValid)
                  00089f91    00000019     cpu1_param.obj (.text:prvCPU1_Param_S16_Read)
                  00089faa    00000019     cpu1_param.obj (.text:prvCPU1_Param_U16_Read)
                  00089fc3    00000019     rts2800_fpu64_eabi.lib : boot28.asm.obj (.text)
                  00089fdc    00000018     board.obj (.text:BOARD_CPU1_LED_GREEN_init)
                  00089ff4    00000018     board.obj (.text:BOARD_CPU1_LED_RED_init)
                  0008a00c    00000018     board.obj (.text:BOARD_SYNC_OUT4_init)
                  0008a024    00000018     core_msg_access.obj (.text:COREMSG_Access_SlowStatus_WriteShared)
                  0008a03c    00000018     core_msg_cpu1.obj (.text:COREMSG_CommandCpu1_ForceSafeOff)
                  0008a054    00000018     cpu1_ctrl_runtime_boundary.obj (.text:CPU1_Ctrl_RuntimeBoundary_SamplePolicy_Get)
                  0008a06c    00000018     board.obj (.text:DK9_FAULT_RESET_SHADOW_init)
                  0008a084    00000018     ipc_port.obj (.text:IPC_Port_TryNotify)
                  0008a09c    00000018     rtm_cpu1_param.obj (.text:RTM_Cpu1Param_Read)
                  0008a0b4    00000018     core_msg_cpu1.obj (.text:prvCOREMSG_CommandRx_RequestSafeOff)
                  0008a0cc    00000018     core_msg_cpu1.obj (.text:prvCOREMSG_FastInstantInit_Begin)
                  0008a0e4    00000018     core_msg_cpu1.obj (.text:prvCOREMSG_RecoverableLatch_Clear)
                  0008a0fc    00000018     core_msg_cpu1.obj (.text:prvCOREMSG_SlowStatusInit_Begin)
                  0008a114    00000017     driverlib.lib : adc.obj (.text:ADC_isBaseValid)
                  0008a12b    00000017     board.obj (.text:BOARD_SYNC_OUT1_init)
                  0008a142    00000017     board.obj (.text:CLA_init)
                  0008a159    00000017     driverlib.lib : memcfg.obj (.text:MemCfg_getUncorrErrorAddress)
                  0008a170    00000017                   : sysctl.obj (.text:SysCtl_enablePeripheral)
                  0008a187    00000017     utils_transform.obj (.text:UTILS_Transform_InvClarke)
                  0008a19e    00000017     cpu1_param.obj (.text:prvCPU1_Param_S32_Read)
                  0008a1b5    00000017     cpu1_param.obj (.text:prvCPU1_Param_U32_Read)
                  0008a1cc    00000016     driverlib.lib : adc.obj (.text:ADC_selectOffsetTrimMode)
                  0008a1e2    00000016                   : sysctl.obj (.text:DCC_disableDoneSignal)
                  0008a1f8    00000016                   : interrupt.obj (.text:Interrupt_defaultHandler)
                  0008a20e    00000015     board_cpu1_safety.obj (.text:BOARD_Watchdog_Service)
                  0008a223    00000015     board.obj (.text:COMM_PARALLEL_CAN_init)
                  0008a238    00000015     driverlib.lib : sysctl.obj (.text:DCC_clearDoneFlag)
                  0008a24d    00000015                   : sysctl.obj (.text:DCC_clearErrorFlag)
                  0008a262    00000015                   : sysctl.obj (.text:DCC_disableErrorSignal)
                  0008a277    00000015     board.obj (.text:GPIO_init)
                  0008a28c    00000015     driverlib.lib : uart.obj (.text:UART_isBaseValid)
                  0008a2a1    00000015     cpu1_core_comm.obj (.text:prvCPU1_CoreComm_BootError_Record)
                  0008a2b6    00000015     cpu1_ctrl_runtime_boundary.obj (.text:prvCPU1_Ctrl_RuntimeBoundary_InvValid)
                  0008a2cb    00000015     cpu1_ctrl.obj (.text:prvCPU1_Ctrl_VoltPiCfg)
                  0008a2e0    00000014     core_state.obj (.text:CORESTATE_Cpu1_CheckCpu2Peer)
                  0008a2f4    00000014     driverlib.lib : sysctl.obj (.text:DCC_disableModule)
                  0008a308    00000014                   : sysctl.obj (.text:DCC_enableModule)
                  0008a31c    00000014     board.obj (.text:DK9_CARRIER_SYNC_CAPTURE_INPUT_init)
                  0008a330    00000014     board.obj (.text:DK9_TEST_BAT1_TRIP_init)
                  0008a344    00000014     board.obj (.text:DK9_TEST_BAT2_TRIP_init)
                  0008a358    00000014     board.obj (.text:DK9_TEST_INV_TRIP_init)
                  0008a36c    00000014     board.obj (.text:DK9_TEST_PV_TRIP_init)
                  0008a380    00000014     driverlib.lib : gpio.obj (.text:GPIO_isPinValid)
                  0008a394    00000014     cpu1_core_comm.obj (.text:prvCPU1_CoreComm_CommandBoundary_Run)
                  0008a3a8    00000014     cpu1_core_comm.obj (.text:prvCPU1_CoreComm_Cpu2BootFail_Run)
                  0008a3bc    00000014     ctrl_voltage_loop.obj (.text:prvCTRL_VoltLoop_AxisCfg_IsValid)
                  0008a3d0    00000014     ctrl_voltage_loop.obj (.text:prvCTRL_VoltLoop_Reset)
                  0008a3e4    00000014     rts2800_fpu64_eabi.lib : ll_mpy28.asm.obj (.text)
                  0008a3f8    00000013     board_cpu1_safety.obj (.text:BOARD_SafetyOff_Assert)
                  0008a40b    00000013     core_msg_cpu1.obj (.text:COREMSG_ParameterCpu1_Init)
                  0008a41e    00000013     utils_transform.obj (.text:UTILS_Transform_InvPark)
                  0008a431    00000013     core_state.obj (.text:prvCORESTATE_CoreErrSink_Register)
                  0008a444    00000013     cpu1_core_comm.obj (.text:prvCPU1_CoreComm_DualCoreHealthy_Evaluate)
                  0008a457    00000013     ctrl_soft_pll.obj (.text:prvCTRL_SoftPLL_SinCos_Update)
                  0008a46a    00000013     rts2800_fpu64_eabi.lib : memcmp.c.obj (.text)
                  0008a47d    00000012     core_state.obj (.text:CORESTATE_Cpu1_ClearFault)
                  0008a48f    00000012     ctrl_open_loop.obj (.text:CTRL_OpenLoop_Init)
                  0008a4a1    00000012     board.obj (.text:DK9_VALIDATION_BAT1_TRIP_init)
                  0008a4b3    00000012     param_msg_bind.obj (.text:PARAMBIND_Cpu1_Init)
                  0008a4c5    00000012     utils_transform.obj (.text:UTILS_Transform_Park)
                  0008a4d7    00000012     core_msg_cpu1.obj (.text:prvCOREMSG_ParameterRx_ClearActive)
                  0008a4e9    00000012     rts2800_fpu64_eabi.lib : args_main.c.obj (.text)
                  0008a4fb    00000011     core_state.obj (.text:CORESTATE_Cpu1_GetCpu2ContractDiag)
                  0008a50c    00000011     core_state.obj (.text:CORESTATE_Cpu1_SetFault)
                  0008a51d    00000011     board.obj (.text:DK9_VALIDATION_BAT2_TRIP_init)
                  0008a52e    00000011     board.obj (.text:DK9_VALIDATION_INV_TRIP_init)
                  0008a53f    00000011     board.obj (.text:DK9_VALIDATION_PV_TRIP_init)
                  0008a550    00000011     board.obj (.text:SYNC_init)
                  0008a561    00000011     cpu1_ctrl.obj (.text:prvCPU1_Ctrl_FastInstant_GridSeq_Commit)
                  0008a572    00000011     cpu1_ctrl.obj (.text:prvCPU1_Ctrl_Grid_Run)
                  0008a583    00000011     rtm_cpu1_param.obj (.text:prvRTM_Cpu1Param_EntryFind)
                  0008a594    00000010     driverlib.lib : can.obj (.text:CAN_isBaseValid)
                  0008a5a4    00000010     core_msg_cpu1.obj (.text:COREMSG_CommandCpu1_GetDiag)
                  0008a5b4    00000010     core_msg_cpu1.obj (.text:COREMSG_ParameterCpu1_GetDiag)
                  0008a5c4    00000010     driverlib.lib : flash.obj (.text:Flash_isCtrlBaseValid)
                  0008a5d4    00000010                   : flash.obj (.text:Flash_isECCBaseValid)
                  0008a5e4    00000010     cpu1_param.obj (.text:prvCPU1_Param_BuildBegin)
                  0008a5f4    0000000f     core_state.obj (.text:CORESTATE_Cpu1_InitOnce)
                  0008a603    0000000f     cpu1_measurement.obj (.text:CPU1_Measurement_EffectiveAdcCfg_Get)
                  0008a612    0000000f     driverlib.lib : ipc.obj (.text:Interrupt_unregister)
                  0008a621    0000000f     boot_sync.obj (.text:prvBOOTSYNC_Cpu1_ResolveError)
                  0008a630    0000000e     core_msg_access.obj (.text:COREMSG_Access_Identity_Copy)
                  0008a63e    0000000e     core_msg_access.obj (.text:COREMSG_Access_Identity_ReadShared)
                  0008a64c    0000000e     core_msg_access.obj (.text:COREMSG_Access_Sequence_PublishBegin)
                  0008a65a    0000000e     ctrl_soft_pll.obj (.text:CTRL_SoftPLL_Init)
                  0008a668    0000000e     ipc_port.obj (.text:IPC_Port_AbortTx)
                  0008a676    0000000e     ipc_port.obj (.text:IPC_Port_Ack)
                  0008a684    0000000e     core_msg_cpu1.obj (.text:prvCOREMSG_ForceMailbox_Take)
                  0008a692    0000000e     cpu1_core_comm.obj (.text:prvCPU1_CoreComm_MemCfgDiag_Update)
                  0008a6a0    0000000d     board.obj (.text:ASYSCTL_init)
                  0008a6ad    0000000d     driverlib.lib : interrupt.obj (.text:Interrupt_disableGlobal)
                  0008a6ba    0000000d                   : interrupt.obj (.text:Interrupt_enableGlobal)
                  0008a6c7    0000000d     board_cpu1.obj (.text:prvBOARD_CarrierSync_ModuloDelta)
                  0008a6d4    0000000d     cpu1_param.obj (.text:prvCPU1_Param_BuildEnd)
                  0008a6e1    0000000d     ctrl_soft_pll.obj (.text:prvCTRL_SoftPLL_Theta_Advance)
                  0008a6ee    0000000c     board_cpu1.obj (.text:BOARD_LedGreen_Write)
                  0008a6fa    0000000c     board_cpu1.obj (.text:BOARD_LedRed_Write)
                  0008a706    0000000c     core_msg_access.obj (.text:COREMSG_Access_Sequence_IsNewer)
                  0008a712    0000000c     core_state.obj (.text:CORESTATE_Cpu1_BootAttemptBegin)
                  0008a71e    0000000c     cpu1_core_comm.obj (.text:CPU1_CoreComm_Running_Enter)
                  0008a72a    0000000c     cpu1_core_comm.obj (.text:CPU1_CoreComm_StartupFailure_Indicate)
                  0008a736    0000000c     cpu1_safety.obj (.text:CPU1_Safety_StartupFail_Stop)
                  0008a742    0000000c     board.obj (.text:INTERRUPT_init)
                  0008a74e    0000000c     utils_filter.obj (.text:UTILS_Filter_Lpf1_Run)
                  0008a75a    0000000c     core_msg_cpu1.obj (.text:prvCOREMSG_ParameterRx_ResetBaseline)
                  0008a766    0000000c     cpu1_measurement.obj (.text:prvCPU1_Measurement_ZeroPermit_Get)
                  0008a772    0000000c     rtm_cpu1_param.obj (.text:prvRTM_Cpu1Param_ValueStore)
                  0008a77e    0000000b     board_cpu1.obj (.text:BOARD_MemCfgDiag_Read)
                  0008a789    0000000b     bsw_core_err.obj (.text:BSW_CoreErr_SetLastError)
                  0008a794    0000000b     ctrl_carrier_sync.obj (.text:CTRL_CarrierSync_Reset)
                  0008a79f    0000000b     ctrl_phase_gen.obj (.text:CTRL_PhaseGen_Seed)
                  0008a7aa    0000000b     board.obj (.text:INPUTXBAR_init)
                  0008a7b5    0000000b     driverlib.lib : sysctl.obj (.text:SysCtl_isMCDClockFailureDetected)
                  0008a7c0    0000000b     utils_math.obj (.text:UTILS_Math_Cos)
                  0008a7cb    0000000b     utils_pi.obj (.text:UTILS_Pi_Run)
                  0008a7d6    0000000b     cpu1_core_comm.obj (.text:prvCPU1_CoreComm_PeerError_Mirror)
                  0008a7e1    0000000b     cpu1_ctrl.obj (.text:prvCPU1_Ctrl_AdcCalibration_IsValid)
                  0008a7ec    0000000b     cpu1_ctrl.obj (.text:prvCPU1_Ctrl_MuxConsumer_Reset)
                  0008a7f7    0000000b     cpu1_measurement.obj (.text:prvCPU1_Measurement_CfgIsValid)
                  0008a802    0000000a     bsw_core_err.obj (.text:BSW_CoreErr_GetLastError)
                  0008a80c    0000000a     core_msg_cpu1.obj (.text:COREMSG_CommandCpu1_IsSafeOff)
                  0008a816    0000000a     driverlib.lib : interrupt.obj (.text:Interrupt_illegalOperationHandler)
                  0008a820    0000000a                   : interrupt.obj (.text:Interrupt_nmiHandler)
                  0008a82a    0000000a     boot_sync.obj (.text:prvBOOTSYNC_Cpu1_SyncWithPolicy)
                  0008a834    0000000a     core_state.obj (.text:prvCORESTATE_CoreErr_SetLastError)
                  0008a83e    0000000a     rtm_cpu1_param.obj (.text:prvRTM_Cpu1Param_ValueIsUnsigned)
                  0008a848    00000009     cpu1_core_comm.obj (.text:CPU1_CoreComm_RunCommand8k)
                  0008a851    00000009     cpu1_safety.obj (.text:CPU1_Safety_SafeOff_Run)
                  0008a85a    00000009     board.obj (.text:EPWMXBAR_init)
                  0008a863    00000009     ipc_port.obj (.text:IPC_Port_TimeUs_Get)
                  0008a86c    00000009     rts2800_fpu64_eabi.lib : _lock.c.obj (.text)
                  0008a875    00000008     driverlib.lib : adc.obj (.text:ADC_setOffsetTrim)
                  0008a87d    00000008     board_cpu1.obj (.text:BOARD_Cla1_Task8_Force)
                  0008a885    00000008     core_state.obj (.text:CORESTATE_Cpu1_IsCpu2StatePresent)
                  0008a88d    00000008     rts2800_fpu64_eabi.lib : copy_decompress_none.c.obj (.text:decompress:none)
                  0008a895    00000008     f28p65x_codestartbranch.obj (.text)
                  0008a89d    00000007     board.obj (.text:ADC_init)
                  0008a8a4    00000007     board_cpu1_isr.obj (.text:BOARD_NmiHandler_Register)
                  0008a8ab    00000007     core_msg_cpu1.obj (.text:COREMSG_CommandCpu1_NmiSafeOff_Request)
                  0008a8b2    00000007     core_msg_cpu1.obj (.text:COREMSG_ParameterCpu1_GetActive)
                  0008a8b9    00000007     core_state.obj (.text:CORESTATE_Cpu1_GetFaultFlags)
                  0008a8c0    00000007     cpu1_core_comm.obj (.text:CPU1_CoreComm_Timebase_Init)
                  0008a8c7    00000007     driverlib.lib : sysctl.obj (.text:SysCtl_resetMCD)
                  0008a8ce    00000007     utils_math.obj (.text:UTILS_Math_Sin)
                  0008a8d5    00000007     rts2800_fpu64_eabi.lib : memset.c.obj (.text)
                  0008a8dc    00000006     board_cpu1.obj (.text:BOARD_BootTimeUs_Get)
                  0008a8e2    00000006     board_cpu1.obj (.text:BOARD_Cla1_Task8_ClearOverflow)
                  0008a8e8    00000006     core_msg_access.obj (.text:COREMSG_Access_Sequence_ResetBegin)
                  0008a8ee    00000006     cpu1_ctrl.obj (.text:CPU1_Ctrl_MeasurementSlowSnapshot_Take)
                  0008a8f4    00000006     board.obj (.text:DK9_XBAR_BAT1_TRIP_init)
                  0008a8fa    00000006     board.obj (.text:DK9_XBAR_BAT2_TRIP_init)
                  0008a900    00000006     board.obj (.text:DK9_XBAR_CARRIER_SYNC_CAPTURE_init)
                  0008a906    00000006     board.obj (.text:DK9_XBAR_INV_TRIP_init)
                  0008a90c    00000006     board.obj (.text:DK9_XBAR_PV_TRIP_init)
                  0008a912    00000006     rts2800_fpu64_eabi.lib : copy_zero_init.c.obj (.text:decompress:ZI)
                  0008a918    00000006     core_msg_cpu1.obj (.text:prvCOREMSG_FgCritical_Exit)
                  0008a91e    00000006     ipc_port.obj (.text:prvIPC_Port_MapPeer)
                  0008a924    00000006     bsw_cpu1_scheduler.obj (.text:prvSCHED_Cpu1_ExitCritical)
                  0008a92a    00000005     board_cpu1.obj (.text:BOARD_Cla1_Task8_HasOverflowed)
                  0008a92f    00000005     board_cpu1.obj (.text:BOARD_Cla1_Task8_IsPending)
                  0008a934    00000005     board_cpu1.obj (.text:BOARD_Cla1_Task8_IsRunning)
                  0008a939    00000005     board_cpu1.obj (.text:BOARD_Interrupt_Init)
                  0008a93e    00000005     core_msg_cpu1.obj (.text:COREMSG_CommandCpu1_GetActiveCommand)
                  0008a943    00000005     core_msg_cpu1.obj (.text:COREMSG_CommandCpu1_TakeClearApplied)
                  0008a948    00000005     core_msg_cpu1.obj (.text:COREMSG_Cpu1Snapshots_InitBegin)
                  0008a94d    00000005     core_msg_cpu1.obj (.text:COREMSG_Cpu1Snapshots_InitCommit)
                  0008a952    00000005     core_state.obj (.text:CORESTATE_Cpu1_NmiFault_Latch)
                  0008a957    00000005     core_state.obj (.text:CORESTATE_Cpu1_SetBootState)
                  0008a95c    00000005     cpu1_cla.obj (.text:CPU1_Cla_Fault_Latch)
                  0008a961    00000005     cpu1_safety.obj (.text:CPU1_Safety_FastProtect_Run)
                  0008a966    00000005     cpu1_safety.obj (.text:CPU1_Safety_Nmi_Init)
                  0008a96b    00000005     ctrl_voltage_loop.obj (.text:CTRL_VoltLoop_Reset)
                  0008a970    00000005     board.obj (.text:UART_init)
                  0008a975    00000005     core_msg_cpu1.obj (.text:prvCOREMSG_FastInstantInit_Commit)
                  0008a97a    00000005     core_msg_cpu1.obj (.text:prvCOREMSG_FgCritical_Enter)
                  0008a97f    00000005     core_msg_cpu1.obj (.text:prvCOREMSG_ForceMailbox_Or)
                  0008a984    00000005     core_msg_cpu1.obj (.text:prvCOREMSG_SlowStatusInit_Commit)
                  0008a989    00000005     core_state.obj (.text:prvCORESTATE_CoreErr_GetLastError)
                  0008a98e    00000005     core_state.obj (.text:prvCORESTATE_CoreErr_SetLastWarn)
                  0008a993    00000005     main_cpu1.obj (.text:prvCPU1_CoreComm1ms_Run)
                  0008a998    00000005     bsw_cpu1_scheduler.obj (.text:prvSCHED_Cpu1_EnterCritical)
                  0008a99d    00000004     board_cpu1.obj (.text:BOARD_Cla1_Task1_IsPending)
                  0008a9a1    00000004     board_cpu1.obj (.text:BOARD_Cla1_Task1_IsRunning)
                  0008a9a5    00000004     board_cpu1.obj (.text:BOARD_GlobalInt_Enable)
                  0008a9a9    00000004     board_cpu1_safety.obj (.text:BOARD_SafetyOff_IsAsserted)
                  0008a9ad    00000004     core_msg_cpu1.obj (.text:COREMSG_CommandCpu1_GetAppliedSeq)
                  0008a9b1    00000004     core_msg_cpu1.obj (.text:COREMSG_ParameterCpu1_GetAppliedVersion)
                  0008a9b5    00000004     core_state.obj (.text:CORESTATE_Cpu1_GetBootAttemptCnt)
                  0008a9b9    00000004     core_state.obj (.text:CORESTATE_Cpu1_GetBootEpoch)
                  0008a9bd    00000004     core_state.obj (.text:CORESTATE_Cpu1_GetBootStep)
                  0008a9c1    00000004     core_state.obj (.text:CORESTATE_Cpu1_GetCpu2BootEpoch)
                  0008a9c5    00000004     core_state.obj (.text:CORESTATE_Cpu1_GetCpu2BootStep)
                  0008a9c9    00000004     core_state.obj (.text:CORESTATE_Cpu1_GetCpu2FaultFlags)
                  0008a9cd    00000004     core_state.obj (.text:CORESTATE_Cpu1_GetCpu2LastError)
                  0008a9d1    00000004     core_state.obj (.text:CORESTATE_Cpu1_GetCpu2LastWarn)
                  0008a9d5    00000004     core_state.obj (.text:CORESTATE_Cpu1_GetCpu2LogicAliveSeq)
                  0008a9d9    00000004     core_state.obj (.text:CORESTATE_Cpu1_GetCpu2RunState)
                  0008a9dd    00000004     core_state.obj (.text:CORESTATE_Cpu1_GetCpu2Status)
                  0008a9e1    00000004     core_state.obj (.text:CORESTATE_Cpu1_GetLastError)
                  0008a9e5    00000004     core_state.obj (.text:CORESTATE_Cpu1_GetRunState)
                  0008a9e9    00000004     cpu1_cla.obj (.text:CPU1_Cla_Fault_IsLatched)
                  0008a9ed    00000004     cpu1_core_comm.obj (.text:CPU1_CoreComm_CtrlEnabled_IsSet)
                  0008a9f1    00000004     ipc_port.obj (.text:IPC_Port_Timebase_Set)
                  0008a9f5    00000004     rtm_cpu1_param.obj (.text:RTM_Cpu1Param_Version_Get)
                  0008a9f9    00000004     utils_filter.obj (.text:UTILS_Filter_Lpf1_Reset)
                  0008a9fd    00000004     core_state.obj (.text:prvCORESTATE_BootEpoch_Next)
                  0008aa01    00000004     utils_math.obj (.text:prvUTILS_Math_TableIndex)
                  0008aa05    00000003     boot_sync.obj (.text:BOOTSYNC_BootPolicy_Get)
                  0008aa08    00000003     core_msg_access.obj (.text:COREMSG_Access_Sequence_ResetCommit)
                  0008aa0b    00000003     utils_math.obj (.text:UTILS_Math_SquareI16)
                  0008aa0e    00000003     utils_pi.obj (.text:UTILS_Pi_Reset)
                  0008aa11    00000003     device.obj (.text:__error__)
                  0008aa14    00000003     core_state.obj (.text:prvCORESTATE_LocalState_Get)
                  0008aa17    00000002     core_state.obj (.text:CORESTATE_Cpu1_DebugBarrier_IsArmed)
                  0008aa19    00000002     core_state.obj (.text:CORESTATE_Cpu1_GetDebugBootSession)
                  0008aa1b    00000002     core_state.obj (.text:CORESTATE_Cpu1_IsCpu2DebugBarrierCurrent)
                  0008aa1d    00000002     core_state.obj (.text:CORESTATE_Cpu1_IsCpu2DebugBootInitialized)
                  0008aa1f    00000002     cpu1_core_comm.obj (.text:CPU1_CoreComm_NmiParityRecovery_Try)
                  0008aa21    00000002     cpu1_ctrl_runtime_boundary.obj (.text:CPU1_Ctrl_RuntimeBoundary_ClaControl_Override)
                  0008aa23    00000002     cpu1_ctrl_runtime_boundary.obj (.text:CPU1_Ctrl_RuntimeBoundary_DiagFallback_IsEnabled)
                  0008aa25    00000002     cpu1_ctrl_runtime_boundary.obj (.text:CPU1_Ctrl_RuntimeBoundary_OpenLoopCalc_IsAllowed)
                  0008aa27    00000002     rts2800_fpu64_eabi.lib : pre_init.c.obj (.text)
                  0008aa29    00000001     board_relay.obj (.text:BOARD_AcSps_Disable)
                  0008aa2a    00000001     board_relay.obj (.text:BOARD_Relay_AllOpen)
                  0008aa2b    00000001     board_relay.obj (.text:BOARD_Relay_RuntimeOwner_Transfer)
                  0008aa2c    00000001     core_state.obj (.text:CORESTATE_Cpu1_DebugBarrier_Arm)
                  0008aa2d    00000001     cpu1_ctrl_runtime_boundary.obj (.text:CPU1_Ctrl_RuntimeBoundary_Observe32k)
                  0008aa2e    00000001     cpu1_ctrl_runtime_boundary.obj (.text:CPU1_Ctrl_RuntimeBoundary_Observe8k)
                  0008aa2f    00000001     rts2800_fpu64_eabi.lib : startup.c.obj (.text)

.cinit     0    0008cdd8    00000054     
                  0008cdd8    00000019     (.cinit..data.load) [load image, compression = lzss]
                  0008cdf1    00000001     --HOLE-- [fill = 0]
                  0008cdf2    00000006     (__TI_handler_table)
                  0008cdf8    00000004     (.cinit..bss.1.load) [load image, compression = zero_init]
                  0008cdfc    00000004     (.cinit..bss.2.load) [load image, compression = zero_init]
                  0008ce00    00000004     (.cinit..bss.3.load) [load image, compression = zero_init]
                  0008ce04    00000004     (.cinit..bss.4.load) [load image, compression = zero_init]
                  0008ce08    00000004     (.cinit..scratchpad.load) [load image, compression = zero_init]
                  0008ce0c    00000004     (.cinit.Cla1DataRam.load) [load image, compression = zero_init]
                  0008ce10    0000001c     (__TI_cinit_table)

.reset     0    003fffc0    00000000     DSECT

.stack     0    0000e000    00000700     UNINITIALIZED
                  0000e000    00000700     --HOLE--

.init_array 
*          0    00080008    00000000     UNINITIALIZED

.data      0    00022000    0000001c     UNINITIALIZED
                  00022000    0000000e     boot_sync.obj (.data)
                  0002200e    00000006     rts2800_fpu64_eabi.lib : exit.c.obj (.data)
                  00022014    00000004     board_cpu1.obj (.data)
                  00022018    00000002     rts2800_fpu64_eabi.lib : _lock.c.obj (.data:_lock)
                  0002201a    00000002                            : _lock.c.obj (.data:_unlock)

.const     0    0008aa38    000023a0     
                  0008aa38    00001001     utils_math.obj (.const:s_iSinTable_Q12)
                  0008ba39    00000001     cpu1_param_table.obj (.const)
                  0008ba3a    00000770     cpu1_param_table.obj (.const:g_stRtmCpu1ParamLocalTable)
                  0008c1aa    00000016     ctrl_open_loop.obj (.const)
                  0008c1c0    000001d4     cpu1_ctrl.obj (.const)
                  0008c394    0000015a     board_cpu1_safety.obj (.const:.string)
                  0008c4ee    000000ac     board.obj (.const:.string)
                  0008c59a    000000ac     board_cpu1.obj (.const:.string)
                  0008c646    0000009b     driverlib.lib : flash.obj (.const:.string)
                  0008c6e1    00000001     --HOLE-- [fill = 0]
                  0008c6e2    0000009a                   : sysctl.obj (.const:.string)
                  0008c77c    00000098                   : gpio.obj (.const:.string)
                  0008c814    00000098                   : uart.obj (.const:.string)
                  0008c8ac    00000097                   : adc.obj (.const:.string)
                  0008c943    00000001     --HOLE-- [fill = 0]
                  0008c944    00000097                   : can.obj (.const:.string)
                  0008c9db    00000001     --HOLE-- [fill = 0]
                  0008c9dc    00000097                   : spi.obj (.const:.string)
                  0008ca73    0000000b     board_cpu1.obj (.const)
                  0008ca7e    00000002     rtm_cpu1_param.obj (.const)
                  0008ca80    0000008e     cpu1_param.obj (.const)
                  0008cb0e    00000032     ctrl_voltage_loop.obj (.const)
                  0008cb40    0000006d     cpu1_cla.obj (.const)
                  0008cbad    00000001     --HOLE-- [fill = 0]
                  0008cbae    0000000b     cpu1_ctrl_runtime_boundary.obj (.const)
                  0008cbb9    00000007     --HOLE-- [fill = 0]
                  0008cbc0    00000068     core_msg_cpu1.obj (.const)
                  0008cc28    0000004e     driverlib.lib : memcfg.obj (.const:.string)
                  0008cc76    0000004c                   : ecap.obj (.const:.string)
                  0008ccc2    0000002c     bsw_cpu1_scheduler.obj (.const)
                  0008ccee    0000000a     utils_pos_neg_seq.obj (.const)
                  0008ccf8    00000008     bsw_core_err.obj (.const)
                  0008cd00    00000048     cpu1_measurement.obj (.const)
                  0008cd48    00000044     driverlib.lib : ipc.obj (.const:IPC_Instance)
                  0008cd8c    0000001a     board_cpu1_safety.obj (.const:s_ulPowerEpwmBases)
                  0008cda6    00000016     cpu1_measurement.obj (.const:s_emZeroSignal$1)
                  0008cdbc    00000004     --HOLE-- [fill = 0]
                  0008cdc0    00000008     ctrl_phase_gen.obj (.const)
                  0008cdc8    00000008     main_cpu1.obj (.const)
                  0008cdd0    00000008     cpu1_param_table.obj (.const:retain)

Cla1ToCpuMsgRAM 
*          0    00001480    00000036     UNINITIALIZED
                  00001480    00000036     cpu1_cla.obj (Cla1ToCpuMsgRAM)

CpuToCla1MsgRAM 
*          0    00001500    0000003c     UNINITIALIZED
                  00001500    0000003c     cpu1_cla.obj (CpuToCla1MsgRAM)

.scratchpad 
*          0    0000b800    00000087     UNINITIALIZED
                  0000b800    00000004     cpu1_cla_task.obj (.scratchpad:Cla1Prog:prvCLA_CurrCfg_Init)
                  0000b800    00000002     ctrl_inv_pwm.obj (.scratchpad:Cla1Prog:CTRL_InvPwm_Init)
                  0000b800    00000006     board_cla_adc.obj (.scratchpad:Cla1Prog:BOARD_Cla_FastAdc_Read)
                  0000b800    00000006     ctrl_curr_loop.obj (.scratchpad:Cla1Prog:CTRL_CurrLoop_Reset)
                  0000b800    00000002     board_cla_pwm.obj (.scratchpad:Cla1Prog:BOARD_Cla_InvPwmInactive)
                  0000b800    00000024     cpu1_cla_task.obj (.scratchpad:Cla1Prog:prvCLA_InvPwm_Run)
                  0000b800    00000008     ctrl_curr_loop.obj (.scratchpad:Cla1Prog:CTRL_CurrLoop_SetConfig)
                  0000b800    00000012     cpu1_cla_task.obj (.scratchpad:Cla1Prog:prvCLA_OffgridCurrInput_Build)
                  0000b800    00000018     ctrl_curr_loop.obj (.scratchpad:Cla1Prog:prvCTRL_CurrLoop_VdqLimit)
                  0000b800    00000012     ctrl_curr_loop.obj (.scratchpad:Cla1Prog:prvCTRL_CurrLoop_TrackScaledAxis)
                  0000b800    00000002     board_cla_pwm.obj (.scratchpad:Cla1Prog:BOARD_Cla_BoostPwmInactive)
                  0000b800    00000006     board_cla_pwm.obj (.scratchpad:Cla1Prog:BOARD_Cla_BoostPwmUpdate)
                  0000b800    00000002     board_cla_pwm.obj (.scratchpad:Cla1Prog:BOARD_Cla_Bat1PwmInactive)
                  0000b800    00000006     board_cla_pwm.obj (.scratchpad:Cla1Prog:BOARD_Cla_Bat1PwmUpdate)
                  0000b800    00000004     board_cla_pwm.obj (.scratchpad:Cla1Prog:BOARD_Cla_Bat2PwmInactive)
                  0000b800    00000006     board_cla_pwm.obj (.scratchpad:Cla1Prog:BOARD_Cla_Bat2PwmUpdate)
                  0000b800    0000000e     rts2800_fpu64_eabi.lib : cla_divu.cla.obj (.scratchpad:Cla1Prog:__claabi_divu)
                  0000b804    00000002     board_cla_pwm.obj (.scratchpad:Cla1Prog:EPWM_forceTripZoneEvent)
                  0000b808    00000006     ctrl_curr_loop.obj (.scratchpad:Cla1Prog:CTRL_CurrLoop_Init)
                  0000b80e    00000006     cpu1_cla_task.obj (.scratchpad:Cla1Prog:prvCLA_Boost_Run)
                  0000b80e    0000000a     cpu1_cla_task.obj (.scratchpad:Cla1Prog:prvCLA_Bat1_Run)
                  0000b80e    0000000a     cpu1_cla_task.obj (.scratchpad:Cla1Prog:prvCLA_Bat2_Run)
                  0000b80e    00000004     ctrl_curr_loop.obj (.scratchpad:Cla1Prog:prvCTRL_CurrLoop_LoadPICfg)
                  0000b812    0000000b     utils_transform_f32.obj (.scratchpad:Cla1Prog:UTILS_Transform_ClarkeCla)
                  0000b812    0000000a     utils_transform_f32.obj (.scratchpad:Cla1Prog:UTILS_Transform_ParkCla)
                  0000b812    0000000a     utils_transform_f32.obj (.scratchpad:Cla1Prog:UTILS_Transform_InvParkCla)
                  0000b812    00000007     utils_transform_f32.obj (.scratchpad:Cla1Prog:UTILS_Transform_InvClarkeCla)
                  0000b812    0000000e     ctrl_curr_loop.obj (.scratchpad:Cla1Prog:prvCTRL_CurrLoop_PhaseLimit)
                  0000b818    00000004     cpu1_cla_task.obj (.scratchpad:Cla1Prog:prvCLA_BatBoost_Duty_ToCmp)
                  0000b81c    00000004     cpu1_cla_task.obj (.scratchpad:Cla1Prog:prvCLA_OpenLoop_Duty_ToCmp)
                  0000b820    00000002     utils_pi_f32.obj (.scratchpad:Cla1Prog:UTILS_Pi_TrackOutputCla)
                  0000b824    00000022     cpu1_cla_task.obj (.scratchpad:Cla1Prog:Cla1Task1)
                  0000b846    00000008     cpu1_cla_task.obj (.scratchpad:Cla1Prog:prvCLA_CurrLoop_Load)
                  0000b846    00000014     ctrl_curr_loop.obj (.scratchpad:Cla1Prog:prvCTRL_CurrLoop_ClearDqAxis)
                  0000b846    00000004     ctrl_inv_pwm.obj (.scratchpad:Cla1Prog:CTRL_InvPwm_Reset)
                  0000b846    00000004     board_cla_pwm.obj (.scratchpad:Cla1Prog:BOARD_Cla_InvPwmRuntime_Read)
                  0000b846    0000000a     board_cla_pwm.obj (.scratchpad:Cla1Prog:EPWM_setActionQualifierAction)
                  0000b846    0000000e     ctrl_inv_pwm.obj (.scratchpad:Cla1Prog:prvCTRL_InvPwm_TTypeZeroSeq_Run)
                  0000b850    00000006     board_cla_pwm.obj (.scratchpad:Cla1Prog:BOARD_Cla_InvPwmUpdate)
                  0000b854    0000000d     ctrl_inv_pwm.obj (.scratchpad:Cla1Prog:prvCTRL_InvPwm_RunChannel)
                  0000b856    00000006     board_cla_pwm.obj (.scratchpad:Cla1Prog:prvBOARD_Cla_InvPwmChannel_Update)
                  0000b85a    00000014     ctrl_curr_loop.obj (.scratchpad:Cla1Prog:prvCTRL_CurrLoop_RunAxis)
                  0000b85c    00000004     board_cla_pwm.obj (.scratchpad:Cla1Prog:EPWM_setCounterCompareValue)
                  0000b862    0000000b     ctrl_inv_pwm.obj (.scratchpad:Cla1Prog:prvCTRL_InvPwm_DzCompPhase)
                  0000b86e    00000012     ctrl_curr_loop.obj (.scratchpad:Cla1Prog:CTRL_CurrLoop_Run)
                  0000b86e    0000000a     ctrl_inv_pwm.obj (.scratchpad:Cla1Prog:CTRL_InvPwm_Run)
                  0000b880    00000007     cpu1_cla_task.obj (.scratchpad:Cla1Prog:prvCLA_AdcAbc_Scale)

MSGRAM_CPU1_TO_CPU2 
*          0    0003a000    00000148     UNINITIALIZED
                  0003a000    00000094     core_msg_storage.obj (MSGRAM_CPU1_TO_CPU2)
                  0003a094    00000016     core_state.obj (MSGRAM_CPU1_TO_CPU2)
                  0003a0aa    00000016     --HOLE--
                  0003a0c0    00000088     driverlib.lib : ipc.obj (MSGRAM_CPU1_TO_CPU2)

MSGRAM_CPU2_TO_CPU1 
*          0    0003b000    00000144     UNINITIALIZED
                  0003b000    00000088     driverlib.lib : ipc.obj (MSGRAM_CPU2_TO_CPU1)
                  0003b088    00000016     core_state.obj (MSGRAM_CPU2_TO_CPU1)
                  0003b09e    00000022     --HOLE--
                  0003b0c0    00000084     core_msg_storage.obj (MSGRAM_CPU2_TO_CPU1)

.TI.ramfunc 
*          0    00080008    000004bf     RUN ADDR = 0000c000
                  00080008    0000009e     cpu1_ctrl.obj (.TI.ramfunc:CPU1_Ctrl_Run8k)
                  000800a6    00000080     board_cpu1_isr.obj (.TI.ramfunc:CPU1_AdcaInt1_Isr)
                  00080126    0000006e     board_cpu1_isr.obj (.TI.ramfunc:CPU1_Ctrl8k_Isr)
                  00080194    00000054     board_cpu1.obj (.TI.ramfunc:BOARD_AdcFastSample_Capture)
                  000801e8    00000051     driverlib.lib : flash.obj (.TI.ramfunc:Flash_initModule)
                  00080239    00000049     cpu1_cla.obj (.TI.ramfunc:CPU1_Cla_Diag_Update32k)
                  00080282    00000046     board_cpu1.obj (.TI.ramfunc:BOARD_CarrierSyncOutput_Set)
                  000802c8    00000044     board_cpu1.obj (.TI.ramfunc:BOARD_CarrierSyncError_Read)
                  0008030c    00000035     cpu1_ctrl.obj (.TI.ramfunc:CPU1_Ctrl_Run32k)
                  00080341    0000002d     board_cpu1.obj (.TI.ramfunc:BOARD_CarrierSyncPeriod_Apply)
                  0008036e    00000027     bsw_cpu1_scheduler.obj (.TI.ramfunc:SCHED_Cpu1_Ctrl8kTiming_Update)
                  00080395    00000024     driverlib.lib : flash.obj (.TI.ramfunc:Flash_setWaitstates)
                  000803b9    0000001d     board_cpu1.obj (.TI.ramfunc:BOARD_AdcFastSample_Get)
                  000803d6    00000018     driverlib.lib : flash.obj (.TI.ramfunc:Flash_disableCache)
                  000803ee    00000017                   : flash.obj (.TI.ramfunc:Flash_disablePrefetch)
                  00080405    00000017                   : flash.obj (.TI.ramfunc:Flash_enableCache)
                  0008041c    00000017     bsw_cpu1_scheduler.obj (.TI.ramfunc:SCHED_Cpu1_Timing32k_Update)
                  00080433    00000016     driverlib.lib : flash.obj (.TI.ramfunc:Flash_enableECC)
                  00080449    00000016                   : flash.obj (.TI.ramfunc:Flash_enablePrefetch)
                  0008045f    00000014     bsw_cpu1_scheduler.obj (.TI.ramfunc:prvSCHED_Cpu1_Release1ms)
                  00080473    00000012     cpu1_cla.obj (.TI.ramfunc:CPU1_Cla_ControlFrame_Commit)
                  00080485    00000012     bsw_cpu1_scheduler.obj (.TI.ramfunc:prvSCHED_Cpu1_Overrun32k_Record)
                  00080497    0000000a     bsw_cpu1_scheduler.obj (.TI.ramfunc:SCHED_Cpu1_Release1msIfDue)
                  000804a1    00000006     board_cpu1.obj (.TI.ramfunc:BOARD_Cla1_Task1_ClearOverflow)
                  000804a7    00000006     board_cpu1.obj (.TI.ramfunc:BOARD_Cpu1_NestAllowInt1_Enter)
                  000804ad    00000006     board_cpu1.obj (.TI.ramfunc:BOARD_TimestampCount_Get)
                  000804b3    00000004     board_cpu1.obj (.TI.ramfunc:BOARD_CarrierSyncPeriod_Active_Get)
                  000804b7    00000004     board_cpu1.obj (.TI.ramfunc:BOARD_Cla1_Task1_HasOverflowed)
                  000804bb    00000004     board_cpu1.obj (.TI.ramfunc:BOARD_Cpu1_NestAllowInt1_Exit)
                  000804bf    00000004     board_cpu1.obj (.TI.ramfunc:BOARD_TimestampElapsed_Get)
                  000804c3    00000004     driverlib.lib : sysctl.obj (.TI.ramfunc)

Cla1Prog   0    000804c8    00002e6e     RUN ADDR = 00008000
                  000804c8    000004ba     rts2800_fpu64_eabi.lib : cla_divu.cla.obj (Cla1Prog:__claabi_divu)
                  00080982    0000035c     cpu1_cla_task.obj (Cla1Prog:Cla1Task1)
                  00080cde    000002be     board_cla_pwm.obj (Cla1Prog:EPWM_setActionQualifierAction)
                  00080f9c    000001dc     ctrl_inv_pwm.obj (Cla1Prog:CTRL_InvPwm_Run)
                  00081178    000001d6     ctrl_curr_loop.obj (Cla1Prog:CTRL_CurrLoop_Run)
                  0008134e    000001d6     board_cla_pwm.obj (Cla1Prog:EPWM_forceTripZoneEvent)
                  00081524    000001d6     board_cla_pwm.obj (Cla1Prog:EPWM_setCounterCompareValue)
                  000816fa    000001d4     ctrl_inv_pwm.obj (Cla1Prog:prvCTRL_InvPwm_TTypeZeroSeq_Run)
                  000818ce    000001b0     ctrl_curr_loop.obj (Cla1Prog:prvCTRL_CurrLoop_PhaseLimit)
                  00081a7e    000001a0     board_cla_pwm.obj (Cla1Prog:EPWM_getTimeBaseCounterDirection)
                  00081c1e    0000019e     board_cla_pwm.obj (Cla1Prog:EPWM_getTimeBasePeriod)
                  00081dbc    0000016e     cpu1_cla_task.obj (Cla1Prog:prvCLA_Bat1_Run)
                  00081f2a    0000016e     cpu1_cla_task.obj (Cla1Prog:prvCLA_Bat2_Run)
                  00082098    00000160     cpu1_cla_task.obj (Cla1Prog:prvCLA_OffgridCurrInput_Build)
                  000821f8    00000156     cpu1_cla_task.obj (Cla1Prog:prvCLA_InvPwm_Run)
                  0008234e    0000013e     board_cla_adc.obj (Cla1Prog:BOARD_Cla_FastAdc_Read)
                  0008248c    000000ec     board_cla_pwm.obj (Cla1Prog:BOARD_Cla_InvPwmUpdate)
                  00082578    000000ea     cpu1_cla_task.obj (Cla1Prog:prvCLA_CurrLoop_Load)
                  00082662    000000d2     ctrl_inv_pwm.obj (Cla1Prog:prvCTRL_InvPwm_RunChannel)
                  00082734    000000be     cpu1_cla_task.obj (Cla1Prog:prvCLA_CurrCfg_Init)
                  000827f2    000000b4     ctrl_curr_loop.obj (Cla1Prog:prvCTRL_CurrLoop_VdqLimit)
                  000828a6    000000ac     ctrl_inv_pwm.obj (Cla1Prog:CTRL_InvPwm_Reset)
                  00082952    000000a6     cpu1_cla_task.obj (Cla1Prog:prvCLA_Boost_Run)
                  000829f8    0000009a     cpu1_cla_task.obj (Cla1Prog:prvCLA_OpenLoop_Duty_ToCmp)
                  00082a92    00000092     ctrl_curr_loop.obj (Cla1Prog:prvCTRL_CurrLoop_RunAxis)
                  00082b24    0000008c     ctrl_inv_pwm.obj (Cla1Prog:prvCTRL_InvPwm_DzCompPhase)
                  00082bb0    00000084     ctrl_curr_loop.obj (Cla1Prog:CTRL_CurrLoop_Reset)
                  00082c34    00000074     ctrl_curr_loop.obj (Cla1Prog:prvCTRL_CurrLoop_TrackScaledAxis)
                  00082ca8    00000064     utils_pi_f32.obj (Cla1Prog:UTILS_Pi_RunCla)
                  00082d0c    0000005e     board_cla_adc.obj (Cla1Prog:ADC_readResult)
                  00082d6a    0000005e     ctrl_curr_loop.obj (Cla1Prog:CTRL_CurrLoop_SetConfig)
                  00082dc8    0000005c     ctrl_curr_loop.obj (Cla1Prog:prvCTRL_CurrLoop_ClearDqAxis)
                  00082e24    00000056     cpu1_cla_task.obj (Cla1Prog:prvCLA_AdcAbc_Scale)
                  00082e7a    00000052     board_cla_pwm.obj (Cla1Prog:BOARD_Cla_InvPwmRuntime_Read)
                  00082ecc    00000050     board_cla_pwm.obj (Cla1Prog:BOARD_Cla_BoostPwmInactive)
                  00082f1c    0000004e     board_cla_pwm.obj (Cla1Prog:BOARD_Cla_BoostPwmUpdate)
                  00082f6a    0000004a     cpu1_cla_task.obj (Cla1Prog:Cla1Task8)
                  00082fb4    00000048     board_cla_pwm.obj (Cla1Prog:BOARD_Cla_Bat2PwmInactive)
                  00082ffc    00000048     cpu1_cla_task.obj (Cla1Prog:prvCLA_BatBoost_Duty_ToCmp)
                  00083044    00000046     board_cla_pwm.obj (Cla1Prog:BOARD_Cla_InvPwmInactive)
                  0008308a    00000046     board_cla_pwm.obj (Cla1Prog:prvBOARD_Cla_InvPwmChannel_Update)
                  000830d0    00000042     ctrl_inv_pwm.obj (Cla1Prog:CTRL_InvPwm_Init)
                  00083112    0000003e     ctrl_curr_loop.obj (Cla1Prog:CTRL_CurrLoop_Init)
                  00083150    0000003e     utils_pi_f32.obj (Cla1Prog:UTILS_Pi_TrackOutputCla)
                  0008318e    00000038     ctrl_curr_loop.obj (Cla1Prog:prvCTRL_CurrLoop_LoadPICfg)
                  000831c6    00000032     board_cla_pwm.obj (Cla1Prog:BOARD_Cla_Bat1PwmUpdate)
                  000831f8    00000032     board_cla_pwm.obj (Cla1Prog:BOARD_Cla_Bat2PwmUpdate)
                  0008322a    0000002e     utils_transform_f32.obj (Cla1Prog:UTILS_Transform_ClarkeCla)
                  00083258    0000002c     board_cla_pwm.obj (Cla1Prog:BOARD_Cla_Bat1PwmInactive)
                  00083284    0000002c     utils_transform_f32.obj (Cla1Prog:UTILS_Transform_InvParkCla)
                  000832b0    0000002c     utils_transform_f32.obj (Cla1Prog:UTILS_Transform_ParkCla)
                  000832dc    00000026     utils_transform_f32.obj (Cla1Prog:UTILS_Transform_InvClarkeCla)
                  00083302    00000014     cpu1_cla_task.obj (Cla1Prog:prvCLA_Adc_Scale)
                  00083316    00000014     ctrl_inv_pwm.obj (Cla1Prog:prvCTRL_InvPwm_ClearChannel)
                  0008332a    0000000c     utils_pi_f32.obj (Cla1Prog:UTILS_Pi_ResetCla)

.const_cla 
*          0    0008aa30    00000008     RUN ADDR = 0000ba20
                  0008aa30    00000004     cpu1_cla_task.obj (.const_cla:$P$T0$1)
                  0008aa34    00000002     cpu1_cla_task.obj (.const_cla:$P$T2$2)
                  0008aa36    00000002     cpu1_cla_task.obj (.const_cla:$P$T4$3)

Cla1DataRam 
*          0    0000b888    00000196     UNINITIALIZED
                  0000b888    0000016b     cpu1_cla_task.obj (Cla1DataRam)
                  0000b9f3    0000000d     --HOLE--
                  0000ba00    0000001e     cpu1_cla.obj (Cla1DataRam)

.bss.1     0    0002201c    00000593     UNINITIALIZED
                  0002201c    0000001a     board_cpu1.obj (.bss)
                  00022036    0000000a     bsw_core_err.obj (.bss)
                  00022040    0000041e     cpu1_ctrl.obj (.bss)
                  0002245e    00000016     board_cpu1_safety.obj (.bss)
                  00022474    0000000c     board_cpu1_isr.obj (.bss)
                  00022480    00000114     core_msg_cpu1.obj (.bss)
                  00022594    00000016     cpu1_cla.obj (.bss)
                  000225aa    00000002     ipc_port.obj (.bss)
                  000225ac    00000002     rtm_cpu1_param.obj (.bss)
                  000225ae    00000001     cpu1_safety.obj (.bss)

.bss.2     0    000225c0    000000ee     UNINITIALIZED
                  000225c0    000000ee     cpu1_param_table.obj (.bss)

.bss.3     0    000226c0    000000e0     UNINITIALIZED
                  000226c0    000000e0     cpu1_core_comm.obj (.bss)

.bss.4     0    000227c0    0000002e     UNINITIALIZED
                  000227c0    0000002e     bsw_cpu1_scheduler.obj (.bss)

MODULE SUMMARY

       Module                           code    ro data   rw data
       ------                           ----    -------   -------
    .\app\ctrl\02_curr_loop\src\
       ctrl_curr_loop.obj               3560    0         138    
    +--+--------------------------------+-------+---------+---------+
       Total:                           3560    0         138    
                                                                 
    .\app\ctrl\03_inv_pwm\src\
       ctrl_inv_pwm.obj                 3104    0         54     
    +--+--------------------------------+-------+---------+---------+
       Total:                           3104    0         54     
                                                                 
    .\app\ctrl\06_soft_pll\src\
       ctrl_soft_pll.obj                306     0         0      
    +--+--------------------------------+-------+---------+---------+
       Total:                           306     0         0      
                                                                 
    .\app\ctrl\07_voltage_loop\src\
       ctrl_voltage_loop.obj            394     50        0      
    +--+--------------------------------+-------+---------+---------+
       Total:                           394     50        0      
                                                                 
    .\app\ctrl\11_carrier_sync\src\
       ctrl_carrier_sync.obj            144     0         0      
    +--+--------------------------------+-------+---------+---------+
       Total:                           144     0         0      
                                                                 
    .\app\ctrl\12_open_loop\src\
       ctrl_open_loop.obj               362     22        0      
    +--+--------------------------------+-------+---------+---------+
       Total:                           362     22        0      
                                                                 
    .\app\ctrl\13_phase_gen\src\
       ctrl_phase_gen.obj               133     8         0      
    +--+--------------------------------+-------+---------+---------+
       Total:                           133     8         0      
                                                                 
    .\platform\bsw\multi_core\src\
       ipc_port.obj                     236     0         2      
    +--+--------------------------------+-------+---------+---------+
       Total:                           236     0         2      
                                                                 
    .\platform\bsw\scheduler\src\
       bsw_cpu1_scheduler.obj           300     44        46     
    +--+--------------------------------+-------+---------+---------+
       Total:                           300     44        46     
                                                                 
    .\platform\bsw\services\src\
       bsw_core_err.obj                 49      8         10     
    +--+--------------------------------+-------+---------+---------+
       Total:                           49      8         10     
                                                                 
    .\platform\utils\02_filter\src\
       utils_filter.obj                 16      0         0      
    +--+--------------------------------+-------+---------+---------+
       Total:                           16      0         0      
                                                                 
    .\platform\utils\03_math\src\
       utils_math.obj                   101     4097      0      
    +--+--------------------------------+-------+---------+---------+
       Total:                           101     4097      0      
                                                                 
    .\platform\utils\04_pi\src\
       utils_pi_f32.obj                 348     0         2      
       utils_pi.obj                     123     0         0      
    +--+--------------------------------+-------+---------+---------+
       Total:                           471     0         2      
                                                                 
    .\platform\utils\05_pos_neg_seq\src\
       utils_pos_neg_seq.obj            167     10        0      
    +--+--------------------------------+-------+---------+---------+
       Total:                           167     10        0      
                                                                 
    .\platform\utils\06_ramp\src\
       utils_ramp.obj                   61      0         0      
    +--+--------------------------------+-------+---------+---------+
       Total:                           61      0         0      
                                                                 
    .\platform\utils\08_transform\src\
       utils_transform_f32.obj          344     0         38     
       utils_transform.obj              92      0         0      
    +--+--------------------------------+-------+---------+---------+
       Total:                           436     0         38     
                                                                 
    .\project\hybrid30k\board\generated\dk9_launchxl\cpu1\
       board.obj                        8062    172       0      
    +--+--------------------------------+-------+---------+---------+
       Total:                           8062    172       0      
                                                                 
    .\project\hybrid30k\board\src\
       board_cla_pwm.obj                6608    0         60     
       board_cpu1.obj                   1519    183       30     
       board_cpu1_safety.obj            1050    372       22     
       board_cla_adc.obj                824     0         6      
       board_cpu1_isr.obj               508     0         12     
       board_relay.obj                  3       0         0      
    +--+--------------------------------+-------+---------+---------+
       Total:                           10512   555       130    
                                                                 
    .\project\hybrid30k\dsp\core_comm\src\
       core_msg_cpu1.obj                1048    104       276    
       core_msg_access.obj              1030    0         0      
       boot_sync.obj                    384     0         14     
       core_state.obj                   270     0         44     
       core_msg_storage.obj             0       0         280    
       param_msg_bind.obj               45      0         0      
    +--+--------------------------------+-------+---------+---------+
       Total:                           2777    104       614    
                                                                 
    .\project\hybrid30k\dsp\cpu1\cla\src\
       cpu1_cla_task.obj                6564    16        504    
       cpu1_cla.obj                     437     109       166    
    +--+--------------------------------+-------+---------+---------+
       Total:                           7001    125       670    
                                                                 
    .\project\hybrid30k\dsp\cpu1\src\
       cpu1_ctrl.obj                    4410    468       1054   
       cpu1_measurement.obj             2439    94        0      
       cpu1_param.obj                   1931    142       0      
       cpu1_core_comm.obj               1226    0         224    
       rtm_cpu1_param.obj               398     2         2      
       cpu1_safety.obj                  125     0         1      
       main_cpu1.obj                    112     8         0      
       cpu1_ctrl_runtime_boundary.obj   106     11        0      
    +--+--------------------------------+-------+---------+---------+
       Total:                           10747   725       1281   
                                                                 
    .\project\hybrid30k\rtm\generated\cpu1\
       cpu1_param_table.obj             0       1913      238    
    +--+--------------------------------+-------+---------+---------+
       Total:                           0       1913      238    
                                                                 
    .\third_party\ti\f28p65x_device\source\
       device.obj                       523     0         0      
       f28p65x_codestartbranch.obj      10      0         0      
    +--+--------------------------------+-------+---------+---------+
       Total:                           533     0         0      
                                                                 
    C:/Users/11981/Documents/Hybrid_Platform-integration-dk9-mil-hw-rework-review-20260902/third_party/ti/c2000ware-core-sdk/f28p65x/runtime/driverlib/f28p65x/driverlib/ccs/Debug/driverlib.lib
       sysctl.obj                       1420    154       0      
       flash.obj                        525     155       0      
       memcfg.obj                       550     78        0      
       gpio.obj                         429     152       0      
       adc.obj                          255     151       0      
       ipc.obj                          15      68        272    
       uart.obj                         181     152       0      
       can.obj                          170     151       0      
       spi.obj                          119     151       0      
       interrupt.obj                    214     0         0      
       ecap.obj                         69      76        0      
       xbar.obj                         77      0         0      
       cla.obj                          38      0         0      
    +--+--------------------------------+-------+---------+---------+
       Total:                           4062    1288      272    
                                                                 
    D:\ccs21.0\ccs\tools\compiler\ti-cgt-c2000_25.11.1.LTS\lib\rts2800_fpu64_eabi.lib
       cla_divu.cla.obj                 2420    0         14     
       ll_div28.asm.obj                 263     0         0      
       fs_div28.asm.obj                 136     0         0      
       exit.c.obj                       41      0         6      
       copy_decompress_lzss.c.obj       46      0         0      
       autoinit.c.obj                   43      0         0      
       memcpy.c.obj                     32      0         0      
       ll_cmp28.asm.obj                 30      0         0      
       boot28.asm.obj                   25      0         0      
       ll_mpy28.asm.obj                 20      0         0      
       memcmp.c.obj                     19      0         0      
       args_main.c.obj                  18      0         0      
       _lock.c.obj                      9       0         4      
       copy_decompress_none.c.obj       8       0         0      
       memset.c.obj                     7       0         0      
       copy_zero_init.c.obj             6       0         0      
       pre_init.c.obj                   2       0         0      
       startup.c.obj                    1       0         0      
    +--+--------------------------------+-------+---------+---------+
       Total:                           3126    0         24     
                                                                 
       Stack:                           0       0         1792   
       Linker Generated:                0       83        0      
    +--+--------------------------------+-------+---------+---------+
       Grand Total:                     56660   9204      5311   


LINKER GENERATED COPY TABLES

__TI_cinit_table @ 0008ce10 records: 7, size/record: 4, table size: 28
	.data: load addr=0008cdd8, load size=00000019 bytes, run addr=00022000, run size=0000001c bytes, compression=lzss
	.bss.1: load addr=0008cdf8, load size=00000004 bytes, run addr=0002201c, run size=00000593 bytes, compression=zero_init
	.bss.2: load addr=0008cdfc, load size=00000004 bytes, run addr=000225c0, run size=000000ee bytes, compression=zero_init
	.bss.3: load addr=0008ce00, load size=00000004 bytes, run addr=000226c0, run size=000000e0 bytes, compression=zero_init
	.bss.4: load addr=0008ce04, load size=00000004 bytes, run addr=000227c0, run size=0000002e bytes, compression=zero_init
	.scratchpad: load addr=0008ce08, load size=00000004 bytes, run addr=0000b800, run size=00000087 bytes, compression=zero_init
	Cla1DataRam: load addr=0008ce0c, load size=00000004 bytes, run addr=0000b888, run size=00000196 bytes, compression=zero_init


LINKER GENERATED HANDLER TABLE

__TI_handler_table @ 0008cdf2 records: 3, size/record: 2, table size: 6
	index: 0, handler: __TI_zero_init
	index: 1, handler: __TI_decompress_lzss
	index: 2, handler: __TI_decompress_none


GLOBAL DATA SYMBOLS: SORTED BY DATA PAGE

address     data page           name
--------    ----------------    ----
00001480      52 (00001480)     g_stClaToCpuMsg

00001500      54 (00001500)     g_stCpuToClaMsg

[...]
0     00087398  COREMSG_ParameterCpu1_Receive                   
0     00087398  PARAMBIND_Cpu1_Receive                          
0     00087437  BOARD_InvPwmDeadBand_Init                       
0     00087571  CPU1_CoreComm_Cpu2Boot_Run                      
0     00087608  CPU1_Measurement_Init                           
0     0008772a  MemCfg_getInitStatus                            
0     000877b5  UTILS_Pos_Neg_Seq_Run                           
0     00087840  BOARD_CARRIER_SYNC_ECAP1_init                   
0     00087840  ECAP_init                                       
0     000878c9  __c28xabi_divf                                  
0     00087951  CTRL_CarrierSync_Run                            
0     000879d6  BOOTSYNC_Cpu1_StartCpu2Attempt                  
0     00087a59  CPU1_CoreComm_StartupParameters_Receive         
0     00087ad6  MemCfg_initSections                             
0     00087c44  BOOTSYNC_Cpu1_WaitCpu2Ready                     
0     00087d9d  BOARD_CtrlTimebase_Start                        
0     00087e0e  GPIO_setAnalogMode                              
0     00087eee  COREMSG_CommandCpu1_Receive                     
0     00087f5c  main                                            
0     00087fc7  CPU1_Cla_StartupConfig_Apply                    
0     00088093  SysCtl_getClock                                 
0     0008815d  ADC_setINLTrim                                  
0     000881c1  CAN_setBitTiming                                
0     000882ea  CPU1_Nmi_Isr                                    
0     00088348  UART_setConfig                                  
0     000883a5  SPI_setConfig                                   
0     00088401  CPU1_Param_PllSnapshot_Get                      
0     00088511  CTRL_SoftPLL_Run                                
0     0008856a  COREMSG_Access_FastInstant_WriteShared          
0     00088618  COREMSG_ParameterCpu1_ApplyPending              
0     0008866e  COREMSG_CommandCpu1_ApplyPending                
0     000886c3  GPIO_setPadConfig                               
0     00088767  CPU1_Measurement_Run8k                          
0     000887b6  BOARD_Device_Init                               
0     000887b6  Device_init                                     
0     000888ef  XBAR_setEPWMMuxConfig                           
0     0008893c  BOARD_CtrlTimebase_StopForConfig                
0     00088a20  CPU1_Param_Init                                 
0     00088a20  RTM_Cpu1Param_Init                              
0     00088a6b  ADC_setVREF                                     
0     00088ab4  BOARD_DelayUs                                   
0     00088afd  CPU1_Param_CurrCtrlSnapshot_Get                 
0     00088b46  SysCtl_selectOscSource                          
0     00088b8d  SysCtl_selectXTAL                               
0     00088bd3  UTILS_Pi_RunError                               
0     00088c5a  COREMSG_ParameterCpu1_GetPending                
0     00088c9c  CTRL_PhaseGen_FreqSet                           
0     00088cdd  BOARD_Watchdog_Activate                         
0     00088d1d  CPU1_Param_OpenLoopSnapshot_Get                 
0     00088e1b  Interrupt_initModule                            
0     00088e58  UTILS_Ramp_Run                                  
0     00088e95  BOARD_NVM_SPI_init                              
0     00088e95  SPI_init                                        
0     00088f82  IPC_Port_SyncWithTimeout                        
0     00088fbb  MemCfg_setLSRAMControllerSel                    
0     00089066  BOOTSYNC_Cpu1_WaitCpu2AppInit                   
0     000890d6  CTRL_OpenLoop_Reset                             
0     0008910d  CTRL_SoftPLL_SetConfig                          
0     00089144  GPIO_setControllerCore                          
0     0008917b  GPIO_setPinConfig                               
0     000891b2  GPIO_setQualificationMode                       
0     000891e9  Interrupt_enable                                
0     00089220  BOOTSYNC_Cpu1_WaitCpu2LogicAliveChange          
0     00089256  BOARD_SafetyEarly_Init                          
0     00089289  CPU1_Cla_Init                                   
0     000892bb  COREMSG_CommandCpu1_CheckTimeout                
0     000892ec  CPU1_CoreComm_Init                              
0     0008931d  CPU1_CoreComm_NmiFault_Latch                    
0     0008934e  GPIO_setDirectionMode                           
0     0008943f  CPU1_Param_PwmSnapshot_Get                      
0     0008946d  __TI_decompress_lzss                            
0     000894c8  UTILS_Math_SqrtU32                              
0     000894f3  __TI_auto_init_nobinit_nopinit                  
0     00089549  SCHED_Cpu1_Run1msTask                           
0     00089573  CPU1_CLA1_init                                  
0     0008959c  UTILS_Pi_TrackOutputError                       
0     000895ee  C$$EXIT                                         
0     000895ee  abort                                           
0     000895f0  exit                                            
0     0008968f  COMM_DEBUG_UART_init                            
0     000896b6  CPU1_CoreComm_FastExchange_Run                  
0     000897a0  BOARD_BootTimebase_Start                        
0     000897c6  CLA_setTriggerSource                            
0     000897ec  MemCfg_setGSRAMControllerSel                    
0     00089838  BOARD_Cpu2_Boot_Release                         
0     0008985d  COMM_ARM_UART_init                              
0     00089882  CPU1_Cla_Task8Init_Run                          
0     000898a7  CTRL_VoltLoop_Init                              
0     000898cc  SysCtl_selectXTALSingleEnded                    
0     000898f1  BOARD_NmiDiag_Read                              
0     0008995b  Board_init                                      
0     0008999d  SysCtl_controlCPU2Reset                         
0     000899be  UTILS_Math_ClampI64ToI32                        
0     00089a00  CPU1_CoreComm_StartupParameters_Apply           
0     00089a20  UTILS_Transform_Clarke                          
0     00089a60  memcpy                                          
0     00089a9f  CPU1_CoreComm_RunInputs                         
0     00089abd  CTRL_SoftPLL_Reset                              
0     00089b17  ECAP_setEmulationMode                           
0     00089b35  IPC_Port_Timeout_IsExpired                      
0     00089b53  Interrupt_initVectorTable                       
0     00089b71  __c28xabi_cmpll                                 
0     00089b83  __c28xabi_cmpull                                
0     00089b8f  ADC_setMode                                     
0     00089bac  BOARD_SafetyPostInit_Reassert                   
0     00089bc9  COREMSG_CommandCpu1_Init                        
0     00089be6  CTRL_OpenLoop_Run                               
0     00089c03  CTRL_PhaseGen_Run                               
0     00089c5a  BSW_CoreErr_Init                                
0     00089c76  CAN_initModule                                  
0     00089c92  CPU1_Ctrl_RuntimeBoundary_Policy_Get            
0     00089cae  CPU1_Measurement_SlowSnapshot_Take              
0     00089cca  CTRL_PhaseGen_Init                              
0     00089ce6  UTILS_Pos_Neg_Seq_Init                          
0     00089d56  COREMSG_FastInstantCpu1_Publish                 
0     00089d71  COREMSG_SlowStatusCpu1_Publish                  
0     00089d8c  SCHED_Cpu1_Init                                 
0     00089e12  COREMSG_Access_Identity_Matches                 
0     00089e2c  CTRL_VoltLoop_SetConfig                         
0     00089e7a  SysCtl_getLowSpeedClock                         
0     00089ee2  BOARD_Cpu1_IsrHooks_Register                    
0     00089efb  BOARD_Cpu2_Reset_Hold                           
0     00089f14  CTRL_SoftPLL_Advance                            
0     00089fc3  _c_int00                                        
0     00089fdc  BOARD_CPU1_LED_GREEN_init                       
0     00089ff4  BOARD_CPU1_LED_RED_init                         
0     0008a00c  BOARD_SYNC_OUT4_init                            
0     0008a024  COREMSG_Access_SlowStatus_WriteShared           
0     0008a03c  COREMSG_CommandCpu1_ForceSafeOff                
0     0008a054  CPU1_Ctrl_RuntimeBoundary_SamplePolicy_Get      
0     0008a06c  DK9_FAULT_RESET_SHADOW_init                     
0     0008a084  IPC_Port_TryNotify                              
0     0008a09c  RTM_Cpu1Param_Read                              
0     0008a12b  BOARD_SYNC_OUT1_init                            
0     0008a142  CLA_init                                        
0     0008a159  MemCfg_getUncorrErrorAddress                    
0     0008a187  UTILS_Transform_InvClarke                       
0     0008a1f8  Interrupt_defaultHandler                        
0     0008a20e  BOARD_Watchdog_Service                          
0     0008a223  CAN_init                                        
0     0008a223  COMM_PARALLEL_CAN_init                          
0     0008a277  GPIO_init                                       
0     0008a2e0  CORESTATE_Cpu1_CheckCpu2Peer                    
0     0008a31c  DK9_CARRIER_SYNC_CAPTURE_INPUT_init             
0     0008a330  DK9_TEST_BAT1_TRIP_init                         
0     0008a344  DK9_TEST_BAT2_TRIP_init                         
0     0008a358  DK9_TEST_INV_TRIP_init                          
0     0008a36c  DK9_TEST_PV_TRIP_init                           
0     0008a3e4  __c28xabi_mpyll                                 
0     0008a3f8  BOARD_SafetyOff_Assert                          
0     0008a40b  COREMSG_ParameterCpu1_Init                      
0     0008a41e  UTILS_Transform_InvPark                         
0     0008a46a  memcmp                                          
0     0008a47d  CORESTATE_Cpu1_ClearFault                       
0     0008a48f  CTRL_OpenLoop_Init                              
0     0008a4a1  DK9_VALIDATION_BAT1_TRIP_init                   
0     0008a4b3  PARAMBIND_Cpu1_Init                             
0     0008a4c5  UTILS_Transform_Park                            
0     0008a4e9  _args_main                                      
0     0008a4fb  CORESTATE_Cpu1_GetCpu2ContractDiag              
0     0008a50c  CORESTATE_Cpu1_SetFault                         
0     0008a51d  DK9_VALIDATION_BAT2_TRIP_init                   
0     0008a52e  DK9_VALIDATION_INV_TRIP_init                    
0     0008a53f  DK9_VALIDATION_PV_TRIP_init                     
0     0008a550  SYNC_init                                       
0     0008a5a4  COREMSG_CommandCpu1_GetDiag                     
0     0008a5b4  COREMSG_ParameterCpu1_GetDiag                   
0     0008a5f4  CORESTATE_Cpu1_InitOnce                         
0     0008a603  CPU1_Measurement_EffectiveAdcCfg_Get            
0     0008a630  COREMSG_Access_Identity_Copy                    
0     0008a63e  COREMSG_Access_Identity_ReadShared              
0     0008a64c  COREMSG_Access_Sequence_PublishBegin            
0     0008a65a  CTRL_SoftPLL_Init                               
0     0008a668  IPC_Port_AbortTx                                
0     0008a676  IPC_Port_Ack                                    
0     0008a6a0  ASYSCTL_init                                    
0     0008a6ee  BOARD_LedGreen_Write                            
0     0008a6fa  BOARD_LedRed_Write                              
0     0008a706  COREMSG_Access_Sequence_IsNewer                 
0     0008a712  CORESTATE_Cpu1_BootAttemptBegin                 
0     0008a71e  CPU1_CoreComm_Running_Enter                     
0     0008a72a  CPU1_CoreComm_StartupFailure_Indicate           
0     0008a736  CPU1_Safety_StartupFail_Stop                    
0     0008a742  INTERRUPT_init                                  
0     0008a74e  UTILS_Filter_Lpf1_Run                           
0     0008a77e  BOARD_MemCfgDiag_Read                           
0     0008a789  BSW_CoreErr_SetLastError                        
0     0008a794  CTRL_CarrierSync_Init                           
0     0008a794  CTRL_CarrierSync_Reset                          
0     0008a79f  CTRL_PhaseGen_Seed                              
0     0008a7aa  INPUTXBAR_init                                  
0     0008a7c0  UTILS_Math_Cos                                  
0     0008a7cb  UTILS_Pi_Run                                    
0     0008a802  BSW_CoreErr_GetLastError                        
0     0008a80c  COREMSG_CommandCpu1_IsSafeOff                   
0     0008a816  Interrupt_illegalOperationHandler               
0     0008a820  Interrupt_nmiHandler                            
0     0008a848  CPU1_CoreComm_RunCommand8k                      
0     0008a851  CPU1_Safety_SafeOff_Run                         
0     0008a85a  EPWMXBAR_init                                   
0     0008a863  IPC_Port_TimeUs_Get                             
0     0008a86c  _register_unlock                                
0     0008a870  _register_lock                                  
0     0008a874  _nop                                            
0     0008a875  ADC_setOffsetTrim                               
0     0008a87d  BOARD_Cla1_Task8_Force                          
0     0008a885  CORESTATE_Cpu1_IsCpu2StatePresent               
0     0008a88d  __TI_decompress_none                            
0     0008a89d  ADC_init                                        
0     0008a8a4  BOARD_NmiHandler_Register                       
0     0008a8ab  COREMSG_CommandCpu1_NmiSafeOff_Request          
0     0008a8b2  COREMSG_ParameterCpu1_GetActive                 
0     0008a8b9  CORESTATE_Cpu1_GetFaultFlags                    
0     0008a8c0  CPU1_CoreComm_Timebase_Init                     
0     0008a8ce  UTILS_Math_Sin                                  
0     0008a8d5  memset                                          
0     0008a8dc  BOARD_BootTimeUs_Get                            
0     0008a8e2  BOARD_Cla1_Task8_ClearOverflow                  
0     0008a8e8  COREMSG_Access_Sequence_ResetBegin              
0     0008a8ee  CPU1_Ctrl_MeasurementSlowSnapshot_Take          
0     0008a8f4  DK9_XBAR_BAT1_TRIP_init                         
0     0008a8fa  DK9_XBAR_BAT2_TRIP_init                         
0     0008a900  DK9_XBAR_CARRIER_SYNC_CAPTURE_init              
0     0008a906  DK9_XBAR_INV_TRIP_init                          
0     0008a90c  DK9_XBAR_PV_TRIP_init                           
0     0008a912  __TI_zero_init                                  
0     0008a92a  BOARD_Cla1_Task8_HasOverflowed                  
0     0008a92f  BOARD_Cla1_Task8_IsPending                      
0     0008a934  BOARD_Cla1_Task8_IsRunning                      
0     0008a939  BOARD_Interrupt_Init                            
0     0008a93e  COREMSG_CommandCpu1_GetActiveCommand            
0     0008a943  COREMSG_CommandCpu1_TakeClearApplied            
0     0008a948  COREMSG_Cpu1Snapshots_InitBegin                 
0     0008a94d  COREMSG_Cpu1Snapshots_InitCommit                
0     0008a952  CORESTATE_Cpu1_NmiFault_Latch                   
0     0008a957  CORESTATE_Cpu1_SetBootState                     
0     0008a95c  CPU1_Cla_Fault_Latch                            
0     0008a961  CPU1_Safety_FastProtect_Run                     
0     0008a966  CPU1_Safety_Nmi_Init                            
0     0008a96b  CTRL_VoltLoop_Reset                             
0     0008a970  UART_init                                       
0     0008a99d  BOARD_Cla1_Task1_IsPending                      
0     0008a9a1  BOARD_Cla1_Task1_IsRunning                      
0     0008a9a5  BOARD_GlobalInt_Enable                          
0     0008a9a9  BOARD_SafetyOff_IsAsserted                      
0     0008a9ad  COREMSG_CommandCpu1_GetAppliedSeq               
0     0008a9b1  COREMSG_ParameterCpu1_GetAppliedVersion         
0     0008a9b5  CORESTATE_Cpu1_GetBootAttemptCnt                
0     0008a9b9  CORESTATE_Cpu1_GetBootEpoch                     
0     0008a9bd  CORESTATE_Cpu1_GetBootStep                      
0     0008a9c1  CORESTATE_Cpu1_GetCpu2BootEpoch                 
0     0008a9c5  CORESTATE_Cpu1_GetCpu2BootStep                  
0     0008a9c9  CORESTATE_Cpu1_GetCpu2FaultFlags                
0     0008a9cd  CORESTATE_Cpu1_GetCpu2LastError                 
0     0008a9d1  CORESTATE_Cpu1_GetCpu2LastWarn                  
0     0008a9d5  CORESTATE_Cpu1_GetCpu2LogicAliveSeq             
0     0008a9d9  CORESTATE_Cpu1_GetCpu2RunState                  
0     0008a9dd  CORESTATE_Cpu1_GetCpu2Status                    
0     0008a9e1  CORESTATE_Cpu1_GetLastError                     
0     0008a9e5  CORESTATE_Cpu1_GetRunState                      
0     0008a9e9  CPU1_Cla_Fault_IsLatched                        
0     0008a9e9  CPU1_Ctrl_ClaFault_IsLatched                    
0     0008a9ed  CPU1_CoreComm_CtrlEnabled_IsSet                 
0     0008a9f1  IPC_Port_Timebase_Set                           
0     0008a9f5  CPU1_Param_Version_Get                          
0     0008a9f5  RTM_Cpu1Param_Version_Get                       
0     0008a9f9  UTILS_Filter_Lpf1_Reset                         
0     0008aa05  BOOTSYNC_BootPolicy_Get                         
0     0008aa08  COREMSG_Access_Sequence_ResetCommit             
0     0008aa0b  UTILS_Math_SquareI16                            
0     0008aa0e  UTILS_Pi_Reset                                  
0     0008aa11  __error__                                       
0     0008aa17  CORESTATE_Cpu1_DebugBarrier_IsArmed             
0     0008aa19  CORESTATE_Cpu1_GetDebugBootSession              
0     0008aa1b  CORESTATE_Cpu1_IsCpu2DebugBarrierCurrent        
0     0008aa1d  CORESTATE_Cpu1_IsCpu2DebugBootInitialized       
0     0008aa1f  CPU1_CoreComm_NmiParityRecovery_Try             
0     0008aa21  CPU1_Ctrl_RuntimeBoundary_ClaControl_Override   
0     0008aa23  CPU1_Ctrl_RuntimeBoundary_DiagFallback_IsEnabled
0     0008aa25  CPU1_Ctrl_RuntimeBoundary_OpenLoopCalc_IsAllowed
0     0008aa27  _system_pre_init                                
0     0008aa29  BOARD_AcSps_Disable                             
0     0008aa2a  BOARD_Relay_AllOpen                             
0     0008aa2b  BOARD_Relay_RuntimeOwner_Transfer               
0     0008aa2c  CORESTATE_Cpu1_DebugBarrier_Arm                 
0     0008aa2d  CPU1_Ctrl_RuntimeBoundary_Observe32k            
0     0008aa2e  CPU1_Ctrl_RuntimeBoundary_Observe8k             
0     0008aa2f  _system_post_cinit                              
0     0008aa30  Cla1ConstLoadStart                              
0     0008ba39  g_uiRtmCpu1ParamLocalCount                      
0     0008ba3a  g_stRtmCpu1ParamLocalTable                      
0     0008cd48  IPC_Instance                                    
0     0008cdd0  g_stRtmParamInfo                                
0     0008cdf2  __TI_Handler_Table_Base                         
0     0008cdf8  __TI_Handler_Table_Limit                        
0     0008ce10  __TI_CINIT_Base                                 
0     0008ce2c  __TI_CINIT_Limit                                
0     0008ce2c  __TI_CINIT_Warm                                 
abs   00000008  Cla1ConstLoadSize                               
abs   000004bf  RamfuncsLoadSize                                
abs   000004bf  RamfuncsRunSize                                 
abs   00000700  __TI_STACK_SIZE                                 
abs   00002e6e  Cla1ProgLoadSize                                
abs   ffffffff  __TI_pprof_out_hndl                             
abs   ffffffff  __TI_prof_data_size                             
abs   ffffffff  __TI_prof_data_start                            
abs   ffffffff  __c_args__                                      

[424 symbols]
