******************************************************************************
             TMS320C2000 Linker PC v25.11.1                    
******************************************************************************
>> Linked Tue Sep  1 08:58:40 2026

OUTPUT FILE NAME:   <Hybrid30K_F28P65x_CPU2.out>
ENTRY POINT SYMBOL: "code_start"  address: 00000000


MEMORY CONFIGURATION

         name            origin    length      used     unused   attr    fill
----------------------  --------  ---------  --------  --------  ----  --------
  BEGIN                 00000000   00000002  00000002  00000000  RWIX
  BOOT_RSVD             00000002   000001af  00000000  000001af  RWIX
  RAMM0                 000001b1   0000024f  00000028  00000227  RWIX
  RAMM1_STACK           00000400   000003f8  000003f8  00000000  RWIX
  RAMM1_GUARD           000007f8   00000008  00000000  00000008  RWIX
  CLATOCPURAM           00001480   00000080  00000000  00000080  RWIX
  CPUTOCLARAM           00001500   00000080  00000000  00000080  RWIX
  CLATODMARAM           00001680   00000080  00000000  00000080  RWIX
  DMATOCLARAM           00001700   00000080  00000000  00000080  RWIX
  RAMD2_STACK           00008000   00001000  00000d30  000002d0  RWIX
  RAMD2_WORK            00009000   00001000  00001000  00000000  RWIX
  RAMD3_RAMFUNC         0000a000   00001000  00001000  00000000  RWIX
  RAMD3_DATA            0000b000   00001000  00000fff  00000001  RWIX
  RAMGS2_VALIDATION     00014000   00002000  00001ac0  00000540  RWIX
  RAMGS3                00016000   00002000  00002000  00000000  RWIX
  RAMGS4                00018000   00002000  00002000  00000000  RWIX
  CPU1TOCPU2RAM         0003a000   00000400  0000014a  000002b6  RWIX
  CPU2TOCPU1RAM         0003b000   00000400  00000144  000002bc  RWIX
  CANA_MSG_RAM          00049000   00000800  00000000  00000800  RWIX
  CANB_MSG_RAM          0004b000   00000800  00000000  00000800  RWIX
  RESET                 003fffc0   00000002  00000000  00000002  RWIX


SECTION ALLOCATION MAP

 output                                  attributes/
section   page    origin      length       input sections
--------  ----  ----------  ----------   ----------------
codestart 
*          0    00000000    00000002     
                  00000000    00000002     f28p65x_codestartbranch.obj (codestart)

.cinit     0    000001b2    00000028     
                  000001b2    0000000e     (.cinit..data.load) [load image, compression = lzss]
                  000001c0    00000006     (__TI_handler_table)
                  000001c6    00000004     (.cinit..bss.load) [load image, compression = zero_init]
                  000001ca    00000004     (.cinit..freertosStaticStack.load) [load image, compression = zero_init]
                  000001ce    0000000c     (__TI_cinit_table)

.freertosStaticStack 
*          0    00008000    00000c00     UNINITIALIZED
                  00008000    00000c00     cpu2_rtos.obj (.freertosStaticStack)

.cpu2RtosConst 
*          0    00008c00    00000130     
                  00008c00    000000bc     cpu2_rtos.obj (.const)
                  00008cbc    0000003b     cpu2_rtos.obj (.const:.string)
                  00008cf7    00000001     --HOLE-- [fill = 0]
                  00008cf8    00000038     cpu2_rtos.obj (.const:s_astCpu2RtosTaskCfg)

.uartbDma 
*          0    00009000    00000140     UNINITIALIZED
                  00009000    00000140     board_uartb_dma.obj (.uartbDma)

.TI.ramfunc 
*          0    0000a000    00000004     
                  0000a000    00000004     driverlib.lib : sysctl.obj (.TI.ramfunc)

.reset     0    003fffc0    00000000     DSECT

.stack     0    00000400    000003f8     UNINITIALIZED
                  00000400    000003f8     --HOLE--

.bss       0    0000b000    00000f32     UNINITIALIZED
                  0000b000    00000382     cpu2_calc.obj (.bss)
                  0000b382    00000032     tasks.obj (.bss:pxReadyTasksLists)
                  0000b3b4    0000000c     cpu2_safety.obj (.bss)
                  0000b3c0    000002de     cpu2_product_validation.obj (.bss)
                  0000b69e    00000020     cpu2_rtos.obj (.bss:s_astCpu2CommQueueStorage)
                  0000b6be    00000002     ipc_port.obj (.bss)
                  0000b6c0    0000022e     cpu2_core_comm.obj (.bss)
                  0000b8ee    0000000a     bsw_core_err.obj (.bss)
                  0000b8f8    00000007     cpu2_relay_control.obj (.bss)
                  0000b8ff    00000001     --HOLE--
                  0000b900    000001ee     cpu2_rtos.obj (.bss)
                  0000baee    00000004     board_uartb_dma.obj (.bss:s_ulBoardUartBRxReadWords)
                  0000baf2    00000002     rtm_cpu2_param.obj (.bss)
                  0000baf4    00000002     tasks.obj (.bss:xIdleTaskHandles)
                  0000baf6    0000000a     --HOLE--
                  0000bb00    0000011e     cpu2_dk9_mil_validation.obj (.bss)
                  0000bc1e    0000001e     board_uartb_dma.obj (.bss)
                  0000bc3c    00000004     --HOLE--
                  0000bc40    000000e4     cpu2_param_table.obj (.bss)
                  0000bd24    0000001c     cpu2_param.obj (.bss:retain)
                  0000bd40    00000066     cpu2_param.obj (.bss)
                  0000bda6    0000001a     --HOLE--
                  0000bdc0    0000005e     cpu2_validation.obj (.bss)
                  0000be1e    00000022     --HOLE--
                  0000be40    00000058     cpu2_monitor_backend.obj (.bss)
                  0000be98    00000028     --HOLE--
                  0000bec0    00000046     core_msg_cpu2.obj (.bss)
                  0000bf06    0000002c     tasks.obj (.bss)

.init_array 
*          0    000001b1    00000000     UNINITIALIZED

.data      0    0000bf32    0000001f     UNINITIALIZED
                  0000bf32    0000000e     tasks.obj (.data)
                  0000bf40    00000006     rts2800_fpu64_eabi.lib : exit.c.obj (.data)
                  0000bf46    00000004     port.obj (.data)
                  0000bf4a    00000002     rts2800_fpu64_eabi.lib : _lock.c.obj (.data:_lock)
                  0000bf4c    00000002                            : _lock.c.obj (.data:_unlock)
                  0000bf4e    00000002     cpu2_dk9_mil_validation.obj (.data)
                  0000bf50    00000001     tasks.obj (.data:xYieldPendings)

.const.1   0    0000bf52    000000ae     
                  0000bf52    000000a5     tasks.obj (.const:.string)
                  0000bff7    00000001     cpu2_monitor_backend_map.obj (.const)
                  0000bff8    00000008     bsw_core_err.obj (.const)

.const.2   0    00018000    0000146a     
                  00018000    00000720     cpu2_param_table.obj (.const:g_stRtmCpu2ParamLocalTable)
                  00018720    0000001a     cpu2_logic.obj (.const)
                  0001873a    00000005     cpu2_monitor_backend.obj (.const:$P$T0$1)
                  0001873f    00000001     tasks.obj (.const)
                  00018740    00000256     logic_frt.obj (.const)
                  00018996    00000026     cpu2_safety.obj (.const)
                  000189bc    00000004     cpu2_monitor_transport.obj (.const)
                  000189c0    0000022a     cpu2_core_comm.obj (.const)
                  00018bea    00000014     tasks.obj (.const:ucExpectedStackBytes$1)
                  00018bfe    00000002     cpu2_monitor_backend.obj (.const:$P$T6$5)
                  00018c00    00000150     cpu2_product_validation.obj (.const)
                  00018d50    00000030     logic_state_machine.obj (.const:s_stLogicStateTable)
                  00018d80    0000010c     cpu2_param.obj (.const)
                  00018e8c    00000108     cpu2_monitor_backend_map.obj (.const:g_astCpu2MonitorVariableMap)
                  00018f94    0000001a     logic_state_machine.obj (.const)
                  00018fae    0000000a     bsw_state_machine.obj (.const)
                  00018fb8    00000008     cpu2_param_table.obj (.const:retain)
                  00018fc0    000000de     cpu2_dk9_mil_validation.obj (.const)
                  0001909e    000000c0     logic_state_machine.obj (.const:s_stLogicTransitionTable)
                  0001915e    0000009f     queue.obj (.const:.string)
                  000191fd    00000001     --HOLE-- [fill = 0]
                  000191fe    00000098     driverlib.lib : uart.obj (.const:.string)
                  00019296    00000097                   : can.obj (.const:.string)
                  0001932d    00000001     --HOLE-- [fill = 0]
                  0001932e    00000097                   : dma.obj (.const:.string)
                  000193c5    00000001     --HOLE-- [fill = 0]
                  000193c6    00000096     cpu2_monitor_transport.obj (.const:.string)
                  0001945c    00000007     cpu2_relay_control.obj (.const)
                  00019463    00000001     --HOLE-- [fill = 0]
                  00019464    00000004     rtm_cpu2_param.obj (.const)
                  00019468    00000002     cpu2_param_table.obj (.const)

.const.3   0    00019480    0000008c     
                  00019480    0000008c     cpu2_monitor_backend.obj (.const)

.const.4   0    00019540    0000006c     
                  00019540    0000006c     core_msg_cpu2.obj (.const)

.const.5   0    000195c0    000000b0     
                  000195c0    00000060     ctrl_voltage_rms.obj (.const)
                  00019620    00000050     driverlib.lib : cputimer.obj (.const:.string)

.const.6   0    00019680    0000008e     
                  00019680    00000049     cpu2_frt.obj (.const)
                  000196c9    00000001     --HOLE-- [fill = 0]
                  000196ca    00000044     driverlib.lib : ipc.obj (.const:IPC_Instance)

.const.7   0    00019740    00000078     
                  00019740    00000040     cpu2_calc.obj (.const)
                  00019780    00000038     cpu2_validation.obj (.const)

MSGRAM_CPU1_TO_CPU2 
*          0    0003a000    00000148     UNINITIALIZED
                  0003a000    00000094     core_msg_storage.obj (MSGRAM_CPU1_TO_CPU2)
                  0003a094    00000016     core_state.obj (MSGRAM_CPU1_TO_CPU2)
                  0003a0aa    00000016     --HOLE--
                  0003a0c0    00000088     driverlib.lib : ipc.obj (MSGRAM_CPU1_TO_CPU2)

MSGRAM_CPU1_TO_CPU2_BOOT_INJECT 
*          0    0003a148    00000002     UNINITIALIZED
                  0003a148    00000002     core_state.obj (MSGRAM_CPU1_TO_CPU2_BOOT_INJECT)

MSGRAM_CPU2_TO_CPU1 
*          0    0003b000    00000144     UNINITIALIZED
                  0003b000    00000088     driverlib.lib : ipc.obj (MSGRAM_CPU2_TO_CPU1)
                  0003b088    00000016     core_state.obj (MSGRAM_CPU2_TO_CPU1)
                  0003b09e    00000022     --HOLE--
                  0003b0c0    00000084     core_msg_storage.obj (MSGRAM_CPU2_TO_CPU1)

.text.1    0    00009140    00000ec0     
                  00009140    0000009f     core_msg_access.obj (.text:COREMSG_Access_Command_WriteShared)
                  000091df    0000009e     logic_frt.obj (.text:prvLOGIC_Frt_DelayAvgRun)
                  0000927d    0000009d     cpu2_logic.obj (.text:CPU2_Logic_Run1ms)
                  0000931a    0000009d     driverlib.lib : dma.obj (.text:DMA_configMode)
                  000093b7    0000009b     tasks.obj (.text:xTaskIncrementTick)
                  00009452    00000099     cpu2_core_comm.obj (.text:CPU2_CoreComm_RxStatus_Run)
                  000094eb    00000093     cpu2_dk9_mil_validation.obj (.text:prvCPU2_Dk9Mil_CanRun)
                  0000957e    00000093     cpu2_product_validation.obj (.text:prvCPU2_Product_ValidationControl_Update)
                  00009611    0000008f     cpu2_rtos.obj (.text:prvCPU2_Rtos_LogicTask)
                  000096a0    0000008d     board_uartb_dma.obj (.text:BOARD_UartB_Backend_Init)
                  0000972d    00000087     cpu2_core_comm.obj (.text:CPU2_CoreComm_FastExchange_Isr)
                  000097b4    00000087     cpu2_core_comm.obj (.text:CPU2_CoreComm_FastRawBlock_Capture)
                  0000983b    00000086     legacy_osc_protocol.obj (.text:CPU2_LegacyOsc_Parser_Push)
                  000098c1    00000086     cpu2_param.obj (.text:CPU2_Param_Init)
                  00009947    00000086     cpu2_safety.obj (.text:CPU2_Safety_Run1ms)
                  000099cd    0000007f     cpu2_core_comm.obj (.text:CPU2_CoreComm_Init)
                  00009a4c    0000007e     tasks.obj (.text:xTaskRemoveFromEventList)
                  00009aca    0000007c     cpu2_product_validation.obj (.text:CPU2_Product_FaultTask_Run)
                  00009b46    00000079     cpu2_core_comm.obj (.text:CPU2_CoreComm_MeasurementDiag_Update)
                  00009bbf    00000077     rtm_cpu2_param.obj (.text:prvRTM_Cpu2Param_ConfigRangeIsValid)
                  00009c36    00000076     core_msg_cpu2.obj (.text:COREMSG_SlowStatusCpu2_Receive)
                  00009cac    00000073     cpu2_monitor_backend.obj (.text:prvCPU2_Monitor_DiagnosticRead)
                  00009d1f    00000072     driverlib.lib : can.obj (.text:CAN_sendMessage)
                  00009d91    00000072     cpu2_product_validation.obj (.text:CPU2_Product_EmsTask_Run)
                  00009e03    00000071     cpu2_core_comm.obj (.text:CPU2_CoreComm_Update)
                  00009e74    00000070     logic_frt.obj (.text:LOGIC_Frt_ConfigValidate)
                  00009ee4    0000006f     board_uartb_dma.obj (.text:prvBOARD_UartB_Isr)
                  00009f53    00000001     board_relay.obj (.text:BOARD_RelayDomain_Disable)
                  00009f54    0000006d     board_uartb_dma.obj (.text:BOARD_UartB_RxTake)
                  00009fc1    0000003e     cpu2_dk9_mil_validation.obj (.text:CPU2_Dk9Mil_Spi_Transfer)
                  00009fff    00000001     cpu2_monitor_backend.obj (.text:CPU2_MonitorBackend_TxDone)

.text.2    0    0000a004    00000ffc     
                  0000a004    0000006d     queue.obj (.text:xQueueGenericReset)
                  0000a071    00000069     core_msg_cpu2.obj (.text:COREMSG_FastInstantCpu2_Receive)
                  0000a0da    00000069     cpu2_dk9_mil_validation.obj (.text:CPU2_Dk9Mil_Init)
                  0000a143    00000069     cpu2_monitor_backend.obj (.text:prvCPU2_Monitor_C1Respond)
                  0000a1ac    00000066     driverlib.lib : can.obj (.text:CAN_readMessage)
                  0000a212    00000066     cpu2_param.obj (.text:CPU2_Param_Boot_Init)
                  0000a278    00000066     cpu2_rtos.obj (.text:prvCPU2_Rtos_CommTask)
                  0000a2de    00000065     cpu2_param.obj (.text:CPU2_Param_Run1ms)
                  0000a343    00000001     tasks.obj (.text:prvIdleTask)
                  0000a344    00000065     cpu2_rtos.obj (.text:CPU2_Rtos_Init)
                  0000a3a9    00000065     queue.obj (.text:xQueueGenericSendFromISR)
                  0000a40e    00000064     cpu2_param.obj (.text:prvCPU2_Param_RatedCandidate_Check)
                  0000a472    00000062     board_uartb_dma.obj (.text:prvBOARD_UartB_DmaRxConfigure)
                  0000a4d4    00000062     tasks.obj (.text:prvInitialiseNewTask)
                  0000a536    00000061     logic_frt.obj (.text:prvLOGIC_Frt_RecoveryStep)
                  0000a597    0000005f     cpu2_frt.obj (.text:prvCPU2_Frt_Config_Sync)
                  0000a5f6    0000005e     ctrl_voltage_rms.obj (.text:CTRL_VoltRms_Run)
                  0000a654    0000005e     cpu2_product_validation.obj (.text:prvCPU2_Product_VoltageRmsConfig_Build)
                  0000a6b2    0000005d     driverlib.lib : uart.obj (.text:UART_setConfig)
                  0000a70f    0000005d     cpu2_frt.obj (.text:prvCPU2_Frt_GridSeq_Q12ToLogicPeak)
                  0000a76c    0000005d     port.obj (.text:pxPortInitialiseStack)
                  0000a7c9    0000005c     board_uartb_dma.obj (.text:prvBOARD_UartB_DmaTxConfigure)
                  0000a825    0000005c     cpu2_product_validation.obj (.text:prvCPU2_Product_MeasurementInput_Update)
                  0000a881    0000005b     tasks.obj (.text:prvAddNewTaskToReadyList)
                  0000a8dc    0000005b     logic_frt.obj (.text:prvLOGIC_Frt_CaptureEvent)
                  0000a937    00000057     core_msg_access.obj (.text:COREMSG_Access_FastInstant_Copy)
                  0000a98e    00000057     core_msg_access.obj (.text:COREMSG_Access_FastInstant_ReadShared)
                  0000a9e5    00000057     cpu2_dk9_mil_validation.obj (.text:CPU2_Dk9Mil_Can_Tx)
                  0000aa3c    00000057     cpu2_validation.obj (.text:CPU2_Validation_Watch_Publish)
                  0000aa93    00000057     board_uartb_dma.obj (.text:prvBOARD_UartB_TxDmaIsr)
                  0000aaea    00000056     legacy_osc_protocol.obj (.text:CPU2_LegacyOsc_FrameEncode)
                  0000ab40    00000055     cpu2_dk9_mil_validation.obj (.text:prvCPU2_Dk9Mil_RequestsRun)
                  0000ab95    00000055     tasks.obj (.text:vTaskSwitchContext)
                  0000abea    00000053     cpu2_calc.obj (.text:prvCPU2_Calc_RmsState_Reset)
                  0000ac3d    00000051     tasks.obj (.text:xTaskDelayUntil)
                  0000ac8e    00000050     board_uartb_dma.obj (.text:BOARD_UartB_TxSubmit)
                  0000acde    00000050     boot_sync.obj (.text:BOOTSYNC_Cpu2_WaitCpu1Release)
                  0000ad2e    00000050     cpu2_param.obj (.text:prvCPU2_Param_RatedView_Store)
                  0000ad7e    0000004f     cpu2_param.obj (.text:CPU2_Param_MeasView_Get)
                  0000adcd    0000004f     cpu2_param.obj (.text:prvCPU2_Param_ControlCandidate_Check)
                  0000ae1c    0000004d     bsw_state_machine.obj (.text:BSW_StateMachine_Run)
                  0000ae69    0000004c     cpu2_product_validation.obj (.text:prvCPU2_Product_ValidationWatch_Update)
                  0000aeb5    0000004c     rtm_cpu2_param.obj (.text:prvRTM_Cpu2Param_TypeRangeIsValid)
                  0000af01    0000004b     rtm_cpu2_param.obj (.text:RTM_Cpu2Param_Init)
                  0000af4c    0000004b     cpu2_dk9_mil_validation.obj (.text:prvCPU2_Dk9Mil_UartARun)
                  0000af97    0000004a     cpu2_monitor_backend.obj (.text:prvCPU2_Monitor_SnapshotValue)
                  0000afe1    0000001f     cpu2_rtos.obj (.text:CPU2_Rtos_Critical_Exit)

.text.3    0    00014000    00001ac0     
                  00014000    00000038     queue.obj (.text:prvUnlockQueue)
                  00014038    00000037     driverlib.lib : dma.obj (.text:DMA_configBurst)
                  0001406f    00000037                   : interrupt.obj (.text:Interrupt_enable)
                  000140a6    00000037     logic_state_machine.obj (.text:prvLOGIC_StateMachine_OutputForStateSet)
                  000140dd    00000036     core_msg_cpu2.obj (.text:COREMSG_ParameterCpu2_Init)
                  00014113    00000035     cpu2_calc.obj (.text:CPU2_Calc_ResultGet)
                  00014148    00000035     logic_state_machine.obj (.text:LOGIC_StateMachine_Run)
                  0001417d    00000035     cpu2_rtos.obj (.text:prvCPU2_Rtos_LoadWatch_Update)
                  000141b2    00000034     logic_frt.obj (.text:prvLOGIC_Frt_ZeroHysteresis)
                  000141e6    00000033     cpu2_dk9_mil_validation.obj (.text:CPU2_Dk9Mil_LogicShadow_Update)
                  00014219    00000033     cpu2_rtos.obj (.text:CPU2_Rtos_CommEvent_PostRxReadyFromTask)
                  0001424c    00000033     cpu2_validation.obj (.text:CPU2_Validation_Init)
                  0001427f    00000033     ctrl_voltage_rms.obj (.text:prvCTRL_VoltRms_Reset)
                  000142b2    00000033     logic_frt.obj (.text:prvLOGIC_Frt_SupportCurr)
                  000142e5    00000031     cpu2_monitor_transport.obj (.text:CPU2_MonitorTransport_RxDrain)
                  00014316    00000031     cpu2_product_validation.obj (.text:prvCPU2_Product_SnapshotsConsume)
                  00014347    00000030     bsw_state_machine.obj (.text:BSW_StateMachine_Init)
                  00014377    00000030     cpu2_rtos.obj (.text:CPU2_Rtos_CommEvent_PostFromIsr)
                  000143a7    0000002e     core_msg_cpu2.obj (.text:COREMSG_ParameterCpu2_Publish)
                  000143d5    0000002e     rts2800_fpu64_eabi.lib : copy_decompress_lzss.c.obj (.text:decompress:lzss)
                  00014403    0000002e     logic_frt.obj (.text:prvLOGIC_Frt_EnterFault)
                  00014431    0000002d     cpu2_rtos.obj (.text:prvCPU2_Rtos_IsrWindowComplete)
                  0001445e    0000002c     cpu2_safety.obj (.text:CPU2_Safety_StartupFail_Stop)
                  0001448a    0000002c     ctrl_voltage_rms.obj (.text:CTRL_VoltRms_Init)
                  000144b6    0000002c     logic_frt.obj (.text:prvLOGIC_Frt_MutationTimer)
                  000144e2    0000002c     logic_state_machine.obj (.text:prvLOGIC_StateMachine_Reason_Update)
                  0001450e    0000002b     cpu2_core_comm.obj (.text:CPU2_CoreComm_Publish)
                  00014539    0000002b     rtm_cpu2_param.obj (.text:RTM_Cpu2Param_Read)
                  00014564    0000002b     utils_math.obj (.text:UTILS_Math_SqrtU32)
                  0001458f    0000002b     rts2800_fpu64_eabi.lib : autoinit.c.obj (.text:__TI_auto_init_nobinit_nopinit)
                  000145ba    0000002b     cpu2_param.obj (.text:prvCPU2_Param_GcdU64)
                  000145e5    0000002b     ctrl_voltage_rms.obj (.text:prvCTRL_VoltRms_Config_IsValid)
                  00014610    0000002a     rts2800_fpu64_eabi.lib : l_div28.asm.obj (.text)
                  0001463a    00000029     cpu2_core_comm.obj (.text:CPU2_CoreComm_MonitorSnapshot_Copy)
                  00014663    00000029     rts2800_fpu64_eabi.lib : exit.c.obj (.text)
                  0001468c    00000028     cpu2_calc.obj (.text:CPU2_Calc_InvRmsResultGet)
                  000146b4    00000028     driverlib.lib : uart.obj (.text:UART_disableModule)
                  000146dc    00000028     ipc_port.obj (.text:prvIPC_Port_WaitFlagClearUntil)
                  00014704    00000027     core_state.obj (.text:prvCORESTATE_State_Init)
                  0001472b    00000026     board_cpu2.obj (.text:BOARD_BootTimebase_Start)
                  00014751    00000026     cpu2_monitor_backend.obj (.text:prvCPU2_Monitor_C2StopValidate)
                  00014777    00000026     ipc_port.obj (.text:prvIPC_Port_WaitRemoteStsSetUntil)
                  0001479d    00000026     logic_frt.obj (.text:prvLOGIC_Frt_TriggerState)
                  000147c3    00000025     rtm_cpu2_param.obj (.text:CPU2_MonitorParam_Read)
                  000147e8    00000025     driverlib.lib : dma.obj (.text:DMA_configAddresses)
                  0001480d    00000025     board_uartb_dma.obj (.text:prvBOARD_UartB_RxWriteIndex)
                  00014832    00000024     cpu2_rtos.obj (.text:prvCPU2_Rtos_ValidationCommEvent_Poll)
                  00014856    00000024     tasks.obj (.text:prvInitialiseTaskLists)
                  0001487a    00000023     cpu2_calc.obj (.text:CPU2_Calc_RmsWindowSet)
                  0001489d    00000023     cpu2_rtos.obj (.text:CPU2_Rtos_IpcIsrLoad_Update)
                  000148c0    00000023     driverlib.lib : dma.obj (.text:DMA_isBaseValid)
                  000148e3    00000023     logic_frt.obj (.text:LOGIC_Frt_Reset)
                  00014906    00000023     rtm_cpu2_param.obj (.text:prvRTM_Cpu2Param_EntryValidate)
                  00014929    00000022     board_profile.obj (.text:BOARD_TimebaseInfo_Get)
                  0001494b    00000022     driverlib.lib : can.obj (.text:CAN_writeDataReg)
                  0001496d    00000022     cpu2_logic.obj (.text:CPU2_Logic_InputBuildWithPermissions)
                  0001498f    00000022     logic_frt.obj (.text:prvLOGIC_Frt_RmsMax)
                  000149b1    00000022     logic_frt.obj (.text:prvLOGIC_Frt_RmsMin)
                  000149d3    00000021     cpu2_product_validation.obj (.text:CPU2_Product_MonitorLocal_Read)
                  000149f4    00000021     utils_math.obj (.text:UTILS_Math_ClampI64ToI32)
                  00014a15    00000021     cpu2_main.obj (.text:main)
                  00014a36    00000021     core_msg_cpu2.obj (.text:prvCOREMSG_CommandTx_Reset)
                  00014a57    00000021     logic_frt.obj (.text:prvLOGIC_Frt_OutputNormal)
                  00014a78    00000020     logic_state_machine.obj (.text:LOGIC_StateMachine_Init)
                  00014a98    00000020     rts2800_fpu64_eabi.lib : memcpy.c.obj (.text)
                  00014ab8    0000001f     ctrl_voltage_rms.obj (.text:CTRL_VoltRms_SetConfig)
                  00014ad7    0000001f     cpu2_monitor_transport.obj (.text:prvCPU2_MonitorTransport_EventCallback)
                  00014af6    0000001f     logic_frt.obj (.text:prvLOGIC_Frt_RampI16)
                  00014b15    0000001f     tasks.obj (.text:vTaskStartScheduler)
                  00014b34    0000001e     core_msg_cpu2.obj (.text:COREMSG_SlowStatusCpu2_CheckTimeout)
                  00014b52    0000001e     cpu2_relay_control.obj (.text:CPU2_RelayControl_Run1ms)
                  00014b70    0000001e     ipc_port.obj (.text:IPC_Port_Timeout_IsExpired)
                  00014b8e    0000001e     driverlib.lib : interrupt.obj (.text:Interrupt_initVectorTable)
                  00014bac    0000001e     logic_frt.obj (.text:LOGIC_Frt_Init)
                  00014bca    0000001e     logic_frt.obj (.text:prvLOGIC_Frt_VoltRefPeak)
                  00014be8    0000001e     rts2800_fpu64_eabi.lib : ll_cmp28.asm.obj (.text)
                  00014c06    0000001d     logic_frt.obj (.text:prvLOGIC_Frt_MutationHv)
                  00014c23    0000001d     logic_frt.obj (.text:prvLOGIC_Frt_MutationLv)
                  00014c40    0000001c     board_uartb_dma.obj (.text:BOARD_UartB_RxPending_Get)
                  00014c5c    0000001c     bsw_core_err.obj (.text:BSW_CoreErr_Init)
                  00014c78    0000001c     cpu2_calc.obj (.text:prvCPU2_Calc_InvRmsResult_Store)
                  00014c94    0000001c     cpu2_calc.obj (.text:prvCPU2_Calc_Result_Store)
                  00014cb0    0000001c     rtm_cpu2_param.obj (.text:prvRTM_Cpu2Param_ValueLoad)
                  00014ccc    0000001b     driverlib.lib : can.obj (.text:CAN_readDataReg)
                  00014ce7    0000001b     core_msg_cpu2.obj (.text:COREMSG_CommandCpu2_Publish)
                  00014d02    0000001b     cpu2_calc.obj (.text:CPU2_Calc_Init)
                  00014d1d    0000001b     driverlib.lib : uart.obj (.text:UART_enableModule)
                  00014d38    0000001b                   : uart.obj (.text:UART_writeCharNonBlocking)
                  00014d53    0000001b     board_uartb_dma.obj (.text:prvBOARD_UartB_RxProducerWordCount)
                  00014d6e    0000001b     cpu2_monitor_backend.obj (.text:prvCPU2_Monitor_Dispatch)
                  00014d89    0000001b     param_msg_bind.obj (.text:prvPARAMBIND_LocalIdentity)
                  00014da4    0000001b     list.obj (.text:vListInsert)
                  00014dbf    0000001b     tasks.obj (.text:vTaskPlaceOnEventList)
                  00014dda    0000001a     cpu2_product_validation.obj (.text:prvCPU2_Product_Rtos_Init)
                  00014df4    00000019     cpu2_relay_control.obj (.text:CPU2_RelayControl_Request)
                  00014e0d    00000019     device.obj (.text:SysCtl_enablePeripheral)
                  00014e26    00000019     cpu2_frt.obj (.text:prvCPU2_Frt_GridSeqInput_IsValid)
                  00014e3f    00000019     cpu2_param.obj (.text:prvCPU2_Param_S16_Read)
                  00014e58    00000019     cpu2_param.obj (.text:prvCPU2_Param_U16_Read)
                  00014e71    00000019     logic_frt.obj (.text:prvLOGIC_Frt_ApplyPendingIfSafe)
                  00014e8a    00000019     rts2800_fpu64_eabi.lib : boot28.asm.obj (.text)
                  00014ea3    00000018     core_msg_access.obj (.text:COREMSG_Access_SlowStatus_Copy)
                  00014ebb    00000018     core_msg_access.obj (.text:COREMSG_Access_SlowStatus_ReadShared)
                  00014ed3    00000018     cpu2_dk9_mil_validation.obj (.text:CPU2_Dk9Mil_Run1ms)
                  00014eeb    00000018     cpu2_safety.obj (.text:CPU2_Safety_ParamFail_Apply)
                  00014f03    00000018     cpu2_validation.obj (.text:CPU2_Validation_LogicAlive_CanPublish)
                  00014f1b    00000018     cpu2_monitor_backend.obj (.text:prvCPU2_Monitor_C2Parse)
                  00014f33    00000018     cpu2_param.obj (.text:prvCPU2_Param_RatedCandidate_Evaluate)
                  00014f4b    00000018     logic_frt.obj (.text:prvLOGIC_Frt_StatusSet)
                  00014f63    00000018     logic_state_machine.obj (.text:prvLOGIC_StateMachine_Guard_OffToBypass)
                  00014f7b    00000018     logic_state_machine.obj (.text:prvLOGIC_StateMachine_Guard_OffToGen)
                  00014f93    00000018     logic_state_machine.obj (.text:prvLOGIC_StateMachine_Guard_OffToOffGrid)
                  00014fab    00000017     cpu2_param.obj (.text:CPU2_Param_RatedView_Get)
                  00014fc2    00000017     driverlib.lib : cputimer.obj (.text:CPUTimer_isBaseValid)
                  00014fd9    00000017     cpu2_monitor_backend.obj (.text:prvCPU2_Monitor_C0Respond)
                  00014ff0    00000017     cpu2_param.obj (.text:prvCPU2_Param_U32_Read)
                  00015007    00000017     cpu2_rtos.obj (.text:prvCPU2_Rtos_FatalStop)
                  0001501e    00000017     logic_state_machine.obj (.text:prvLOGIC_StateMachine_Guard_BypassToSoftStart)
                  00015035    00000016     cpu2_relay_control.obj (.text:CPU2_RelayControl_Init)
                  0001504b    00000016     cpu2_rtos.obj (.text:CPU2_Rtos_Critical_Enter)
                  00015061    00000016     driverlib.lib : interrupt.obj (.text:Interrupt_defaultHandler)
                  00015077    00000016     logic_frt.obj (.text:prvLOGIC_Frt_HvTrigger)
                  0001508d    00000016     logic_frt.obj (.text:prvLOGIC_Frt_LvTrigger)
                  000150a3    00000016     rtm_cpu2_param.obj (.text:prvRTM_Cpu2Param_ValueStore)
                  000150b9    00000016     tasks.obj (.text:uxTaskGetStackHighWaterMark)
                  000150cf    00000016     tasks.obj (.text:xTaskCreateStatic)
                  000150e5    00000015     cpu2_monitor_backend.obj (.text:CPU2_MonitorBackend_Init)
                  000150fa    00000015     driverlib.lib : uart.obj (.text:UART_isBaseValid)
                  0001510f    00000015     cpu2_monitor_backend.obj (.text:prvCPU2_Monitor_FrameSubmit)
                  00015124    00000015     cpu2_product_validation.obj (.text:prvCPU2_Product_VoltagePiCfg)
                  00015139    00000015     cpu2_rtos.obj (.text:prvCPU2_Rtos_LoadPct_Get)
                  0001514e    00000015     logic_frt.obj (.text:prvLOGIC_Frt_ExitThreshold)
                  00015163    00000015     logic_state_machine.obj (.text:prvLOGIC_StateMachine_Guard_GenToBypass)
                  00015178    00000015     logic_state_machine.obj (.text:prvLOGIC_StateMachine_Guard_HardOrStop)
                  0001518d    00000015     logic_state_machine.obj (.text:prvLOGIC_StateMachine_Guard_OffGridToOff)
                  000151a2    00000015     logic_state_machine.obj (.text:prvLOGIC_StateMachine_Guard_SyncToOff)
                  000151b7    00000015     logic_state_machine.obj (.text:prvLOGIC_StateMachine_SafetyReason_Get)
                  000151cc    00000014     legacy_osc_protocol.obj (.text:prvCPU2_LegacyOsc_CommandSupported)
                  000151e0    00000014     cpu2_monitor_backend.obj (.text:prvCPU2_Monitor_C2Respond)
                  000151f4    00000014     cpu2_monitor_backend.obj (.text:prvCPU2_Monitor_ScopeChannelValid)
                  00015208    00000014     queue.obj (.text:prvCopyDataFromQueue)
                  0001521c    00000014     queue.obj (.text:prvIsQueueFull)
                  00015230    00000014     logic_frt.obj (.text:prvLOGIC_Frt_OutputZero)
                  00015244    00000014     logic_state_machine.obj (.text:prvLOGIC_StateMachine_Guard_OffToSoftStart)
                  00015258    00000014     rts2800_fpu64_eabi.lib : ll_mpy28.asm.obj (.text)
                  0001526c    00000013     cpu2_core_comm.obj (.text:CPU2_CoreComm_SlowStatusTimeout_Get)
                  0001527f    00000013     driverlib.lib : cputimer.obj (.text:CPUTimer_setEmulationMode)
                  00015292    00000013     param_msg_bind.obj (.text:PARAMBIND_Cpu2_Publish)
                  000152a5    00000013     rtm_cpu2_param.obj (.text:RTM_Cpu2Param_Metadata_Get)
                  000152b8    00000013     core_state.obj (.text:prvCORESTATE_CoreErrSink_Register)
                  000152cb    00000013     cpu2_monitor_backend.obj (.text:prvCPU2_Monitor_C2CandidateBuild)
                  000152de    00000013     cpu2_monitor_backend.obj (.text:prvCPU2_Monitor_MapFind)
                  000152f1    00000013     logic_state_machine.obj (.text:prvLOGIC_StateMachine_Guard_SoftStartToGen)
                  00015304    00000013     logic_state_machine.obj (.text:prvLOGIC_StateMachine_Guard_SoftStartToOffGrid)
                  00015317    00000013     logic_state_machine.obj (.text:prvLOGIC_StateMachine_OutputSafeSet)
                  0001532a    00000013     rts2800_fpu64_eabi.lib : memcmp.c.obj (.text)
                  0001533d    00000012     cpu2_core_comm.obj (.text:CPU2_CoreComm_WaitCpu1Release)
                  0001534f    00000012     cpu2_param.obj (.text:CPU2_Param_IsApplied)
                  00015361    00000012     param_msg_bind.obj (.text:PARAMBIND_Cpu2_Init)
                  00015373    00000012     board_uartb_dma.obj (.text:prvBOARD_UartB_RxDmaBoundaryLost)
                  00015385    00000012     cpu2_dk9_mil_validation.obj (.text:prvCPU2_Dk9Mil_SpiWait)
                  00015397    00000012     logic_state_machine.obj (.text:prvLOGIC_StateMachine_Guard_GenToOff)
                  000153a9    00000012     logic_state_machine.obj (.text:prvLOGIC_StateMachine_Guard_OnGridToOff)
                  000153bb    00000012     logic_state_machine.obj (.text:prvLOGIC_StateMachine_Guard_SoftStartToOff)
                  000153cd    00000012     logic_state_machine.obj (.text:prvLOGIC_StateMachine_Guard_SoftStartToOnGrid)
                  000153df    00000012     logic_state_machine.obj (.text:prvLOGIC_StateMachine_Guard_SyncToOnGrid)
                  000153f1    00000012     rts2800_fpu64_eabi.lib : args_main.c.obj (.text)
                  00015403    00000011     legacy_osc_protocol.obj (.text:CPU2_LegacyOsc_Checksum)
                  00015414    00000011     cpu2_logic.obj (.text:CPU2_Logic_Init)
                  00015425    00000011     cpu2_monitor_backend.obj (.text:CPU2_MonitorBackend_RxByte)
                  00015436    00000011     cpu2_monitor_transport.obj (.text:CPU2_MonitorTransport_TxSubmit)
                  00015447    00000011     cpu2_param.obj (.text:CPU2_Param_ActiveImage_Get)
                  00015458    00000011     utils_rms.obj (.text:UTILS_Rms_Calc)
                  00015469    00000011     cpu2_monitor_backend.obj (.text:prvCPU2_Monitor_C3Reject)
                  0001547a    00000011     ctrl_voltage_rms.obj (.text:prvCTRL_VoltRms_PICfg_IsValid)
                  0001548b    00000011     queue.obj (.text:prvInitialiseNewQueue)
                  0001549c    00000011     logic_frt.obj (.text:prvLOGIC_Frt_ControlVoltagePeak)
                  000154ad    00000011     logic_state_machine.obj (.text:prvLOGIC_StateMachine_Guard_GenToOffGrid)
                  000154be    00000011     logic_state_machine.obj (.text:prvLOGIC_StateMachine_Guard_OffGridToBypass)
                  000154cf    00000011     logic_state_machine.obj (.text:prvLOGIC_StateMachine_Guard_OnGridToOffGrid)
                  000154e0    00000011     logic_state_machine.obj (.text:prvLOGIC_StateMachine_Guard_SyncToBypass)
                  000154f1    00000011     logic_state_machine.obj (.text:prvLOGIC_StateMachine_Guard_SyncToOffGrid)
                  00015502    00000011     rtm_cpu2_param.obj (.text:prvRTM_Cpu2Param_EntryFind)
                  00015513    00000011     list.obj (.text:uxListRemove)
                  00015524    00000010     cpu2_monitor_transport.obj (.text:CPU2_MonitorTransport_Init)
                  00015534    00000010     board_uartb_dma.obj (.text:prvBOARD_UartB_RxReadWords_Publish)
                  00015544    00000010     legacy_osc_protocol.obj (.text:prvCPU2_LegacyOsc_Reset)
                  00015554    00000010     logic_state_machine.obj (.text:prvLOGIC_StateMachine_Guard_OffToOpen)
                  00015564    00000010     port.obj (.text:xPortStartScheduler)
                  00015574    0000000f     cpu2_product_validation.obj (.text:CPU2_Product_ControlInput_Set)
                  00015583    0000000f     cpu2_safety.obj (.text:CPU2_Safety_FaultClear_Published)
                  00015592    0000000f     driverlib.lib : ipc.obj (.text:Interrupt_unregister)
                  000155a1    0000000f     cpu2_monitor_backend.obj (.text:prvCPU2_Monitor_C2AtomicCommit)
                  000155b0    0000000f     queue.obj (.text:prvIsQueueEmpty)
                  000155bf    0000000f     logic_frt.obj (.text:prvLOGIC_Frt_HypotI16)
                  000155ce    0000000f     logic_frt.obj (.text:prvLOGIC_Frt_RmsToPeak)
                  000155dd    0000000f     logic_state_machine.obj (.text:prvLOGIC_StateMachine_Guard_OffGridToSync)
                  000155ec    0000000f     tasks.obj (.text:prvResetNextTaskUnblockTime)
                  000155fb    0000000e     core_msg_access.obj (.text:COREMSG_Access_Identity_Copy)
                  00015609    0000000e     core_msg_access.obj (.text:COREMSG_Access_Identity_WriteShared)
                  00015617    0000000e     core_msg_access.obj (.text:COREMSG_Access_Sequence_PublishBegin)
                  00015625    0000000e     core_msg_cpu2.obj (.text:COREMSG_SlowStatusCpu2_Init)
                  00015633    0000000e     cpu2_param.obj (.text:CPU2_Param_IsValid)
                  00015641    0000000e     ipc_port.obj (.text:IPC_Port_AbortTx)
                  0001564f    0000000e     ipc_port.obj (.text:IPC_Port_Ack)
                  0001565d    0000000e     bsw_state_machine.obj (.text:prvBSW_StateMachine_Time_Add)
                  0001566b    0000000e     logic_frt.obj (.text:prvLOGIC_Frt_AddSaturate)
                  00015679    0000000e     tasks.obj (.text:xTaskGetIdleTaskHandle)
                  00015687    0000000d     core_state.obj (.text:CORESTATE_Cpu2_Init)
                  00015694    0000000d     device.obj (.text:Device_init)
                  000156a1    0000000d     driverlib.lib : interrupt.obj (.text:Interrupt_disableGlobal)
                  000156ae    0000000d                   : interrupt.obj (.text:Interrupt_enableGlobal)
                  000156bb    0000000d     board_uartb_dma.obj (.text:prvBOARD_UartB_RxReadWords_Get)
                  000156c8    0000000d     core_msg_cpu2.obj (.text:prvCOREMSG_ChannelRx_Rebaseline)
                  000156d5    0000000d     logic_state_machine.obj (.text:prvLOGIC_StateMachine_Guard_OnGridToBypass)
                  000156e2    0000000d     logic_state_machine.obj (.text:prvLOGIC_StateMachine_Guard_SoftStartToBypass)
                  000156ef    0000000c     core_msg_access.obj (.text:COREMSG_Access_Sequence_IsNewer)
                  000156fb    0000000c     core_msg_cpu2.obj (.text:COREMSG_FastInstantCpu2_GetDiag)
                  00015707    0000000c     core_msg_cpu2.obj (.text:COREMSG_FastInstantCpu2_Init)
                  00015713    0000000c     core_msg_cpu2.obj (.text:COREMSG_SlowStatusCpu2_GetDiag)
                  0001571f    0000000c     core_state.obj (.text:CORESTATE_Cpu2_ValidateCpu1Abi)
                  0001572b    0000000c     cpu2_frt.obj (.text:CPU2_Frt_Init)
                  00015737    0000000c     cpu2_relay_control.obj (.text:CPU2_RelayControl_Command_IsAllowed)
                  00015743    0000000c     cpu2_safety.obj (.text:CPU2_Safety_CtrlFault_Latch)
                  0001574f    0000000c     cpu2_safety.obj (.text:CPU2_Safety_Init)
                  0001575b    0000000c     board.obj (.text:INTERRUPT_init)
                  00015767    0000000c     cpu2_calc.obj (.text:prvCPU2_Calc_ContinuityFault_Set)
                  00015773    0000000c     cpu2_safety.obj (.text:prvCPU2_Safety_SequenceIsNewer)
                  0001577f    0000000c     logic_frt.obj (.text:prvLOGIC_Frt_ClampToCurr)
                  0001578b    0000000c     logic_state_machine.obj (.text:prvLOGIC_StateMachine_FallbackAvailable)
                  00015797    0000000c     logic_state_machine.obj (.text:prvLOGIC_StateMachine_OffGrid_IsAvailable)
                  000157a3    0000000c     logic_state_machine.obj (.text:prvLOGIC_StateMachine_StopRequested)
                  000157af    0000000c     port.obj (.text:vPortSetupSWInterrupt)
                  000157bb    0000000b     bsw_core_err.obj (.text:BSW_CoreErr_SetLastError)
                  000157c6    0000000b     cpu2_calc.obj (.text:CPU2_Calc_Reset)
                  000157d1    0000000b     cpu2_core_comm.obj (.text:CPU2_CoreComm_AppInitOk_Set)
                  000157dc    0000000b     legacy_osc_protocol.obj (.text:CPU2_LegacyOsc_Parser_Init)
                  000157e7    0000000b     utils_pi.obj (.text:UTILS_Pi_Run)
                  000157f2    0000000b     bsw_state_machine.obj (.text:prvBSW_StateMachine_Action_Entry)
                  000157fd    0000000b     bsw_state_machine.obj (.text:prvBSW_StateMachine_Action_Exit)
                  00015808    0000000b     bsw_state_machine.obj (.text:prvBSW_StateMachine_Action_Run)
                  00015813    0000000b     cpu2_calc.obj (.text:prvCPU2_Calc_Window_Valid)
                  0001581e    0000000b     cpu2_validation.obj (.text:prvCPU2_Validation_SnapshotBegin)
                  00015829    0000000b     list.obj (.text:vListInitialise)
                  00015834    0000000b     tasks.obj (.text:xTaskGetTickCount)
                  0001583f    0000000a     bsw_core_err.obj (.text:BSW_CoreErr_GetLastError)
                  00015849    0000000a     core_state.obj (.text:CORESTATE_Cpu2_SetAppInitOk)
                  00015853    0000000a     cpu2_core_comm.obj (.text:CPU2_CoreComm_PeerBlocked_Get)
                  0001585d    0000000a     cpu2_rtos.obj (.text:CPU2_Rtos_AssertFailure_Stop)
                  00015867    0000000a     board_cpu2.obj (.text:DMA_initController)
                  00015871    0000000a     driverlib.lib : interrupt.obj (.text:Interrupt_illegalOperationHandler)
                  0001587b    0000000a                   : interrupt.obj (.text:Interrupt_nmiHandler)
                  00015885    0000000a     bsw_state_machine.obj (.text:prvBSW_StateMachine_Transition_Inc)
                  0001588f    0000000a     core_state.obj (.text:prvCORESTATE_CoreErr_SetLastError)
                  00015899    0000000a     legacy_osc_protocol.obj (.text:prvCPU2_LegacyOsc_PushWord)
                  000158a3    0000000a     cpu2_relay_control.obj (.text:prvCPU2_RelayControl_BlockedApply)
                  000158ad    0000000a     cpu2_relay_control.obj (.text:prvCPU2_RelayControl_SafeOffApply)
                  000158b7    0000000a     logic_state_machine.obj (.text:prvLOGIC_StateMachine_Bypass_IsAvailable)
                  000158c1    0000000a     logic_state_machine.obj (.text:prvLOGIC_StateMachine_Guard_BypassToOff)
                  000158cb    0000000a     rtm_cpu2_param.obj (.text:prvRTM_Cpu2Param_ValueIsUnsigned)
                  000158d5    0000000a     cpu2_rtos.obj (.text:vApplicationGetIdleTaskMemory)
                  000158df    0000000a     port.obj (.text:vPortExitCritical)
                  000158e9    00000009     core_state.obj (.text:CORESTATE_Cpu2_SetReady)
                  000158f2    00000009     cpu2_rtos.obj (.text:CPU2_Rtos_StartScheduler)
                  000158fb    00000009     ipc_port.obj (.text:IPC_Port_TimeUs_Get)
                  00015904    00000009     board_uartb_dma.obj (.text:prvBOARD_UartB_Callback)
                  0001590d    00000009     tasks.obj (.text:prvTaskCheckFreeStackSpace)
                  00015916    00000009     rts2800_fpu64_eabi.lib : _lock.c.obj (.text)
                  0001591f    00000008     core_state.obj (.text:CORESTATE_Cpu2_IsCpu1StatePresent)
                  00015927    00000008     cpu2_rtos.obj (.text:CPU2_Rtos_CommEvent_RxReadyConsumed)
                  0001592f    00000008     rts2800_fpu64_eabi.lib : copy_decompress_none.c.obj (.text:decompress:none)
                  00015937    00000008     f28p65x_codestartbranch.obj (.text)
                  0001593f    00000008     cpu2_relay_control.obj (.text:prvCPU2_RelayControl_WireMode_IsValid)
                  00015947    00000008     cpu2_rtos.obj (.text:prvCPU2_Rtos_CommEvent_Drop)
                  0001594f    00000008     cpu2_rtos.obj (.text:prvCPU2_Rtos_IsrWindowAccumulate)
                  00015957    00000008     cpu2_safety.obj (.text:prvCPU2_Safety_FaultClear_Reset)
                  0001595f    00000008     logic_frt.obj (.text:prvLOGIC_Frt_ModeUsesZeroThreshold)
                  00015967    00000008     logic_state_machine.obj (.text:prvLOGIC_StateMachine_Gen_IsAvailable)
                  0001596f    00000008     logic_state_machine.obj (.text:prvLOGIC_StateMachine_Grid_IsAvailable)
                  00015977    00000008     port.obj (.text:vPortEnterCritical)
                  0001597f    00000008     tasks.obj (.text:vTaskInternalSetTimeOutState)
                  00015987    00000007     boot_sync.obj (.text:BOOTSYNC_Cpu2_MarkAppInitOk)
                  0001598e    00000007     core_state.obj (.text:CORESTATE_Cpu2_ClearReady)
                  00015995    00000007     core_state.obj (.text:CORESTATE_Cpu2_GetCpu1FaultFlags)
                  0001599c    00000007     cpu2_monitor_transport.obj (.text:CPU2_MonitorTransport_RxPoll1ms)
                  000159a3    00000007     cpu2_product_validation.obj (.text:prvCPU2_Product_MeasurementConsumer_Rebaseline)
                  000159aa    00000007     rts2800_fpu64_eabi.lib : memset.c.obj (.text)
                  000159b1    00000007     cpu2_rtos.obj (.text:vApplicationStackOverflowHook)
                  000159b8    00000006     board_cpu2.obj (.text:BOARD_BootTimeUs_Get)
                  000159be    00000006     core_state.obj (.text:CORESTATE_Cpu2_ClearFault)
                  000159c4    00000006     core_state.obj (.text:CORESTATE_Cpu2_LogicAliveIncrement)
                  000159ca    00000006     cpu2_core_comm.obj (.text:CPU2_CoreComm_CommandEndpoint_Reset)
                  000159d0    00000006     cpu2_safety.obj (.text:CPU2_Safety_LogicFault_Get)
                  000159d6    00000006     rts2800_fpu64_eabi.lib : copy_zero_init.c.obj (.text:decompress:ZI)
                  000159dc    00000006     cpu2_logic.obj (.text:prvCPU2_Logic_Channel_IsValid)
                  000159e2    00000006     cpu2_logic.obj (.text:prvCPU2_Logic_RunMode_IsValid)
                  000159e8    00000006     ipc_port.obj (.text:prvIPC_Port_MapPeer)
                  000159ee    00000005     board_cpu2.obj (.text:BOARD_Interrupt_Init)
                  000159f3    00000005     board.obj (.text:Board_init)
                  000159f8    00000005     core_msg_cpu2.obj (.text:COREMSG_FastInstantCpu2_Rebaseline)
                  000159fd    00000005     core_msg_cpu2.obj (.text:COREMSG_SlowStatusCpu2_Rebaseline)
                  00015a02    00000005     core_state.obj (.text:CORESTATE_Cpu2_SetBootState)
                  00015a07    00000005     core_state.obj (.text:CORESTATE_Cpu2_SetFault)
                  00015a0c    00000005     cpu2_core_comm.obj (.text:CPU2_CoreComm_RuntimeDiag_MarkRunning)
                  00015a11    00000005     ctrl_voltage_rms.obj (.text:CTRL_VoltRms_Reset)
                  00015a16    00000005     core_state.obj (.text:prvCORESTATE_CoreErr_GetLastError)
                  00015a1b    00000005     core_state.obj (.text:prvCORESTATE_CoreErr_SetLastWarn)
                  00015a20    00000005     cpu2_validation.obj (.text:prvCPU2_Validation_SnapshotEnd)
                  00015a25    00000005     tasks.obj (.text:vTaskMissedYield)
                  00015a2a    00000004     board_cpu2.obj (.text:BOARD_GlobalInt_Enable)
                  00015a2e    00000004     board_cpu2.obj (.text:BOARD_PieGroup1_Ack)
                  00015a32    00000004     board_uartb_dma.obj (.text:BOARD_UartB_RxConsumedWords_Get)
                  00015a36    00000004     board_uartb_dma.obj (.text:BOARD_UartB_RxDmaEventCount_Get)
                  00015a3a    00000004     board_uartb_dma.obj (.text:BOARD_UartB_RxDmaOverrunCount_Get)
                  00015a3e    00000004     board_uartb_dma.obj (.text:BOARD_UartB_RxPollKickCount_Get)
                  00015a42    00000004     board_uartb_dma.obj (.text:BOARD_UartB_RxRingOverflowCount_Get)
                  00015a46    00000004     board_uartb_dma.obj (.text:BOARD_UartB_RxUartErrorCount_Get)
                  00015a4a    00000004     board_uartb_dma.obj (.text:BOARD_UartB_TxBusyCount_Get)
                  00015a4e    00000004     board_uartb_dma.obj (.text:BOARD_UartB_TxCompleteCount_Get)
                  00015a52    00000004     board_uartb_dma.obj (.text:BOARD_UartB_TxDropCount_Get)
                  00015a56    00000004     board_uartb_dma.obj (.text:BOARD_UartB_TxSubmitCount_Get)
                  00015a5a    00000004     core_msg_cpu2.obj (.text:COREMSG_SlowStatusCpu2_GetPublishedSeq)
                  00015a5e    00000004     core_state.obj (.text:CORESTATE_Cpu2_GetBootInjectMask)
                  00015a62    00000004     core_state.obj (.text:CORESTATE_Cpu2_GetBootStep)
                  00015a66    00000004     core_state.obj (.text:CORESTATE_Cpu2_GetCpu1BootEpoch)
                  00015a6a    00000004     cpu2_core_comm.obj (.text:CPU2_CoreComm_TickMs_Get)
                  00015a6e    00000004     cpu2_param.obj (.text:CPU2_Param_FaultFlags_Get)
                  00015a72    00000004     cpu2_relay_control.obj (.text:CPU2_RelayControl_CurrentPath_Get)
                  00015a76    00000004     cpu2_relay_control.obj (.text:CPU2_RelayControl_Fault_Get)
                  00015a7a    00000004     cpu2_relay_control.obj (.text:CPU2_RelayControl_State_Get)
                  00015a7e    00000004     cpu2_safety.obj (.text:CPU2_Safety_CtrlBlocked_Get)
                  00015a82    00000004     cpu2_safety.obj (.text:CPU2_Safety_FaultClear_Prepare)
                  00015a86    00000004     ipc_port.obj (.text:IPC_Port_Timebase_Set)
                  00015a8a    00000004     rtm_cpu2_param.obj (.text:RTM_Cpu2Param_Version_Get)
                  00015a8e    00000004     core_state.obj (.text:prvCORESTATE_BootEpoch_Next)
                  00015a92    00000004     cpu2_rtos.obj (.text:prvCPU2_Rtos_TimeElapsed_Get)
                  00015a96    00000004     ctrl_voltage_rms.obj (.text:prvCTRL_VoltRms_PICfg_Get)
                  00015a9a    00000004     tasks.obj (.text:uxTaskGetNumberOfTasks)
                  00015a9e    00000004     list.obj (.text:vListInitialiseItem)
                  00015aa2    00000004     tasks.obj (.text:vTaskSuspendAll)
                  00015aa6    00000003     board_cpu2.obj (.text:BOARD_GlobalInt_Disable)
                  00015aa9    00000003     cpu2_core_comm.obj (.text:CPU2_CoreComm_RxStatus_Get)
                  00015aac    00000003     cpu2_frt.obj (.text:CPU2_Frt_Reset)
                  00015aaf    00000003     utils_math.obj (.text:UTILS_Math_SquareI16)
                  00015ab2    00000003     utils_pi.obj (.text:UTILS_Pi_Reset)
                  00015ab5    00000003     device.obj (.text:__error__)
                  00015ab8    00000003     core_state.obj (.text:prvCORESTATE_LocalState_Get)
                  00015abb    00000002     cpu2_calc.obj (.text:prvCPU2_Calc_SamplesToBlocks)
                  00015abd    00000002     rts2800_fpu64_eabi.lib : pre_init.c.obj (.text)
                  00015abf    00000001                            : startup.c.obj (.text)

.text.4    0    00016000    00002000     
                  00016000    00000247     cpu2_product_validation.obj (.text:CPU2_Product_Run1ms)
                  00016247    0000022a     cpu2_product_validation.obj (.text:prvCPU2_Product_VoltageRms_Run1ms)
                  00016471    0000021a     cpu2_param.obj (.text:prvCPU2_Param_ActiveImage_Load)
                  0001668b    000001c3     cpu2_calc.obj (.text:CPU2_Calc_Run1ms)
                  0001684e    000001ac     logic_frt.obj (.text:LOGIC_Frt_Run1ms)
                  000169fa    00000192     device.obj (.text:Device_enableAllPeripherals)
                  00016b8c    00000168     logic_frt.obj (.text:prvLOGIC_Frt_ApplyLimit)
                  00016cf4    00000156     cpu2_param.obj (.text:CPU2_Param_FrtView_Get)
                  00016e4a    0000014c     cpu2_param.obj (.text:CPU2_Param_OffgridCtrlView_Get)
                  00016f96    0000014c     cpu2_product_validation.obj (.text:prvCPU2_Product_CommandCompose)
                  000170e2    00000130     cpu2_param.obj (.text:prvCPU2_Param_CalcRatedValue)
                  00017212    00000112     logic_frt.obj (.text:prvLOGIC_Frt_AverageRun)
                  00017324    00000107     rts2800_fpu64_eabi.lib : ll_div28.asm.obj (.text)
                  0001742b    00000100     core_msg_access.obj (.text:COREMSG_Access_Parameter_WriteShared)
                  0001752b    000000e9     cpu2_calc.obj (.text:CPU2_Calc_InvRmsRun1ms)
                  00017614    000000dc     logic_frt.obj (.text:prvLOGIC_Frt_ApplyFaultOutput)
                  000176f0    000000db     cpu2_frt.obj (.text:CPU2_Frt_Run1ms)
                  000177cb    000000d8     driverlib.lib : can.obj (.text:CAN_setupMessageObject)
                  000178a3    000000d8     cpu2_product_validation.obj (.text:CPU2_Product_Init)
                  0001797b    000000cf     cpu2_param.obj (.text:prvCPU2_Param_RatedSource_Load)
                  00017a4a    000000b3     cpu2_core_comm.obj (.text:prvCPU2_CoreComm_PeerEpoch_Rebaseline)
                  00017afd    000000b3     queue.obj (.text:xQueueGenericSend)
                  00017bb0    000000b0     cpu2_frt.obj (.text:prvCPU2_Frt_Config_Build)
                  00017c60    000000af     freertos_portasm_cgt25.obj (.text)
                  00017d0f    000000a6     board_uartb_dma.obj (.text:prvBOARD_UartB_RxDmaIsr)
                  00017db5    000000a6     queue.obj (.text:xQueueReceive)
                  00017e5b    000000a6     tasks.obj (.text:xTaskResumeAll)
                  00017f01    000000a3     logic_frt.obj (.text:prvLOGIC_Frt_RecoveryRun)
                  00017fa4    0000005c     tasks.obj (.text:prvAddCurrentTaskToDelayedList)

.text.5    0    0001946a    00000016     
                  0001946a    00000016     core_msg_cpu2.obj (.text:COREMSG_FastInstantCpu2_CheckTimeout)

.text.6    0    0001950c    00000034     
                  0001950c    00000034     bsw_state_machine.obj (.text:prvBSW_StateMachine_Target_Find)

.text.7    0    000195ac    00000014     
                  000195ac    00000014     core_msg_cpu2.obj (.text:prvCOREMSG_FastInstant_SequenceIsNext)

.text.8    0    00019670    00000010     
                  00019670    00000010     driverlib.lib : can.obj (.text:CAN_isBaseValid)

.text.9    0    0001970e    00000032     
                  0001970e    00000032     logic_frt.obj (.text:LOGIC_Frt_ConfigApply)

.text.10   0    000197b8    00000848     
                  000197b8    00000049     board_cpu2.obj (.text:BOARD_DelayUs)
                  00019801    00000049     cpu2_validation.obj (.text:CPU2_Validation_ControlCommand_Take)
                  0001984a    00000049     cpu2_rtos.obj (.text:prvCPU2_Rtos_EmsTask)
                  00019893    00000049     cpu2_rtos.obj (.text:prvCPU2_Rtos_FaultTask)
                  000198dc    00000048     cpu2_calc.obj (.text:CPU2_Calc_DiagGet)
                  00019924    00000048     cpu2_rtos.obj (.text:prvCPU2_Rtos_TaskCreateAll)
                  0001996c    00000048     tasks.obj (.text:prvCreateStaticTask)
                  000199b4    00000047     cpu2_rtos.obj (.text:prvCPU2_Rtos_StackWatch_Update)
                  000199fb    00000046     driverlib.lib : dma.obj (.text:DMA_configWrap)
                  00019a41    00000044     cpu2_core_comm.obj (.text:CPU2_CoreComm_FastRawBlock_Take)
                  00019a85    00000044     utils_pi.obj (.text:UTILS_Pi_RunError)
                  00019ac9    00000044     ctrl_voltage_rms.obj (.text:prvCTRL_VoltRms_Phase_Run)
                  00019b0d    00000043     driverlib.lib : can.obj (.text:CAN_readMessageWithID)
                  00019b50    00000043     cpu2_logic.obj (.text:prvCPU2_Logic_ProductFacts_Build)
                  00019b93    00000043     logic_frt.obj (.text:prvLOGIC_Frt_ThresholdsValid)
                  00019bd6    00000042     cpu2_calc.obj (.text:prvCPU2_Calc_RmsRing_Clear)
                  00019c18    00000041     queue.obj (.text:xQueueGenericCreateStatic)
                  00019c59    00000040     cpu2_product_validation.obj (.text:prvCPU2_Product_MeasurementConsumer_Take)
                  00019c99    0000003e     cpu2_rtos.obj (.text:CPU2_Rtos_CommEvent_PostRxReadyFromIsr)
                  00019cd7    0000003e     port.obj (.text:vPortSetupTimerInterrupt)
                  00019d15    0000003d     driverlib.lib : interrupt.obj (.text:Interrupt_initModule)
                  00019d52    0000003c                   : dma.obj (.text:DMA_configTransfer)
                  00019d8e    0000003c     cpu2_monitor_backend.obj (.text:prvCPU2_Monitor_C2StartValidate)
                  00019dca    0000003c     tasks.obj (.text:prvCreateIdleTasks)
                  00019e06    0000003b     cpu2_safety.obj (.text:CPU2_Safety_FaultClear_AppliedTake)
                  00019e41    0000003b     bsw_state_machine.obj (.text:prvBSW_StateMachine_Config_IsValid)
                  00019e7c    0000003b     tasks.obj (.text:xTaskCheckForTimeOut)
                  00019eb7    0000003a     queue.obj (.text:prvCopyDataToQueue)
                  00019ef1    00000039     ipc_port.obj (.text:IPC_Port_SyncWithTimeout)
                  00019f2a    00000039     cpu2_calc.obj (.text:prvCPU2_Calc_InvRmsRing_Clear)
                  00019f63    00000039     cpu2_monitor_backend.obj (.text:prvCPU2_Monitor_ValueRead)
                  00019f9c    00000038     cpu2_safety.obj (.text:CPU2_Safety_Command_Apply)
                  00019fd4    0000002c     cpu2_dk9_mil_validation.obj (.text:CPU2_Dk9Mil_UartA_Tx)

MODULE SUMMARY

       Module                         code    ro data   rw data
       ------                         ----    -------   -------
    .\app\ctrl\08_voltage_rms\src\
       ctrl_voltage_rms.obj           357     96        0      
    +--+------------------------------+-------+---------+---------+
       Total:                         357     96        0      
                                                               
    .\app\logic\02_frt\src\
       logic_frt.obj                  2751    598       0      
    +--+------------------------------+-------+---------+---------+
       Total:                         2751    598       0      
                                                               
    .\app\logic\04_state_machine\src\
       logic_state_machine.obj        765     266       0      
    +--+------------------------------+-------+---------+---------+
       Total:                         765     266       0      
                                                               
    .\freertos\kernel\
       tasks.obj                      1294    186       111    
       queue.obj                      806     159       0      
       list.obj                       59      0         0      
    +--+------------------------------+-------+---------+---------+
       Total:                         2159    345       111    
                                                               
    .\freertos\port\
       port.obj                       201     0         4      
    +--+------------------------------+-------+---------+---------+
       Total:                         201     0         4      
                                                               
    .\platform\bsw\multi_core\src\
       ipc_port.obj                   212     0         2      
    +--+------------------------------+-------+---------+---------+
       Total:                         212     0         2      
                                                               
    .\platform\bsw\services\src\
       bsw_core_err.obj               49      8         10     
    +--+------------------------------+-------+---------+---------+
       Total:                         49      8         10     
                                                               
    .\platform\bsw\services\state_machine\src\
       bsw_state_machine.obj          293     10        0      
    +--+------------------------------+-------+---------+---------+
       Total:                         293     10        0      
                                                               
    .\platform\os\freertos\port\
       freertos_portasm_cgt25.obj     175     0         0      
    +--+------------------------------+-------+---------+---------+
       Total:                         175     0         0      
                                                               
    .\platform\utils\03_math\src\
       utils_math.obj                 79      0         0      
    +--+------------------------------+-------+---------+---------+
       Total:                         79      0         0      
                                                               
    .\platform\utils\04_pi\src\
       utils_pi.obj                   82      0         0      
    +--+------------------------------+-------+---------+---------+
       Total:                         82      0         0      
                                                               
    .\platform\utils\07_rms\src\
       utils_rms.obj                  17      0         0      
    +--+------------------------------+-------+---------+---------+
       Total:                         17      0         0      
                                                               
    .\project\hybrid30k\board\generated\dk9_comm_validation\cpu2\
       board.obj                      17      0         0      
    +--+------------------------------+-------+---------+---------+
       Total:                         17      0         0      
                                                               
    .\project\hybrid30k\board\src\
       board_uartb_dma.obj            1072    0         354    
       board_cpu2.obj                 143     0         0      
       board_profile.obj              34      0         0      
       board_relay.obj                1       0         0      
    +--+------------------------------+-------+---------+---------+
       Total:                         1250    0         354    
                                                               
    .\project\hybrid30k\dsp\core_comm\src\
       core_msg_cpu2.obj              532     108       70     
       core_msg_access.obj            691     0         0      
       core_msg_storage.obj           0       0         280    
       core_state.obj                 185     0         46     
       boot_sync.obj                  87      0         0      
       param_msg_bind.obj             64      0         0      
    +--+------------------------------+-------+---------+---------+
       Total:                         1559    108       396    
                                                               
    .\project\hybrid30k\dsp\cpu2\generated\
       cpu2_monitor_backend_map.obj   0       265       0      
    +--+------------------------------+-------+---------+---------+
       Total:                         0       265       0      
                                                               
    .\project\hybrid30k\dsp\cpu2\src\
       cpu2_rtos.obj                  1126    303       3598   
       cpu2_product_validation.obj    2547    336       734    
       cpu2_param.obj                 2614    268       130    
       cpu2_core_comm.obj             1191    554       558    
       cpu2_calc.obj                  1209    64        898    
       cpu2_monitor_backend.obj       693     147       88     
       cpu2_frt.obj                   623     73        0      
       rtm_cpu2_param.obj             485     4         2      
       cpu2_safety.obj                390     38        12     
       cpu2_logic.obj                 287     26        0      
       legacy_osc_protocol.obj        294     0         0      
       cpu2_monitor_transport.obj     120     154       0      
       cpu2_relay_control.obj         129     7         7      
       cpu2_main.obj                  33      0         0      
    +--+------------------------------+-------+---------+---------+
       Total:                         11741   1974      6027   
                                                               
    .\project\hybrid30k\rtm\generated\cpu2\
       cpu2_param_table.obj           0       1834      228    
    +--+------------------------------+-------+---------+---------+
       Total:                         0       1834      228    
                                                               
    .\project\hybrid30k\validation\dk9\cpu2\
       cpu2_dk9_mil_validation.obj    698     222       288    
       cpu2_validation.obj            251     56        94     
    +--+------------------------------+-------+---------+---------+
       Total:                         949     278       382    
                                                               
    .\ti\device\source\
       device.obj                     443     0         0      
       f28p65x_codestartbranch.obj    10      0         0      
    +--+------------------------------+-------+---------+---------+
       Total:                         453     0         0      
                                                               
    C:/Users/11981/Documents/Hybrid_Platform/.worktrees/dk9-mil-validation-cumulative-r2-20260901/third_party/ti/c2000ware-core-sdk/f28p65x/runtime/driverlib/f28p65x/driverlib/ccs/Debug/driverlib.lib
       can.obj                        576     151       0      
       dma.obj                        414     151       0      
       uart.obj                       208     152       0      
       ipc.obj                        15      68        272    
       interrupt.obj                  214     0         0      
       cputimer.obj                   42      80        0      
       sysctl.obj                     4       0         0      
    +--+------------------------------+-------+---------+---------+
       Total:                         1473    602       272    
                                                               
    D:\ccs21.0\ccs\tools\compiler\ti-cgt-c2000_25.11.1.LTS\lib\rts2800_fpu64_eabi.lib
       ll_div28.asm.obj               263     0         0      
       exit.c.obj                     41      0         6      
       copy_decompress_lzss.c.obj     46      0         0      
       autoinit.c.obj                 43      0         0      
       l_div28.asm.obj                42      0         0      
       memcpy.c.obj                   32      0         0      
       ll_cmp28.asm.obj               30      0         0      
       boot28.asm.obj                 25      0         0      
       ll_mpy28.asm.obj               20      0         0      
       memcmp.c.obj                   19      0         0      
       args_main.c.obj                18      0         0      
       _lock.c.obj                    9       0         4      
       copy_decompress_none.c.obj     8       0         0      
       memset.c.obj                   7       0         0      
       copy_zero_init.c.obj           6       0         0      
       pre_init.c.obj                 2       0         0      
       startup.c.obj                  1       0         0      
    +--+------------------------------+-------+---------+---------+
       Total:                         612     0         10     
                                                               
       Stack:                         0       0         1016   
       Linker Generated:              0       40        0      
    +--+------------------------------+-------+---------+---------+
       Grand Total:                   25194   6424      8812   


LINKER GENERATED COPY TABLES

__TI_cinit_table @ 000001ce records: 3, size/record: 4, table size: 12
	.data: load addr=000001b2, load size=0000000e bytes, run addr=0000bf32, run size=0000001f bytes, compression=lzss
	.bss: load addr=000001c6, load size=00000004 bytes, run addr=0000b000, run size=00000f32 bytes, compression=zero_init
	.freertosStaticStack: load addr=000001ca, load size=00000004 bytes, run addr=00008000, run size=00000c00 bytes, compression=zero_init


LINKER GENERATED HANDLER TABLE

__TI_handler_table @ 000001c0 records: 3, size/record: 2, table size: 6
	index: 0, handler: __TI_zero_init
	index: 1, handler: __TI_decompress_lzss
	index: 2, handler: __TI_decompress_none


GLOBAL DATA SYMBOLS: SORTED BY DATA PAGE

address     data page           name
--------    ----------------    ----
00000400      10 (00000400)     __stack

0000b6c0     2db (0000b6c0)     g_stCoreCommCpu2Watch

0000b914     2e4 (0000b900)     g_stCpu2RtosValidationCommMailbox

0000ba40     2e9 (0000ba40)     g_stCpu2RtosWatch

0000bb40     2ed (0000bb40)     g_stCpu2Dk9MilWatch

0000bd24     2f4 (0000bd00)     g_stCpu2ParamRuntimeIdentityWatch

0000bdca     2f7 (0000bdc0)     g_stCpu2ValidationCmd

0000be00     2f8 (0000be00)     g_stCpu2ValidationWatch

0000bf38     2fc (0000bf00)     pxCurrentTCB

0000bf40     2fd (0000bf40)     __TI_enable_exit_profile_output
0000bf42     2fd (0000bf40)     __TI_cleanup_ptr
0000bf44     2fd (0000bf40)     __TI_dtors_ptr
0000bf46     2fd (0000bf40)     bYield
0000bf47     2fd (0000bf40)     bPreemptive
0000bf48     2fd (0000bf40)     ulCriticalNesting
0000bf4a     2fd (0000bf40)     _lock
0000bf4c     2fd (0000bf40)     _unlock

0000bff7     2ff (0000bfc0)     g_uiCpu2MonitorVariableMapCount

00018000     600 (00018000)     g_stRtmCpu2ParamLocalTable

00018e8c     63a (00018e80)     g_astCpu2MonitorVariableMap

00018fb8     63e (00018f80)     g_stRtmParamInfo

00019468     651 (00019440)     g_uiRtmCpu2ParamLocalCount
00019469     651 (00019440)     g_uiRtmCpu2ParamOrderConstraintCount

000196ca     65b (000196c0)     IPC_Instance

0003a000     e80 (0003a000)     g_stCoreCommC1FastInstMsg

0003a040     e81 (0003a040)     g_stCoreCommC1SlowStsMsg

0003a094     e82 (0003a080)     g_stCoreCommC1State

0003a0c0     e83 (0003a0c0)     IPC_CPU1_To_CPU2_PutBuffer

0003a148     e85 (0003a140)     g_ulCoreCommBootInjectMask

0003b000     ec0 (0003b000)     IPC_CPU1_To_CPU2_GetBuffer

0003b088     ec2 (0003b080)     g_stCoreCommC2State

0003b0c0     ec3 (0003b0c0)     g_stCoreCommC2CmdMsg

0003b100     ec4 (0003b100)     g_stCoreCommC2ParamMsg


GLOBAL SYMBOLS: SORTED ALPHABETICALLY BY Name 

page  address   name                                   
----  -------   ----                                   
0     000159b8  BOARD_BootTimeUs_Get                   
0     0001472b  BOARD_BootTimebase_Start               
0     000197b8  BOARD_DelayUs                          
0     00015694  BOARD_Device_Init                      
0     00015867  BOARD_Dma_Init                         
0     00015aa6  BOARD_GlobalInt_Disable                
0     00015a2a  BOARD_GlobalInt_Enable                 
0     000159ee  BOARD_Interrupt_Init                   
0     00015a2e  BOARD_PieGroup1_Ack                    
0     00009f53  BOARD_RelayDomain_Disable              
0     000159f3  BOARD_Runtime_Init                     
0     00014929  BOARD_TimebaseInfo_Get                 
0     000096a0  BOARD_UartB_Backend_Init               
0     00015a32  BOARD_UartB_RxConsumedWords_Get        
0     00015a36  BOARD_UartB_RxDmaEventCount_Get        
0     00015a3a  BOARD_UartB_RxDmaOverrunCount_Get      
0     00014c40  BOARD_UartB_RxPending_Get              
0     00015a3e  BOARD_UartB_RxPollKickCount_Get        
0     00015a42  BOARD_UartB_RxRingOverflowCount_Get    
0     00009f54  BOARD_UartB_RxTake                     
0     00015a46  BOARD_UartB_RxUartErrorCount_Get       
0     00015a4a  BOARD_UartB_TxBusyCount_Get            
0     00015a4e  BOARD_UartB_TxCompleteCount_Get        
0     00015a52  BOARD_UartB_TxDropCount_Get            
0     0000ac8e  BOARD_UartB_TxSubmit                   
0     00015a56  BOARD_UartB_TxSubmitCount_Get          
0     00015987  BOOTSYNC_Cpu2_MarkAppInitOk            
0     000158e9  BOOTSYNC_Cpu2_MarkReady                
0     0000acde  BOOTSYNC_Cpu2_WaitCpu1Release          
0     0001583f  BSW_CoreErr_GetLastError               
0     00014c5c  BSW_CoreErr_Init                       
0     000157bb  BSW_CoreErr_SetLastError               
0     00014347  BSW_StateMachine_Init                  
0     0000ae1c  BSW_StateMachine_Run                   
0     000159f3  Board_init                             
0     00014663  C$$EXIT                                
0     0000a1ac  CAN_readMessage                        
0     00019b0d  CAN_readMessageWithID                  
0     00009d1f  CAN_sendMessage                        
0     000177cb  CAN_setupMessageObject                 
0     00009140  COREMSG_Access_Command_WriteShared     
0     0000a937  COREMSG_Access_FastInstant_Copy        
0     0000a98e  COREMSG_Access_FastInstant_ReadShared  
0     000155fb  COREMSG_Access_Identity_Copy           
0     00015609  COREMSG_Access_Identity_WriteShared    
0     0001742b  COREMSG_Access_Parameter_WriteShared   
0     000156ef  COREMSG_Access_Sequence_IsNewer        
0     00015617  COREMSG_Access_Sequence_PublishBegin   
0     00014ea3  COREMSG_Access_SlowStatus_Copy         
0     00014ebb  COREMSG_Access_SlowStatus_ReadShared   
0     00014a36  COREMSG_CommandCpu2_InitBaseline       
0     00014ce7  COREMSG_CommandCpu2_Publish            
0     00014a36  COREMSG_CommandCpu2_ResetEndpoint      
0     0001946a  COREMSG_FastInstantCpu2_CheckTimeout   
0     000156fb  COREMSG_FastInstantCpu2_GetDiag        
0     00015707  COREMSG_FastInstantCpu2_Init           
0     000159f8  COREMSG_FastInstantCpu2_Rebaseline     
0     0000a071  COREMSG_FastInstantCpu2_Receive        
0     000140dd  COREMSG_ParameterCpu2_Init             
0     000143a7  COREMSG_ParameterCpu2_Publish          
0     00014b34  COREMSG_SlowStatusCpu2_CheckTimeout    
0     00015713  COREMSG_SlowStatusCpu2_GetDiag         
0     00015a5a  COREMSG_SlowStatusCpu2_GetPublishedSeq 
0     00015625  COREMSG_SlowStatusCpu2_Init            
0     000159fd  COREMSG_SlowStatusCpu2_Rebaseline      
0     00009c36  COREMSG_SlowStatusCpu2_Receive         
0     000159be  CORESTATE_Cpu2_ClearFault              
0     0001598e  CORESTATE_Cpu2_ClearReady              
0     00015a5e  CORESTATE_Cpu2_GetBootInjectMask       
0     00015a62  CORESTATE_Cpu2_GetBootStep             
0     00015a66  CORESTATE_Cpu2_GetCpu1BootEpoch        
0     00015995  CORESTATE_Cpu2_GetCpu1FaultFlags       
0     00015687  CORESTATE_Cpu2_Init                    
0     0001591f  CORESTATE_Cpu2_IsCpu1StatePresent      
0     000159c4  CORESTATE_Cpu2_LogicAliveIncrement     
0     00015849  CORESTATE_Cpu2_SetAppInitOk            
0     00015a02  CORESTATE_Cpu2_SetBootState            
0     00015a07  CORESTATE_Cpu2_SetFault                
0     000158e9  CORESTATE_Cpu2_SetReady                
0     0001571f  CORESTATE_Cpu2_ValidateCpu1Abi         
0     000198dc  CPU2_Calc_DiagGet                      
0     00014d02  CPU2_Calc_Init                         
0     0001468c  CPU2_Calc_InvRmsResultGet              
0     0001752b  CPU2_Calc_InvRmsRun1ms                 
0     000157c6  CPU2_Calc_Reset                        
0     00014113  CPU2_Calc_ResultGet                    
0     0001487a  CPU2_Calc_RmsWindowSet                 
0     0001668b  CPU2_Calc_Run1ms                       
0     000157d1  CPU2_CoreComm_AppInitOk_Set            
0     000158e9  CPU2_CoreComm_BootReady_Set            
0     00015a02  CPU2_CoreComm_BootState_Set            
0     000159ca  CPU2_CoreComm_CommandEndpoint_Reset    
0     0000972d  CPU2_CoreComm_FastExchange_Isr         
0     000097b4  CPU2_CoreComm_FastRawBlock_Capture     
0     00019a41  CPU2_CoreComm_FastRawBlock_Take        
0     00015a07  CPU2_CoreComm_Fault_Set                
0     000099cd  CPU2_CoreComm_Init                     
0     000159c4  CPU2_CoreComm_LogicAlive_Increment     
0     00009b46  CPU2_CoreComm_MeasurementDiag_Update   
0     0001463a  CPU2_CoreComm_MonitorSnapshot_Copy     
0     00015361  CPU2_CoreComm_ParamEndpoint_Init       
0     00015292  CPU2_CoreComm_Param_Publish            
0     00015853  CPU2_CoreComm_PeerBlocked_Get          
0     00015995  CPU2_CoreComm_PeerFaultFlags_Get       
0     0001450e  CPU2_CoreComm_Publish                  
0     00015a0c  CPU2_CoreComm_RuntimeDiag_MarkRunning  
0     00015aa9  CPU2_CoreComm_RxStatus_Get             
0     00009452  CPU2_CoreComm_RxStatus_Run             
0     0001526c  CPU2_CoreComm_SlowStatusTimeout_Get    
0     00015a5a  CPU2_CoreComm_SlowStsSeq_Get           
0     00015a6a  CPU2_CoreComm_TickMs_Get               
0     00009e03  CPU2_CoreComm_Update                   
0     0001533d  CPU2_CoreComm_WaitCpu1Release          
0     0000a9e5  CPU2_Dk9Mil_Can_Tx                     
0     0000a0da  CPU2_Dk9Mil_Init                       
0     000141e6  CPU2_Dk9Mil_LogicShadow_Update         
0     00014ed3  CPU2_Dk9Mil_Run1ms                     
0     00009fc1  CPU2_Dk9Mil_Spi_Transfer               
0     00019fd4  CPU2_Dk9Mil_UartA_Tx                   
0     0001572b  CPU2_Frt_Init                          
0     00015aac  CPU2_Frt_Reset                         
0     000176f0  CPU2_Frt_Run1ms                        
0     00015403  CPU2_LegacyOsc_Checksum                
0     0000aaea  CPU2_LegacyOsc_FrameEncode             
0     000157dc  CPU2_LegacyOsc_Parser_Init             
0     0000983b  CPU2_LegacyOsc_Parser_Push             
0     00015414  CPU2_Logic_Init                        
0     0001496d  CPU2_Logic_InputBuildWithPermissions   
0     0000927d  CPU2_Logic_Run1ms                      
0     000150e5  CPU2_MonitorBackend_Init               
0     00015425  CPU2_MonitorBackend_RxByte             
0     00009fff  CPU2_MonitorBackend_TxDone             
0     000147c3  CPU2_MonitorParam_Read                 
0     00015524  CPU2_MonitorTransport_Init             
0     000142e5  CPU2_MonitorTransport_RxDrain          
0     0001599c  CPU2_MonitorTransport_RxPoll1ms        
0     00015436  CPU2_MonitorTransport_TxSubmit         
0     00015447  CPU2_Param_ActiveImage_Get             
0     0000a212  CPU2_Param_Boot_Init                   
0     00015a6e  CPU2_Param_FaultFlags_Get              
0     00016cf4  CPU2_Param_FrtView_Get                 
0     000098c1  CPU2_Param_Init                        
0     0001534f  CPU2_Param_IsApplied                   
[...]
0     0000ac3d  xTaskDelayUntil                        
0     00015679  xTaskGetIdleTaskHandle                 
0     00015834  xTaskGetTickCount                      
0     000093b7  xTaskIncrementTick                     
0     00009a4c  xTaskRemoveFromEventList               
0     00017e5b  xTaskResumeAll                         


GLOBAL SYMBOLS: SORTED BY Symbol Address 

page  address   name                                   
----  -------   ----                                   
0     00000000  code_start                             
0     000001c0  __TI_Handler_Table_Base                
0     000001c6  __TI_Handler_Table_Limit               
0     000001ce  __TI_CINIT_Base                        
0     000001da  __TI_CINIT_Limit                       
0     000001da  __TI_CINIT_Warm                        
0     00000400  __stack                                
0     000007f8  __TI_STACK_END                         
0     00009140  COREMSG_Access_Command_WriteShared     
0     0000927d  CPU2_Logic_Run1ms                      
0     0000931a  DMA_configMode                         
0     000093b7  xTaskIncrementTick                     
0     00009452  CPU2_CoreComm_RxStatus_Run             
0     000096a0  BOARD_UartB_Backend_Init               
0     0000972d  CPU2_CoreComm_FastExchange_Isr         
0     000097b4  CPU2_CoreComm_FastRawBlock_Capture     
0     0000983b  CPU2_LegacyOsc_Parser_Push             
0     000098c1  CPU2_Param_Init                        
0     00009947  CPU2_Safety_Run1ms                     
0     000099cd  CPU2_CoreComm_Init                     
0     00009a4c  xTaskRemoveFromEventList               
0     00009aca  CPU2_Product_FaultTask_Run             
0     00009b46  CPU2_CoreComm_MeasurementDiag_Update   
0     00009c36  COREMSG_SlowStatusCpu2_Receive         
0     00009d1f  CAN_sendMessage                        
0     00009d91  CPU2_Product_EmsTask_Run               
0     00009e03  CPU2_CoreComm_Update                   
0     00009e74  LOGIC_Frt_ConfigValidate               
0     00009ee4  prvBOARD_UartB_Isr                     
0     00009f53  BOARD_RelayDomain_Disable              
0     00009f54  BOARD_UartB_RxTake                     
0     00009fc1  CPU2_Dk9Mil_Spi_Transfer               
0     00009fff  CPU2_MonitorBackend_TxDone             
0     0000a000  SysCtl_delay                           
0     0000a004  xQueueGenericReset                     
0     0000a071  COREMSG_FastInstantCpu2_Receive        
0     0000a0da  CPU2_Dk9Mil_Init                       
0     0000a1ac  CAN_readMessage                        
0     0000a212  CPU2_Param_Boot_Init                   
0     0000a2de  CPU2_Param_Run1ms                      
0     0000a344  CPU2_Rtos_Init                         
0     0000a3a9  xQueueGenericSendFromISR               
0     0000a5f6  CTRL_VoltRms_Run                       
0     0000a6b2  UART_setConfig                         
0     0000a76c  pxPortInitialiseStack                  
0     0000a937  COREMSG_Access_FastInstant_Copy        
0     0000a98e  COREMSG_Access_FastInstant_ReadShared  
0     0000a9e5  CPU2_Dk9Mil_Can_Tx                     
0     0000aa3c  CPU2_Validation_Watch_Publish          
0     0000aa93  prvBOARD_UartB_TxDmaIsr                
0     0000aaea  CPU2_LegacyOsc_FrameEncode             
0     0000ab95  vTaskSwitchContext                     
0     0000ac3d  xTaskDelayUntil                        
0     0000ac8e  BOARD_UartB_TxSubmit                   
0     0000acde  BOOTSYNC_Cpu2_WaitCpu1Release          
0     0000ad7e  CPU2_Param_MeasView_Get                
0     0000ae1c  BSW_StateMachine_Run                   
0     0000af01  RTM_Cpu2Param_Init                     
0     0000afe1  CPU2_Rtos_Critical_Exit                
0     0000b6c0  g_stCoreCommCpu2Watch                  
0     0000b914  g_stCpu2RtosValidationCommMailbox      
0     0000ba40  g_stCpu2RtosWatch                      
0     0000bb40  g_stCpu2Dk9MilWatch                    
0     0000bd24  g_stCpu2ParamRuntimeIdentityWatch      
0     0000bdca  g_stCpu2ValidationCmd                  
0     0000be00  g_stCpu2ValidationWatch                
0     0000bf38  pxCurrentTCB                           
0     0000bf40  __TI_enable_exit_profile_output        
0     0000bf42  __TI_cleanup_ptr                       
0     0000bf44  __TI_dtors_ptr                         
0     0000bf46  bYield                                 
0     0000bf47  bPreemptive                            
0     0000bf48  ulCriticalNesting                      
0     0000bf4a  _lock                                  
0     0000bf4c  _unlock                                
0     0000bff7  g_uiCpu2MonitorVariableMapCount        
0     00014038  DMA_configBurst                        
0     0001406f  Interrupt_enable                       
0     000140dd  COREMSG_ParameterCpu2_Init             
0     00014113  CPU2_Calc_ResultGet                    
0     00014148  LOGIC_StateMachine_Run                 
0     000141e6  CPU2_Dk9Mil_LogicShadow_Update         
0     00014219  CPU2_Rtos_CommEvent_PostRxReadyFromTask
0     0001424c  CPU2_Validation_Init                   
0     000142e5  CPU2_MonitorTransport_RxDrain          
0     00014347  BSW_StateMachine_Init                  
0     00014377  CPU2_Rtos_CommEvent_PostFromIsr        
0     000143a7  COREMSG_ParameterCpu2_Publish          
0     000143d5  __TI_decompress_lzss                   
0     00014431  CPU2_Rtos_IpcWindow_Commit             
0     0001445e  CPU2_Safety_StartupFail_Stop           
0     0001448a  CTRL_VoltRms_Init                      
0     0001450e  CPU2_CoreComm_Publish                  
0     00014539  RTM_Cpu2Param_Read                     
0     00014564  UTILS_Math_SqrtU32                     
0     0001458f  __TI_auto_init_nobinit_nopinit         
0     00014610  __c28xabi_divl                         
0     0001461f  __c28xabi_modl                         
0     0001462d  __c28xabi_divul                        
0     00014634  __c28xabi_modul                        
0     0001463a  CPU2_CoreComm_MonitorSnapshot_Copy     
0     00014663  C$$EXIT                                
0     00014663  abort                                  
0     00014665  exit                                   
0     0001468c  CPU2_Calc_InvRmsResultGet              
0     0001472b  BOARD_BootTimebase_Start               
0     000147c3  CPU2_MonitorParam_Read                 
0     000147e8  DMA_configAddresses                    
0     0001487a  CPU2_Calc_RmsWindowSet                 
0     0001489d  CPU2_Rtos_IpcIsrLoad_Update            
0     000148e3  LOGIC_Frt_Reset                        
0     00014929  BOARD_TimebaseInfo_Get                 
0     0001496d  CPU2_Logic_InputBuildWithPermissions   
0     000149d3  CPU2_Product_MonitorLocal_Read         
0     000149f4  UTILS_Math_ClampI64ToI32               
0     00014a15  main                                   
0     00014a36  COREMSG_CommandCpu2_InitBaseline       
0     00014a36  COREMSG_CommandCpu2_ResetEndpoint      
0     00014a78  LOGIC_StateMachine_Init                
0     00014a98  memcpy                                 
0     00014ab8  CTRL_VoltRms_SetConfig                 
0     00014b15  vTaskStartScheduler                    
0     00014b34  COREMSG_SlowStatusCpu2_CheckTimeout    
0     00014b52  CPU2_RelayControl_Run1ms               
0     00014b70  IPC_Port_Timeout_IsExpired             
0     00014b8e  Interrupt_initVectorTable              
0     00014bac  LOGIC_Frt_Init                         
0     00014be8  __c28xabi_cmpll                        
0     00014bfa  __c28xabi_cmpull                       
0     00014c40  BOARD_UartB_RxPending_Get              
0     00014c5c  BSW_CoreErr_Init                       
0     00014ce7  COREMSG_CommandCpu2_Publish            
0     00014d02  CPU2_Calc_Init                         
0     00014d38  UART_writeCharNonBlocking              
0     00014da4  vListInsert                            
0     00014dbf  vTaskPlaceOnEventList                  
0     00014df4  CPU2_RelayControl_Request              
0     00014e8a  _c_int00                               
0     00014ea3  COREMSG_Access_SlowStatus_Copy         
0     00014ebb  COREMSG_Access_SlowStatus_ReadShared   
0     00014ed3  CPU2_Dk9Mil_Run1ms                     
0     00014eeb  CPU2_Safety_ParamFail_Apply            
0     00014f03  CPU2_Validation_LogicAlive_CanPublish  
0     00014fab  CPU2_Param_RatedView_Get               
0     00015035  CPU2_RelayControl_Init                 
0     0001504b  CPU2_Rtos_Critical_Enter               
0     00015061  Interrupt_defaultHandler               
0     000150b9  uxTaskGetStackHighWaterMark            
0     000150cf  xTaskCreateStatic                      
0     000150e5  CPU2_MonitorBackend_Init               
0     00015258  __c28xabi_mpyll                        
0     0001526c  CPU2_CoreComm_SlowStatusTimeout_Get    
0     0001527f  CPUTimer_setEmulationMode              
0     00015292  CPU2_CoreComm_Param_Publish            
0     00015292  PARAMBIND_Cpu2_Publish                 
0     000152a5  RTM_Cpu2Param_Metadata_Get             
0     0001532a  memcmp                                 
0     0001533d  CPU2_CoreComm_WaitCpu1Release          
0     0001534f  CPU2_Param_IsApplied                   
0     00015361  CPU2_CoreComm_ParamEndpoint_Init       
0     00015361  PARAMBIND_Cpu2_Init                    
0     000153f1  _args_main                             
0     00015403  CPU2_LegacyOsc_Checksum                
0     00015414  CPU2_Logic_Init                        
0     00015425  CPU2_MonitorBackend_RxByte             
0     00015436  CPU2_MonitorTransport_TxSubmit         
0     00015447  CPU2_Param_ActiveImage_Get             
0     00015458  UTILS_Rms_Calc                         
0     00015513  uxListRemove                           
0     00015524  CPU2_MonitorTransport_Init             
0     00015564  xPortStartScheduler                    
0     00015574  CPU2_Product_ControlInput_Set          
0     00015583  CPU2_Safety_FaultClear_Published       
0     000155fb  COREMSG_Access_Identity_Copy           
0     00015609  COREMSG_Access_Identity_WriteShared    
0     00015617  COREMSG_Access_Sequence_PublishBegin   
0     00015625  COREMSG_SlowStatusCpu2_Init            
0     00015633  CPU2_Param_IsValid                     
0     00015641  IPC_Port_AbortTx                       
0     0001564f  IPC_Port_Ack                           
0     00015679  xTaskGetIdleTaskHandle                 
0     00015687  CORESTATE_Cpu2_Init                    
0     00015694  BOARD_Device_Init                      
0     00015694  Device_init                            
0     000156ef  COREMSG_Access_Sequence_IsNewer        
0     000156fb  COREMSG_FastInstantCpu2_GetDiag        
0     00015707  COREMSG_FastInstantCpu2_Init           
0     00015713  COREMSG_SlowStatusCpu2_GetDiag         
0     0001571f  CORESTATE_Cpu2_ValidateCpu1Abi         
0     0001572b  CPU2_Frt_Init                          
0     00015737  CPU2_RelayControl_Command_IsAllowed    
0     00015743  CPU2_Safety_CtrlFault_Latch            
0     0001574f  CPU2_Safety_Init                       
0     0001575b  INTERRUPT_init                         
0     000157af  vPortSetupSWInterrupt                  
0     000157bb  BSW_CoreErr_SetLastError               
0     000157c6  CPU2_Calc_Reset                        
0     000157d1  CPU2_CoreComm_AppInitOk_Set            
0     000157dc  CPU2_LegacyOsc_Parser_Init             
0     000157e7  UTILS_Pi_Run                           
0     00015829  vListInitialise                        
0     00015834  xTaskGetTickCount                      
0     0001583f  BSW_CoreErr_GetLastError               
0     00015849  CORESTATE_Cpu2_SetAppInitOk            
0     00015853  CPU2_CoreComm_PeerBlocked_Get          
0     0001585d  CPU2_Rtos_AssertFailure_Stop           
0     00015867  BOARD_Dma_Init                         
0     00015871  Interrupt_illegalOperationHandler      
0     0001587b  Interrupt_nmiHandler                   
0     000158d5  vApplicationGetIdleTaskMemory          
0     000158df  vPortExitCritical                      
0     000158e9  BOOTSYNC_Cpu2_MarkReady                
0     000158e9  CORESTATE_Cpu2_SetReady                
0     000158e9  CPU2_CoreComm_BootReady_Set            
0     000158f2  CPU2_Rtos_StartScheduler               
0     000158fb  IPC_Port_TimeUs_Get                    
0     00015916  _register_unlock                       
0     0001591a  _register_lock                         
0     0001591e  _nop                                   
0     0001591f  CORESTATE_Cpu2_IsCpu1StatePresent      
0     00015927  CPU2_Rtos_CommEvent_RxReadyConsumed    
0     0001592f  __TI_decompress_none                   
0     00015977  vPortEnterCritical                     
0     0001597f  vTaskInternalSetTimeOutState           
0     00015987  BOOTSYNC_Cpu2_MarkAppInitOk            
0     0001598e  CORESTATE_Cpu2_ClearReady              
0     00015995  CORESTATE_Cpu2_GetCpu1FaultFlags       
0     00015995  CPU2_CoreComm_PeerFaultFlags_Get       
0     0001599c  CPU2_MonitorTransport_RxPoll1ms        
0     000159aa  memset                                 
0     000159b1  vApplicationStackOverflowHook          
0     000159b8  BOARD_BootTimeUs_Get                   
0     000159be  CORESTATE_Cpu2_ClearFault              
0     000159c4  CORESTATE_Cpu2_LogicAliveIncrement     
0     000159c4  CPU2_CoreComm_LogicAlive_Increment     
0     000159ca  CPU2_CoreComm_CommandEndpoint_Reset    
0     000159d0  CPU2_Safety_LogicFault_Get             
0     000159d6  __TI_zero_init                         
0     000159ee  BOARD_Interrupt_Init                   
0     000159f3  BOARD_Runtime_Init                     
0     000159f3  Board_init                             
0     000159f8  COREMSG_FastInstantCpu2_Rebaseline     
0     000159fd  COREMSG_SlowStatusCpu2_Rebaseline      
0     00015a02  CORESTATE_Cpu2_SetBootState            
0     00015a02  CPU2_CoreComm_BootState_Set            
0     00015a07  CORESTATE_Cpu2_SetFault                
0     00015a07  CPU2_CoreComm_Fault_Set                
0     00015a0c  CPU2_CoreComm_RuntimeDiag_MarkRunning  
0     00015a11  CTRL_VoltRms_Reset                     
0     00015a25  vTaskMissedYield                       
0     00015a2a  BOARD_GlobalInt_Enable                 
0     00015a2e  BOARD_PieGroup1_Ack                    
0     00015a32  BOARD_UartB_RxConsumedWords_Get        
0     00015a36  BOARD_UartB_RxDmaEventCount_Get        
0     00015a3a  BOARD_UartB_RxDmaOverrunCount_Get      
0     00015a3e  BOARD_UartB_RxPollKickCount_Get        
0     00015a42  BOARD_UartB_RxRingOverflowCount_Get    
0     00015a46  BOARD_UartB_RxUartErrorCount_Get       
0     00015a4a  BOARD_UartB_TxBusyCount_Get            
0     00015a4e  BOARD_UartB_TxCompleteCount_Get        
0     00015a52  BOARD_UartB_TxDropCount_Get            
0     00015a56  BOARD_UartB_TxSubmitCount_Get          
0     00015a5a  COREMSG_SlowStatusCpu2_GetPublishedSeq 
0     00015a5a  CPU2_CoreComm_SlowStsSeq_Get           
0     00015a5e  CORESTATE_Cpu2_GetBootInjectMask       
0     00015a62  CORESTATE_Cpu2_GetBootStep             
0     00015a66  CORESTATE_Cpu2_GetCpu1BootEpoch        
0     00015a6a  CPU2_CoreComm_TickMs_Get               
0     00015a6e  CPU2_Param_FaultFlags_Get              
0     00015a72  CPU2_RelayControl_CurrentPath_Get      
0     00015a76  CPU2_RelayControl_Fault_Get            
0     00015a7a  CPU2_RelayControl_State_Get            
0     00015a7e  CPU2_Safety_CtrlBlocked_Get            
0     00015a82  CPU2_Safety_FaultClear_Prepare         
0     00015a86  IPC_Port_Timebase_Set                  
0     00015a8a  RTM_Cpu2Param_Version_Get              
0     00015a9a  uxTaskGetNumberOfTasks                 
0     00015a9e  vListInitialiseItem                    
0     00015aa2  vTaskSuspendAll                        
0     00015aa6  BOARD_GlobalInt_Disable                
0     00015aa9  CPU2_CoreComm_RxStatus_Get             
0     00015aac  CPU2_Frt_Reset                         
0     00015aaf  UTILS_Math_SquareI16                   
0     00015ab2  UTILS_Pi_Reset                         
0     00015ab5  __error__                              
0     00015abd  _system_pre_init                       
0     00015abf  _system_post_cinit                     
0     00016000  CPU2_Product_Run1ms                    
0     0001668b  CPU2_Calc_Run1ms                       
0     0001684e  LOGIC_Frt_Run1ms                       
0     000169fa  Device_enableAllPeripherals            
0     00016cf4  CPU2_Param_FrtView_Get                 
0     00016e4a  CPU2_Param_OffgridCtrlView_Get         
0     00017324  __c28xabi_divll                        
0     00017360  __c28xabi_modll                        
0     0001739a  __c28xabi_divull                       
0     000173c9  __c28xabi_modull                       
0     0001742b  COREMSG_Access_Parameter_WriteShared   
0     0001752b  CPU2_Calc_InvRmsRun1ms                 
0     000176f0  CPU2_Frt_Run1ms                        
0     000177cb  CAN_setupMessageObject                 
0     000178a3  CPU2_Product_Init                      
0     00017afd  xQueueGenericSend                      
0     00017c60  getSTF                                 
0     00017c64  portRESTORE_FIRST_CONTEXT              
0     00017c6f  portTICK_ISR                           
0     00017d0f  prvBOARD_UartB_RxDmaIsr                
0     00017db5  xQueueReceive                          
0     00017e5b  xTaskResumeAll                         
0     00018000  g_stRtmCpu2ParamLocalTable             
0     00018e8c  g_astCpu2MonitorVariableMap            
0     00018fb8  g_stRtmParamInfo                       
0     00019468  g_uiRtmCpu2ParamLocalCount             
0     00019469  g_uiRtmCpu2ParamOrderConstraintCount   
0     0001946a  COREMSG_FastInstantCpu2_CheckTimeout   
0     000196ca  IPC_Instance                           
0     0001970e  LOGIC_Frt_ConfigApply                  
0     000197b8  BOARD_DelayUs                          
0     00019801  CPU2_Validation_ControlCommand_Take    
0     000198dc  CPU2_Calc_DiagGet                      
0     000199fb  DMA_configWrap                         
0     00019a41  CPU2_CoreComm_FastRawBlock_Take        
0     00019a85  UTILS_Pi_RunError                      
0     00019b0d  CAN_readMessageWithID                  
0     00019c18  xQueueGenericCreateStatic              
0     00019c99  CPU2_Rtos_CommEvent_PostRxReadyFromIsr 
0     00019cd7  vPortSetupTimerInterrupt               
0     00019d15  Interrupt_initModule                   
0     00019d52  DMA_configTransfer                     
0     00019e06  CPU2_Safety_FaultClear_AppliedTake     
0     00019e7c  xTaskCheckForTimeOut                   
0     00019ef1  IPC_Port_SyncWithTimeout               
0     00019f9c  CPU2_Safety_Command_Apply              
0     00019fd4  CPU2_Dk9Mil_UartA_Tx                   
0     0003a000  g_stCoreCommC1FastInstMsg              
0     0003a040  g_stCoreCommC1SlowStsMsg               
0     0003a094  g_stCoreCommC1State                    
0     0003a0c0  IPC_CPU1_To_CPU2_PutBuffer             
0     0003a148  g_ulCoreCommBootInjectMask             
0     0003b000  IPC_CPU1_To_CPU2_GetBuffer             
0     0003b088  g_stCoreCommC2State                    
0     0003b0c0  g_stCoreCommC2CmdMsg                   
0     0003b100  g_stCoreCommC2ParamMsg                 
abs   000003f8  __TI_STACK_SIZE                        
abs   ffffffff  __TI_pprof_out_hndl                    
abs   ffffffff  __TI_prof_data_size                    
abs   ffffffff  __TI_prof_data_start                   
abs   ffffffff  __c_args__                             

[348 symbols]
